[0.120s] DEBUG:colcon:Command line arguments: ['/usr/bin/colcon', 'build']
[0.120s] DEBUG:colcon:Parsed command line arguments: Namespace(log_base=None, log_level=None, verb_name='build', build_base='build', install_base='install', merge_install=False, symlink_install=False, test_result_base=None, continue_on_error=False, executor='parallel', parallel_workers=8, event_handlers=None, ignore_user_meta=False, metas=['./colcon.meta'], base_paths=['.'], packages_ignore=None, packages_ignore_regex=None, paths=None, packages_up_to=None, packages_up_to_regex=None, packages_above=None, packages_above_and_dependencies=None, packages_above_depth=None, packages_select_by_dep=None, packages_skip_by_dep=None, packages_skip_up_to=None, packages_select_build_failed=False, packages_skip_build_finished=False, packages_select_test_failures=False, packages_skip_test_passed=False, packages_select=None, packages_skip=None, packages_select_regex=None, packages_skip_regex=None, packages_start=None, packages_end=None, allow_overriding=[], cmake_args=None, cmake_target=None, cmake_target_skip_unavailable=False, cmake_clean_cache=False, cmake_clean_first=False, cmake_force_configure=False, ament_cmake_args=None, catkin_cmake_args=None, catkin_skip_building_tests=False, mixin_files=None, mixin=None, verb_parser=<colcon_mixin.mixin.mixin_argument.MixinArgumentDecorator object at 0x7269f672a440>, verb_extension=<colcon_core.verb.build.BuildVerb object at 0x7269f6729a20>, main=<bound method BuildVerb.main of <colcon_core.verb.build.BuildVerb object at 0x7269f6729a20>>, mixin_verb=('build',))
[0.305s] Level 1:colcon.colcon_core.package_discovery:discover_packages(colcon_meta) check parameters
[0.305s] Level 1:colcon.colcon_core.package_discovery:discover_packages(recursive) check parameters
[0.305s] Level 1:colcon.colcon_core.package_discovery:discover_packages(ignore) check parameters
[0.305s] Level 1:colcon.colcon_core.package_discovery:discover_packages(path) check parameters
[0.305s] Level 1:colcon.colcon_core.package_discovery:discover_packages(colcon_meta) discover
[0.305s] Level 1:colcon.colcon_core.package_discovery:discover_packages(recursive) discover
[0.305s] INFO:colcon.colcon_core.package_discovery:Crawling recursively for packages in '/home/student/RoboticsStudio1/src/41068_ignition_bringup'
[0.305s] Level 1:colcon.colcon_core.package_identification:_identify(.) by extensions ['ignore', 'ignore_ament_install']
[0.305s] Level 1:colcon.colcon_core.package_identification:_identify(.) by extension 'ignore'
[0.305s] Level 1:colcon.colcon_core.package_identification:_identify(.) by extension 'ignore_ament_install'
[0.305s] Level 1:colcon.colcon_core.package_identification:_identify(.) by extensions ['colcon_pkg']
[0.305s] Level 1:colcon.colcon_core.package_identification:_identify(.) by extension 'colcon_pkg'
[0.306s] Level 1:colcon.colcon_core.package_identification:_identify(.) by extensions ['colcon_meta']
[0.306s] Level 1:colcon.colcon_core.package_identification:_identify(.) by extension 'colcon_meta'
[0.306s] Level 1:colcon.colcon_core.package_identification:_identify(.) by extensions ['ros']
[0.306s] Level 1:colcon.colcon_core.package_identification:_identify(.) by extension 'ros'
[0.319s] DEBUG:colcon.colcon_core.package_identification:Package '.' with type 'ros.ament_cmake' and name '41068_ignition_bringup'
[0.320s] Level 1:colcon.colcon_core.package_discovery:discover_packages(recursive) using defaults
[0.320s] Level 1:colcon.colcon_core.package_discovery:discover_packages(ignore) discover
[0.320s] Level 1:colcon.colcon_core.package_discovery:discover_packages(ignore) using defaults
[0.320s] Level 1:colcon.colcon_core.package_discovery:discover_packages(path) discover
[0.320s] Level 1:colcon.colcon_core.package_discovery:discover_packages(path) using defaults
[0.361s] Level 1:colcon.colcon_core.package_discovery:discover_packages(prefix_path) check parameters
[0.361s] Level 1:colcon.colcon_core.package_discovery:discover_packages(prefix_path) discover
[0.363s] DEBUG:colcon.colcon_installed_package_information.package_discovery:Found 0 installed packages in /home/student/ros2_ws/install
[0.365s] DEBUG:colcon.colcon_installed_package_information.package_discovery:Found 426 installed packages in /opt/ros/humble
[0.368s] Level 1:colcon.colcon_core.package_discovery:discover_packages(prefix_path) using defaults
[0.419s] Level 5:colcon.colcon_core.verb:set package '41068_ignition_bringup' build argument 'cmake_args' from command line to 'None'
[0.420s] Level 5:colcon.colcon_core.verb:set package '41068_ignition_bringup' build argument 'cmake_target' from command line to 'None'
[0.420s] Level 5:colcon.colcon_core.verb:set package '41068_ignition_bringup' build argument 'cmake_target_skip_unavailable' from command line to 'False'
[0.420s] Level 5:colcon.colcon_core.verb:set package '41068_ignition_bringup' build argument 'cmake_clean_cache' from command line to 'False'
[0.420s] Level 5:colcon.colcon_core.verb:set package '41068_ignition_bringup' build argument 'cmake_clean_first' from command line to 'False'
[0.420s] Level 5:colcon.colcon_core.verb:set package '41068_ignition_bringup' build argument 'cmake_force_configure' from command line to 'False'
[0.420s] Level 5:colcon.colcon_core.verb:set package '41068_ignition_bringup' build argument 'ament_cmake_args' from command line to 'None'
[0.420s] Level 5:colcon.colcon_core.verb:set package '41068_ignition_bringup' build argument 'catkin_cmake_args' from command line to 'None'
[0.420s] Level 5:colcon.colcon_core.verb:set package '41068_ignition_bringup' build argument 'catkin_skip_building_tests' from command line to 'False'
[0.420s] DEBUG:colcon.colcon_core.verb:Building package '41068_ignition_bringup' with the following arguments: {'ament_cmake_args': None, 'build_base': '/home/student/RoboticsStudio1/src/41068_ignition_bringup/build/41068_ignition_bringup', 'catkin_cmake_args': None, 'catkin_skip_building_tests': False, 'cmake_args': None, 'cmake_clean_cache': False, 'cmake_clean_first': False, 'cmake_force_configure': False, 'cmake_target': None, 'cmake_target_skip_unavailable': False, 'install_base': '/home/student/RoboticsStudio1/src/41068_ignition_bringup/install/41068_ignition_bringup', 'merge_install': False, 'path': '/home/student/RoboticsStudio1/src/41068_ignition_bringup', 'symlink_install': False, 'test_result_base': None}
[0.420s] INFO:colcon.colcon_core.executor:Executing jobs using 'parallel' executor
[0.421s] DEBUG:colcon.colcon_parallel_executor.executor.parallel:run_until_complete
[0.422s] INFO:colcon.colcon_ros.task.ament_cmake.build:Building ROS package in '/home/student/RoboticsStudio1/src/41068_ignition_bringup' with build type 'ament_cmake'
[0.422s] INFO:colcon.colcon_cmake.task.cmake.build:Building CMake package in '/home/student/RoboticsStudio1/src/41068_ignition_bringup'
[0.424s] INFO:colcon.colcon_core.plugin_system:Skipping extension 'colcon_core.shell.bat': Not used on non-Windows systems
[0.424s] INFO:colcon.colcon_core.shell:Skip shell extension 'powershell' for command environment: Not usable outside of PowerShell
[0.424s] DEBUG:colcon.colcon_core.shell:Skip shell extension 'dsv' for command environment
[0.435s] DEBUG:colcon.colcon_core.event_handler.log_command:Invoking command in '/home/student/RoboticsStudio1/src/41068_ignition_bringup/build/41068_ignition_bringup': CMAKE_PREFIX_PATH=/opt/ros/humble /usr/bin/cmake /home/student/RoboticsStudio1/src/41068_ignition_bringup -DCMAKE_INSTALL_PREFIX=/home/student/RoboticsStudio1/src/41068_ignition_bringup/install/41068_ignition_bringup
[1.036s] DEBUG:colcon.colcon_core.event_handler.log_command:Invoked command in '/home/student/RoboticsStudio1/src/41068_ignition_bringup/build/41068_ignition_bringup' returned '0': CMAKE_PREFIX_PATH=/opt/ros/humble /usr/bin/cmake /home/student/RoboticsStudio1/src/41068_ignition_bringup -DCMAKE_INSTALL_PREFIX=/home/student/RoboticsStudio1/src/41068_ignition_bringup/install/41068_ignition_bringup
[1.037s] DEBUG:colcon.colcon_core.event_handler.log_command:Invoking command in '/home/student/RoboticsStudio1/src/41068_ignition_bringup/build/41068_ignition_bringup': CMAKE_PREFIX_PATH=/opt/ros/humble /usr/bin/cmake --build /home/student/RoboticsStudio1/src/41068_ignition_bringup/build/41068_ignition_bringup -- -j8 -l8
[1.482s] DEBUG:colcon.colcon_core.event_handler.log_command:Invoked command in '/home/student/RoboticsStudio1/src/41068_ignition_bringup/build/41068_ignition_bringup' returned '0': CMAKE_PREFIX_PATH=/opt/ros/humble /usr/bin/cmake --build /home/student/RoboticsStudio1/src/41068_ignition_bringup/build/41068_ignition_bringup -- -j8 -l8
[1.493s] DEBUG:colcon.colcon_core.event_handler.log_command:Invoking command in '/home/student/RoboticsStudio1/src/41068_ignition_bringup/build/41068_ignition_bringup': CMAKE_PREFIX_PATH=/opt/ros/humble /usr/bin/cmake --install /home/student/RoboticsStudio1/src/41068_ignition_bringup/build/41068_ignition_bringup
[1.570s] Level 1:colcon.colcon_core.environment:create_environment_scripts_only(41068_ignition_bringup)
[1.571s] DEBUG:colcon.colcon_core.event_handler.log_command:Invoked command in '/home/student/RoboticsStudio1/src/41068_ignition_bringup/build/41068_ignition_bringup' returned '0': CMAKE_PREFIX_PATH=/opt/ros/humble /usr/bin/cmake --install /home/student/RoboticsStudio1/src/41068_ignition_bringup/build/41068_ignition_bringup
[1.573s] Level 1:colcon.colcon_core.environment:checking '/home/student/RoboticsStudio1/src/41068_ignition_bringup/install/41068_ignition_bringup' for CMake module files
[1.574s] Level 1:colcon.colcon_core.environment:checking '/home/student/RoboticsStudio1/src/41068_ignition_bringup/install/41068_ignition_bringup' for CMake config files
[1.574s] Level 1:colcon.colcon_core.shell:create_environment_hook('41068_ignition_bringup', 'cmake_prefix_path')
[1.574s] INFO:colcon.colcon_core.shell:Creating environment hook '/home/student/RoboticsStudio1/src/41068_ignition_bringup/install/41068_ignition_bringup/share/41068_ignition_bringup/hook/cmake_prefix_path.ps1'
[1.575s] INFO:colcon.colcon_core.shell:Creating environment descriptor '/home/student/RoboticsStudio1/src/41068_ignition_bringup/install/41068_ignition_bringup/share/41068_ignition_bringup/hook/cmake_prefix_path.dsv'
[1.576s] INFO:colcon.colcon_core.shell:Creating environment hook '/home/student/RoboticsStudio1/src/41068_ignition_bringup/install/41068_ignition_bringup/share/41068_ignition_bringup/hook/cmake_prefix_path.sh'
[1.577s] Level 1:colcon.colcon_core.environment:checking '/home/student/RoboticsStudio1/src/41068_ignition_bringup/install/41068_ignition_bringup/lib'
[1.577s] Level 1:colcon.colcon_core.environment:checking '/home/student/RoboticsStudio1/src/41068_ignition_bringup/install/41068_ignition_bringup/bin'
[1.577s] Level 1:colcon.colcon_core.environment:checking '/home/student/RoboticsStudio1/src/41068_ignition_bringup/install/41068_ignition_bringup/lib/pkgconfig/41068_ignition_bringup.pc'
[1.577s] Level 1:colcon.colcon_core.environment:checking '/home/student/RoboticsStudio1/src/41068_ignition_bringup/install/41068_ignition_bringup/lib/python3.10/site-packages'
[1.578s] Level 1:colcon.colcon_core.environment:checking '/home/student/RoboticsStudio1/src/41068_ignition_bringup/install/41068_ignition_bringup/bin'
[1.578s] INFO:colcon.colcon_core.shell:Creating package script '/home/student/RoboticsStudio1/src/41068_ignition_bringup/install/41068_ignition_bringup/share/41068_ignition_bringup/package.ps1'
[1.579s] INFO:colcon.colcon_core.shell:Creating package descriptor '/home/student/RoboticsStudio1/src/41068_ignition_bringup/install/41068_ignition_bringup/share/41068_ignition_bringup/package.dsv'
[1.580s] INFO:colcon.colcon_core.shell:Creating package script '/home/student/RoboticsStudio1/src/41068_ignition_bringup/install/41068_ignition_bringup/share/41068_ignition_bringup/package.sh'
[1.580s] INFO:colcon.colcon_core.shell:Creating package script '/home/student/RoboticsStudio1/src/41068_ignition_bringup/install/41068_ignition_bringup/share/41068_ignition_bringup/package.bash'
[1.581s] INFO:colcon.colcon_core.shell:Creating package script '/home/student/RoboticsStudio1/src/41068_ignition_bringup/install/41068_ignition_bringup/share/41068_ignition_bringup/package.zsh'
[1.582s] Level 1:colcon.colcon_core.environment:create_file_with_runtime_dependencies(/home/student/RoboticsStudio1/src/41068_ignition_bringup/install/41068_ignition_bringup/share/colcon-core/packages/41068_ignition_bringup)
[1.583s] Level 1:colcon.colcon_core.environment:create_environment_scripts_only(41068_ignition_bringup)
[1.583s] Level 1:colcon.colcon_core.environment:checking '/home/student/RoboticsStudio1/src/41068_ignition_bringup/install/41068_ignition_bringup' for CMake module files
[1.584s] Level 1:colcon.colcon_core.environment:checking '/home/student/RoboticsStudio1/src/41068_ignition_bringup/install/41068_ignition_bringup' for CMake config files
[1.584s] Level 1:colcon.colcon_core.shell:create_environment_hook('41068_ignition_bringup', 'cmake_prefix_path')
[1.585s] INFO:colcon.colcon_core.shell:Creating environment hook '/home/student/RoboticsStudio1/src/41068_ignition_bringup/install/41068_ignition_bringup/share/41068_ignition_bringup/hook/cmake_prefix_path.ps1'
[1.585s] INFO:colcon.colcon_core.shell:Creating environment descriptor '/home/student/RoboticsStudio1/src/41068_ignition_bringup/install/41068_ignition_bringup/share/41068_ignition_bringup/hook/cmake_prefix_path.dsv'
[1.586s] INFO:colcon.colcon_core.shell:Creating environment hook '/home/student/RoboticsStudio1/src/41068_ignition_bringup/install/41068_ignition_bringup/share/41068_ignition_bringup/hook/cmake_prefix_path.sh'
[1.586s] Level 1:colcon.colcon_core.environment:checking '/home/student/RoboticsStudio1/src/41068_ignition_bringup/install/41068_ignition_bringup/lib'
[1.586s] Level 1:colcon.colcon_core.environment:checking '/home/student/RoboticsStudio1/src/41068_ignition_bringup/install/41068_ignition_bringup/bin'
[1.586s] Level 1:colcon.colcon_core.environment:checking '/home/student/RoboticsStudio1/src/41068_ignition_bringup/install/41068_ignition_bringup/lib/pkgconfig/41068_ignition_bringup.pc'
[1.587s] Level 1:colcon.colcon_core.environment:checking '/home/student/RoboticsStudio1/src/41068_ignition_bringup/install/41068_ignition_bringup/lib/python3.10/site-packages'
[1.587s] Level 1:colcon.colcon_core.environment:checking '/home/student/RoboticsStudio1/src/41068_ignition_bringup/install/41068_ignition_bringup/bin'
[1.587s] INFO:colcon.colcon_core.shell:Creating package script '/home/student/RoboticsStudio1/src/41068_ignition_bringup/install/41068_ignition_bringup/share/41068_ignition_bringup/package.ps1'
[1.588s] INFO:colcon.colcon_core.shell:Creating package descriptor '/home/student/RoboticsStudio1/src/41068_ignition_bringup/install/41068_ignition_bringup/share/41068_ignition_bringup/package.dsv'
[1.588s] INFO:colcon.colcon_core.shell:Creating package script '/home/student/RoboticsStudio1/src/41068_ignition_bringup/install/41068_ignition_bringup/share/41068_ignition_bringup/package.sh'
[1.589s] INFO:colcon.colcon_core.shell:Creating package script '/home/student/RoboticsStudio1/src/41068_ignition_bringup/install/41068_ignition_bringup/share/41068_ignition_bringup/package.bash'
[1.589s] INFO:colcon.colcon_core.shell:Creating package script '/home/student/RoboticsStudio1/src/41068_ignition_bringup/install/41068_ignition_bringup/share/41068_ignition_bringup/package.zsh'
[1.590s] Level 1:colcon.colcon_core.environment:create_file_with_runtime_dependencies(/home/student/RoboticsStudio1/src/41068_ignition_bringup/install/41068_ignition_bringup/share/colcon-core/packages/41068_ignition_bringup)
[1.590s] DEBUG:colcon.colcon_parallel_executor.executor.parallel:closing loop
[1.590s] DEBUG:colcon.colcon_parallel_executor.executor.parallel:loop closed
[1.591s] DEBUG:colcon.colcon_parallel_executor.executor.parallel:run_until_complete finished with '0'
[1.591s] DEBUG:colcon.colcon_core.event_reactor:joining thread
[1.596s] INFO:colcon.colcon_core.plugin_system:Skipping extension 'colcon_notification.desktop_notification.terminal_notifier': Not used on non-Darwin systems
[1.596s] INFO:colcon.colcon_core.plugin_system:Skipping extension 'colcon_notification.desktop_notification.win32': Not used on non-Windows systems
[1.596s] INFO:colcon.colcon_notification.desktop_notification:Sending desktop notification using 'notify2'
[1.614s] DEBUG:colcon.colcon_core.event_reactor:joined thread
[1.614s] INFO:colcon.colcon_core.shell:Creating prefix script '/home/student/RoboticsStudio1/src/41068_ignition_bringup/install/local_setup.ps1'
[1.616s] INFO:colcon.colcon_core.shell:Creating prefix util module '/home/student/RoboticsStudio1/src/41068_ignition_bringup/install/_local_setup_util_ps1.py'
[1.619s] INFO:colcon.colcon_core.shell:Creating prefix chain script '/home/student/RoboticsStudio1/src/41068_ignition_bringup/install/setup.ps1'
[1.621s] INFO:colcon.colcon_core.shell:Creating prefix script '/home/student/RoboticsStudio1/src/41068_ignition_bringup/install/local_setup.sh'
[1.622s] INFO:colcon.colcon_core.shell:Creating prefix util module '/home/student/RoboticsStudio1/src/41068_ignition_bringup/install/_local_setup_util_sh.py'
[1.624s] INFO:colcon.colcon_core.shell:Creating prefix chain script '/home/student/RoboticsStudio1/src/41068_ignition_bringup/install/setup.sh'
[1.626s] INFO:colcon.colcon_core.shell:Creating prefix script '/home/student/RoboticsStudio1/src/41068_ignition_bringup/install/local_setup.bash'
[1.627s] INFO:colcon.colcon_core.shell:Creating prefix chain script '/home/student/RoboticsStudio1/src/41068_ignition_bringup/install/setup.bash'
[1.628s] INFO:colcon.colcon_core.shell:Creating prefix script '/home/student/RoboticsStudio1/src/41068_ignition_bringup/install/local_setup.zsh'
[1.629s] INFO:colcon.colcon_core.shell:Creating prefix chain script '/home/student/RoboticsStudio1/src/41068_ignition_bringup/install/setup.zsh'
