[0.053s] Invoking command in '/home/student/RoboticsStudio1/build/41068_ignition_bringup': CMAKE_PREFIX_PATH=/opt/ros/humble /usr/bin/cmake /home/student/RoboticsStudio1/src/41068_ignition_bringup -DCMAKE_INSTALL_PREFIX=/home/student/RoboticsStudio1/install/41068_ignition_bringup
[1.088s] -- The C compiler identification is GNU 11.4.0
[1.672s] -- The CXX compiler identification is GNU 11.4.0
[1.825s] -- Detecting C compiler ABI info
[2.023s] -- Detecting C compiler ABI info - done
[2.031s] -- Check for working C compiler: /usr/bin/cc - skipped
[2.035s] -- Detecting C compile features
[2.045s] -- Detecting C compile features - done
[2.065s] -- Detecting CXX compiler ABI info
[2.189s] -- Detecting CXX compiler ABI info - done
[2.196s] -- Check for working CXX compiler: /usr/bin/c++ - skipped
[2.197s] -- Detecting CXX compile features
[2.197s] -- Detecting CXX compile features - done
[2.297s] -- Found ament_cmake: 1.3.12 (/opt/ros/humble/share/ament_cmake/cmake)
[2.546s] -- Found Python3: /usr/bin/python3 (found version "3.10.12") found components: Interpreter 
[2.903s] -- Found ros_ign_interfaces: 0.244.20 (/opt/ros/humble/share/ros_ign_interfaces/cmake)
[3.204s] -- Found rosidl_generator_c: 3.1.7 (/opt/ros/humble/share/rosidl_generator_c/cmake)
[3.245s] -- Found rosidl_adapter: 3.1.7 (/opt/ros/humble/share/rosidl_adapter/cmake)
[3.330s] -- Found rosidl_generator_cpp: 3.1.7 (/opt/ros/humble/share/rosidl_generator_cpp/cmake)
[3.462s] -- Using all available rosidl_typesupport_c: rosidl_typesupport_fastrtps_c;rosidl_typesupport_introspection_c
[3.585s] -- Using all available rosidl_typesupport_cpp: rosidl_typesupport_fastrtps_cpp;rosidl_typesupport_introspection_cpp
[4.267s] WARNING: Package name "41068_ignition_bringup" does not follow the naming conventions. It should start with a lower case letter and only contain lower case letters, digits, underscores, and dashes.
[4.289s] -- Found ament_lint_auto: 0.12.14 (/opt/ros/humble/share/ament_lint_auto/cmake)
[4.351s] WARNING: Package name "41068_ignition_bringup" does not follow the naming conventions. It should start with a lower case letter and only contain lower case letters, digits, underscores, and dashes.
[4.519s] -- Added test 'copyright' to check source files copyright and LICENSE
[4.562s] -- Added test 'flake8' to check Python code syntax and style conventions
[4.569s] -- Added test 'lint_cmake' to check CMake code style
[4.574s] -- Added test 'pep257' to check Python code against some of the docstring style conventions in PEP 257
[4.601s] -- Added test 'xmllint' to check XML markup files
[4.607s] -- Configuring done
[4.612s] -- Generating done
[4.614s] -- Build files have been written to: /home/student/RoboticsStudio1/build/41068_ignition_bringup
[4.624s] Invoked command in '/home/student/RoboticsStudio1/build/41068_ignition_bringup' returned '0': CMAKE_PREFIX_PATH=/opt/ros/humble /usr/bin/cmake /home/student/RoboticsStudio1/src/41068_ignition_bringup -DCMAKE_INSTALL_PREFIX=/home/student/RoboticsStudio1/install/41068_ignition_bringup
[4.626s] Invoking command in '/home/student/RoboticsStudio1/build/41068_ignition_bringup': CMAKE_PREFIX_PATH=/opt/ros/humble /usr/bin/cmake --build /home/student/RoboticsStudio1/build/41068_ignition_bringup -- -j8 -l8
[5.599s] Built target ament_cmake_python_copy_41068_ignition_bringup
[5.916s] running egg_info
[5.917s] creating 41068_ignition_bringup.egg-info
[5.917s] writing 41068_ignition_bringup.egg-info/PKG-INFO
[5.917s] writing dependency_links to 41068_ignition_bringup.egg-info/dependency_links.txt
[5.918s] writing top-level names to 41068_ignition_bringup.egg-info/top_level.txt
[5.918s] writing manifest file '41068_ignition_bringup.egg-info/SOURCES.txt'
[5.936s] reading manifest file '41068_ignition_bringup.egg-info/SOURCES.txt'
[5.936s] writing manifest file '41068_ignition_bringup.egg-info/SOURCES.txt'
[5.966s] Built target ament_cmake_python_build_41068_ignition_bringup_egg
[5.977s] Invoked command in '/home/student/RoboticsStudio1/build/41068_ignition_bringup' returned '0': CMAKE_PREFIX_PATH=/opt/ros/humble /usr/bin/cmake --build /home/student/RoboticsStudio1/build/41068_ignition_bringup -- -j8 -l8
[5.989s] Invoking command in '/home/student/RoboticsStudio1/build/41068_ignition_bringup': CMAKE_PREFIX_PATH=/opt/ros/humble /usr/bin/cmake --install /home/student/RoboticsStudio1/build/41068_ignition_bringup
[5.996s] -- Install configuration: ""
[5.996s] -- Installing: /home/student/RoboticsStudio1/install/41068_ignition_bringup/share/41068_ignition_bringup/environment/pythonpath.sh
[5.996s] -- Installing: /home/student/RoboticsStudio1/install/41068_ignition_bringup/share/41068_ignition_bringup/environment/pythonpath.dsv
[5.997s] -- Installing: /home/student/RoboticsStudio1/install/41068_ignition_bringup/local/lib/python3.10/dist-packages/41068_ignition_bringup-1.0.3-py3.10.egg-info
[5.997s] -- Installing: /home/student/RoboticsStudio1/install/41068_ignition_bringup/local/lib/python3.10/dist-packages/41068_ignition_bringup-1.0.3-py3.10.egg-info/PKG-INFO
[5.997s] -- Installing: /home/student/RoboticsStudio1/install/41068_ignition_bringup/local/lib/python3.10/dist-packages/41068_ignition_bringup-1.0.3-py3.10.egg-info/SOURCES.txt
[5.997s] -- Installing: /home/student/RoboticsStudio1/install/41068_ignition_bringup/local/lib/python3.10/dist-packages/41068_ignition_bringup-1.0.3-py3.10.egg-info/dependency_links.txt
[5.997s] -- Installing: /home/student/RoboticsStudio1/install/41068_ignition_bringup/local/lib/python3.10/dist-packages/41068_ignition_bringup-1.0.3-py3.10.egg-info/top_level.txt
[5.998s] -- Installing: /home/student/RoboticsStudio1/install/41068_ignition_bringup/local/lib/python3.10/dist-packages/41068_ignition_bringup
[5.998s] -- Installing: /home/student/RoboticsStudio1/install/41068_ignition_bringup/local/lib/python3.10/dist-packages/41068_ignition_bringup/odom
[5.998s] -- Installing: /home/student/RoboticsStudio1/install/41068_ignition_bringup/local/lib/python3.10/dist-packages/41068_ignition_bringup/odom/odometry_listener.py
[5.998s] -- Installing: /home/student/RoboticsStudio1/install/41068_ignition_bringup/local/lib/python3.10/dist-packages/41068_ignition_bringup/odom/__init__.py
[5.998s] -- Installing: /home/student/RoboticsStudio1/install/41068_ignition_bringup/local/lib/python3.10/dist-packages/41068_ignition_bringup/config
[5.998s] -- Installing: /home/student/RoboticsStudio1/install/41068_ignition_bringup/local/lib/python3.10/dist-packages/41068_ignition_bringup/config/gazebo_bridge.yaml
[5.999s] -- Installing: /home/student/RoboticsStudio1/install/41068_ignition_bringup/local/lib/python3.10/dist-packages/41068_ignition_bringup/config/slam_params.yaml
[5.999s] -- Installing: /home/student/RoboticsStudio1/install/41068_ignition_bringup/local/lib/python3.10/dist-packages/41068_ignition_bringup/config/nav2_params.yaml
[5.999s] -- Installing: /home/student/RoboticsStudio1/install/41068_ignition_bringup/local/lib/python3.10/dist-packages/41068_ignition_bringup/config/robot_localization.yaml
[5.999s] -- Installing: /home/student/RoboticsStudio1/install/41068_ignition_bringup/local/lib/python3.10/dist-packages/41068_ignition_bringup/config/41068.rviz
[5.999s] -- Installing: /home/student/RoboticsStudio1/install/41068_ignition_bringup/local/lib/python3.10/dist-packages/41068_ignition_bringup/urdf_drone
[5.999s] -- Installing: /home/student/RoboticsStudio1/install/41068_ignition_bringup/local/lib/python3.10/dist-packages/41068_ignition_bringup/urdf_drone/model.config
[6.000s] -- Installing: /home/student/RoboticsStudio1/install/41068_ignition_bringup/local/lib/python3.10/dist-packages/41068_ignition_bringup/urdf_drone/model.sdf
[6.000s] -- Installing: /home/student/RoboticsStudio1/install/41068_ignition_bringup/local/lib/python3.10/dist-packages/41068_ignition_bringup/urdf_drone/common_properties.urdf.xacro
[6.000s] -- Installing: /home/student/RoboticsStudio1/install/41068_ignition_bringup/local/lib/python3.10/dist-packages/41068_ignition_bringup/urdf_drone/thumbnails
[6.000s] -- Installing: /home/student/RoboticsStudio1/install/41068_ignition_bringup/local/lib/python3.10/dist-packages/41068_ignition_bringup/urdf_drone/thumbnails/4.png
[6.000s] -- Installing: /home/student/RoboticsStudio1/install/41068_ignition_bringup/local/lib/python3.10/dist-packages/41068_ignition_bringup/urdf_drone/thumbnails/2.png
[6.001s] -- Installing: /home/student/RoboticsStudio1/install/41068_ignition_bringup/local/lib/python3.10/dist-packages/41068_ignition_bringup/urdf_drone/thumbnails/5.png
[6.001s] -- Installing: /home/student/RoboticsStudio1/install/41068_ignition_bringup/local/lib/python3.10/dist-packages/41068_ignition_bringup/urdf_drone/thumbnails/1.png
[6.001s] -- Installing: /home/student/RoboticsStudio1/install/41068_ignition_bringup/local/lib/python3.10/dist-packages/41068_ignition_bringup/urdf_drone/thumbnails/3.png
[6.001s] -- Installing: /home/student/RoboticsStudio1/install/41068_ignition_bringup/local/lib/python3.10/dist-packages/41068_ignition_bringup/urdf_drone/meshes
[6.001s] -- Installing: /home/student/RoboticsStudio1/install/41068_ignition_bringup/local/lib/python3.10/dist-packages/41068_ignition_bringup/urdf_drone/meshes/propeller_fr.dae
[6.001s] -- Installing: /home/student/RoboticsStudio1/install/41068_ignition_bringup/local/lib/python3.10/dist-packages/41068_ignition_bringup/urdf_drone/meshes/propeller_fl.dae
[6.002s] -- Installing: /home/student/RoboticsStudio1/install/41068_ignition_bringup/local/lib/python3.10/dist-packages/41068_ignition_bringup/urdf_drone/meshes/propeller_rl.dae
[6.002s] -- Installing: /home/student/RoboticsStudio1/install/41068_ignition_bringup/local/lib/python3.10/dist-packages/41068_ignition_bringup/urdf_drone/meshes/hull.dae
[6.006s] -- Installing: /home/student/RoboticsStudio1/install/41068_ignition_bringup/local/lib/python3.10/dist-packages/41068_ignition_bringup/urdf_drone/meshes/propeller_rr.dae
[6.007s] -- Installing: /home/student/RoboticsStudio1/install/41068_ignition_bringup/local/lib/python3.10/dist-packages/41068_ignition_bringup/urdf_drone/parrot.gazebo.xacro
[6.007s] -- Installing: /home/student/RoboticsStudio1/install/41068_ignition_bringup/local/lib/python3.10/dist-packages/41068_ignition_bringup/urdf_drone/parrot.urdf.xacro
[6.007s] -- Installing: /home/student/RoboticsStudio1/install/41068_ignition_bringup/local/lib/python3.10/dist-packages/41068_ignition_bringup/README.md
[6.007s] -- Installing: /home/student/RoboticsStudio1/install/41068_ignition_bringup/local/lib/python3.10/dist-packages/41068_ignition_bringup/runner.py
[6.007s] -- Installing: /home/student/RoboticsStudio1/install/41068_ignition_bringup/local/lib/python3.10/dist-packages/41068_ignition_bringup/drone_movement
[6.007s] -- Installing: /home/student/RoboticsStudio1/install/41068_ignition_bringup/local/lib/python3.10/dist-packages/41068_ignition_bringup/drone_movement/dronecontroltest.py
[6.007s] -- Installing: /home/student/RoboticsStudio1/install/41068_ignition_bringup/local/lib/python3.10/dist-packages/41068_ignition_bringup/drone_movement/dronecontrolling.py
[6.007s] -- Installing: /home/student/RoboticsStudio1/install/41068_ignition_bringup/local/lib/python3.10/dist-packages/41068_ignition_bringup/lidar_processing
[6.008s] -- Installing: /home/student/RoboticsStudio1/install/41068_ignition_bringup/local/lib/python3.10/dist-packages/41068_ignition_bringup/lidar_processing/filtered_lidar.py
[6.008s] -- Installing: /home/student/RoboticsStudio1/install/41068_ignition_bringup/local/lib/python3.10/dist-packages/41068_ignition_bringup/lidar_processing/tree_detector.py
[6.008s] -- Installing: /home/student/RoboticsStudio1/install/41068_ignition_bringup/local/lib/python3.10/dist-packages/41068_ignition_bringup/lidar_processing/__init__.py
[6.008s] -- Installing: /home/student/RoboticsStudio1/install/41068_ignition_bringup/local/lib/python3.10/dist-packages/41068_ignition_bringup/worlds
[6.008s] -- Installing: /home/student/RoboticsStudio1/install/41068_ignition_bringup/local/lib/python3.10/dist-packages/41068_ignition_bringup/worlds/simple_trees.sdf
[6.008s] -- Installing: /home/student/RoboticsStudio1/install/41068_ignition_bringup/local/lib/python3.10/dist-packages/41068_ignition_bringup/worlds/large_demo.sdf
[6.008s] -- Installing: /home/student/RoboticsStudio1/install/41068_ignition_bringup/local/lib/python3.10/dist-packages/41068_ignition_bringup/gui
[6.008s] -- Installing: /home/student/RoboticsStudio1/install/41068_ignition_bringup/local/lib/python3.10/dist-packages/41068_ignition_bringup/gui/gui_panel.py
[6.009s] -- Installing: /home/student/RoboticsStudio1/install/41068_ignition_bringup/local/lib/python3.10/dist-packages/41068_ignition_bringup/models
[6.009s] -- Installing: /home/student/RoboticsStudio1/install/41068_ignition_bringup/local/lib/python3.10/dist-packages/41068_ignition_bringup/models/grass_plane
[6.009s] -- Installing: /home/student/RoboticsStudio1/install/41068_ignition_bringup/local/lib/python3.10/dist-packages/41068_ignition_bringup/models/grass_plane/model.config
[6.009s] -- Installing: /home/student/RoboticsStudio1/install/41068_ignition_bringup/local/lib/python3.10/dist-packages/41068_ignition_bringup/models/grass_plane/model.sdf
[6.009s] -- Installing: /home/student/RoboticsStudio1/install/41068_ignition_bringup/local/lib/python3.10/dist-packages/41068_ignition_bringup/models/grass_plane/materials
[6.009s] -- Installing: /home/student/RoboticsStudio1/install/41068_ignition_bringup/local/lib/python3.10/dist-packages/41068_ignition_bringup/models/grass_plane/materials/textures
[6.009s] -- Installing: /home/student/RoboticsStudio1/install/41068_ignition_bringup/local/lib/python3.10/dist-packages/41068_ignition_bringup/models/grass_plane/materials/textures/empty_grass.png
[6.013s] -- Installing: /home/student/RoboticsStudio1/install/41068_ignition_bringup/local/lib/python3.10/dist-packages/41068_ignition_bringup/models/forest_plane
[6.013s] -- Installing: /home/student/RoboticsStudio1/install/41068_ignition_bringup/local/lib/python3.10/dist-packages/41068_ignition_bringup/models/forest_plane/model.config
[6.013s] -- Installing: /home/student/RoboticsStudio1/install/41068_ignition_bringup/local/lib/python3.10/dist-packages/41068_ignition_bringup/models/forest_plane/model.sdf
[6.014s] -- Installing: /home/student/RoboticsStudio1/install/41068_ignition_bringup/local/lib/python3.10/dist-packages/41068_ignition_bringup/models/forest_plane/materials
[6.014s] -- Installing: /home/student/RoboticsStudio1/install/41068_ignition_bringup/local/lib/python3.10/dist-packages/41068_ignition_bringup/models/forest_plane/materials/textures
[6.014s] -- Installing: /home/student/RoboticsStudio1/install/41068_ignition_bringup/local/lib/python3.10/dist-packages/41068_ignition_bringup/models/forest_plane/materials/textures/forest_overhead.png
[6.017s] -- Installing: /home/student/RoboticsStudio1/install/41068_ignition_bringup/local/lib/python3.10/dist-packages/41068_ignition_bringup/models/forest_plane/materials/textures/empty_grass.png
[6.021s] -- Installing: /home/student/RoboticsStudio1/install/41068_ignition_bringup/local/lib/python3.10/dist-packages/41068_ignition_bringup/models/forest_plane/materials/textures/leaf_litter.png
[6.024s] -- Installing: /home/student/RoboticsStudio1/install/41068_ignition_bringup/local/lib/python3.10/dist-packages/41068_ignition_bringup/models/forest_wall
[6.025s] -- Installing: /home/student/RoboticsStudio1/install/41068_ignition_bringup/local/lib/python3.10/dist-packages/41068_ignition_bringup/models/forest_wall/model.config
[6.025s] -- Installing: /home/student/RoboticsStudio1/install/41068_ignition_bringup/local/lib/python3.10/dist-packages/41068_ignition_bringup/models/forest_wall/model.sdf
[6.025s] -- Installing: /home/student/RoboticsStudio1/install/41068_ignition_bringup/local/lib/python3.10/dist-packages/41068_ignition_bringup/models/forest_wall/materials
[6.025s] -- Installing: /home/student/RoboticsStudio1/install/41068_ignition_bringup/local/lib/python3.10/dist-packages/41068_ignition_bringup/models/forest_wall/materials/textures
[6.025s] -- Installing: /home/student/RoboticsStudio1/install/41068_ignition_bringup/local/lib/python3.10/dist-packages/41068_ignition_bringup/models/forest_wall/materials/textures/forest_wall_transparent.png
[6.028s] -- Installing: /home/student/RoboticsStudio1/install/41068_ignition_bringup/local/lib/python3.10/dist-packages/41068_ignition_bringup/models/forest_wall/materials/textures/forest_wall_transparent_small.png
[6.028s] -- Installing: /home/student/RoboticsStudio1/install/41068_ignition_bringup/local/lib/python3.10/dist-packages/41068_ignition_bringup/models/forest_wall/materials/textures/forest_wall.png
[6.031s] -- Installing: /home/student/RoboticsStudio1/install/41068_ignition_bringup/local/lib/python3.10/dist-packages/41068_ignition_bringup/path_planning
[6.031s] -- Installing: /home/student/RoboticsStudio1/install/41068_ignition_bringup/local/lib/python3.10/dist-packages/41068_ignition_bringup/path_planning/test_snake_waypoints.py
[6.031s] -- Installing: /home/student/RoboticsStudio1/install/41068_ignition_bringup/local/lib/python3.10/dist-packages/41068_ignition_bringup/__init__.py
[6.032s] -- Installing: /home/student/RoboticsStudio1/install/41068_ignition_bringup/local/lib/python3.10/dist-packages/41068_ignition_bringup/launch
[6.032s] -- Installing: /home/student/RoboticsStudio1/install/41068_ignition_bringup/local/lib/python3.10/dist-packages/41068_ignition_bringup/launch/41068_navigation.launch.py
[6.032s] -- Installing: /home/student/RoboticsStudio1/install/41068_ignition_bringup/local/lib/python3.10/dist-packages/41068_ignition_bringup/launch/41068_ignition.launch.py
[6.032s] -- Installing: /home/student/RoboticsStudio1/install/41068_ignition_bringup/local/lib/python3.10/dist-packages/41068_ignition_bringup/launch/41068_ignition_drone.launch.py
[6.032s] -- Installing: /home/student/RoboticsStudio1/install/41068_ignition_bringup/local/lib/python3.10/dist-packages/41068_ignition_bringup/.git
[6.032s] -- Installing: /home/student/RoboticsStudio1/install/41068_ignition_bringup/local/lib/python3.10/dist-packages/41068_ignition_bringup/.git/logs
[6.032s] -- Installing: /home/student/RoboticsStudio1/install/41068_ignition_bringup/local/lib/python3.10/dist-packages/41068_ignition_bringup/.git/logs/HEAD
[6.032s] -- Installing: /home/student/RoboticsStudio1/install/41068_ignition_bringup/local/lib/python3.10/dist-packages/41068_ignition_bringup/.git/logs/refs
[6.032s] -- Installing: /home/student/RoboticsStudio1/install/41068_ignition_bringup/local/lib/python3.10/dist-packages/41068_ignition_bringup/.git/logs/refs/heads
[6.032s] -- Installing: /home/student/RoboticsStudio1/install/41068_ignition_bringup/local/lib/python3.10/dist-packages/41068_ignition_bringup/.git/logs/refs/heads/graeme
[6.032s] -- Installing: /home/student/RoboticsStudio1/install/41068_ignition_bringup/local/lib/python3.10/dist-packages/41068_ignition_bringup/.git/logs/refs/heads/graeme/initial_edits
[6.033s] -- Installing: /home/student/RoboticsStudio1/install/41068_ignition_bringup/local/lib/python3.10/dist-packages/41068_ignition_bringup/.git/logs/refs/heads/main
[6.033s] -- Installing: /home/student/RoboticsStudio1/install/41068_ignition_bringup/local/lib/python3.10/dist-packages/41068_ignition_bringup/.git/logs/refs/remotes
[6.033s] -- Installing: /home/student/RoboticsStudio1/install/41068_ignition_bringup/local/lib/python3.10/dist-packages/41068_ignition_bringup/.git/logs/refs/remotes/origin
[6.033s] -- Installing: /home/student/RoboticsStudio1/install/41068_ignition_bringup/local/lib/python3.10/dist-packages/41068_ignition_bringup/.git/logs/refs/remotes/origin/HEAD
[6.033s] -- Installing: /home/student/RoboticsStudio1/install/41068_ignition_bringup/local/lib/python3.10/dist-packages/41068_ignition_bringup/.git/logs/refs/remotes/origin/graeme
[6.033s] -- Installing: /home/student/RoboticsStudio1/install/41068_ignition_bringup/local/lib/python3.10/dist-packages/41068_ignition_bringup/.git/logs/refs/remotes/origin/graeme/initial_edits
[6.033s] -- Installing: /home/student/RoboticsStudio1/install/41068_ignition_bringup/local/lib/python3.10/dist-packages/41068_ignition_bringup/.git/hooks
[6.033s] -- Installing: /home/student/RoboticsStudio1/install/41068_ignition_bringup/local/lib/python3.10/dist-packages/41068_ignition_bringup/.git/hooks/pre-push
[6.033s] -- Installing: /home/student/RoboticsStudio1/install/41068_ignition_bringup/local/lib/python3.10/dist-packages/41068_ignition_bringup/.git/hooks/post-checkout
[6.033s] -- Installing: /home/student/RoboticsStudio1/install/41068_ignition_bringup/local/lib/python3.10/dist-packages/41068_ignition_bringup/.git/hooks/pre-commit.sample
[6.033s] -- Installing: /home/student/RoboticsStudio1/install/41068_ignition_bringup/local/lib/python3.10/dist-packages/41068_ignition_bringup/.git/hooks/pre-merge-commit.sample
[6.034s] -- Installing: /home/student/RoboticsStudio1/install/41068_ignition_bringup/local/lib/python3.10/dist-packages/41068_ignition_bringup/.git/hooks/commit-msg.sample
[6.034s] -- Installing: /home/student/RoboticsStudio1/install/41068_ignition_bringup/local/lib/python3.10/dist-packages/41068_ignition_bringup/.git/hooks/post-merge
[6.034s] -- Installing: /home/student/RoboticsStudio1/install/41068_ignition_bringup/local/lib/python3.10/dist-packages/41068_ignition_bringup/.git/hooks/pre-push.sample
[6.034s] -- Installing: /home/student/RoboticsStudio1/install/41068_ignition_bringup/local/lib/python3.10/dist-packages/41068_ignition_bringup/.git/hooks/update.sample
[6.034s] -- Installing: /home/student/RoboticsStudio1/install/41068_ignition_bringup/local/lib/python3.10/dist-packages/41068_ignition_bringup/.git/hooks/post-update.sample
[6.034s] -- Installing: /home/student/RoboticsStudio1/install/41068_ignition_bringup/local/lib/python3.10/dist-packages/41068_ignition_bringup/.git/hooks/fsmonitor-watchman.sample
[6.034s] -- Installing: /home/student/RoboticsStudio1/install/41068_ignition_bringup/local/lib/python3.10/dist-packages/41068_ignition_bringup/.git/hooks/applypatch-msg.sample
[6.034s] -- Installing: /home/student/RoboticsStudio1/install/41068_ignition_bringup/local/lib/python3.10/dist-packages/41068_ignition_bringup/.git/hooks/prepare-commit-msg.sample
[6.034s] -- Installing: /home/student/RoboticsStudio1/install/41068_ignition_bringup/local/lib/python3.10/dist-packages/41068_ignition_bringup/.git/hooks/post-commit
[6.034s] -- Installing: /home/student/RoboticsStudio1/install/41068_ignition_bringup/local/lib/python3.10/dist-packages/41068_ignition_bringup/.git/hooks/pre-rebase.sample
[6.034s] -- Installing: /home/student/RoboticsStudio1/install/41068_ignition_bringup/local/lib/python3.10/dist-packages/41068_ignition_bringup/.git/hooks/pre-receive.sample
[6.035s] -- Installing: /home/student/RoboticsStudio1/install/41068_ignition_bringup/local/lib/python3.10/dist-packages/41068_ignition_bringup/.git/hooks/pre-applypatch.sample
[6.035s] -- Installing: /home/student/RoboticsStudio1/install/41068_ignition_bringup/local/lib/python3.10/dist-packages/41068_ignition_bringup/.git/hooks/push-to-checkout.sample
[6.035s] -- Installing: /home/student/RoboticsStudio1/install/41068_ignition_bringup/local/lib/python3.10/dist-packages/41068_ignition_bringup/.git/config
[6.035s] -- Installing: /home/student/RoboticsStudio1/install/41068_ignition_bringup/local/lib/python3.10/dist-packages/41068_ignition_bringup/.git/packed-refs
[6.035s] -- Installing: /home/student/RoboticsStudio1/install/41068_ignition_bringup/local/lib/python3.10/dist-packages/41068_ignition_bringup/.git/info
[6.035s] -- Installing: /home/student/RoboticsStudio1/install/41068_ignition_bringup/local/lib/python3.10/dist-packages/41068_ignition_bringup/.git/info/exclude
[6.036s] -- Installing: /home/student/RoboticsStudio1/install/41068_ignition_bringup/local/lib/python3.10/dist-packages/41068_ignition_bringup/.git/ORIG_HEAD
[6.036s] -- Installing: /home/student/RoboticsStudio1/install/41068_ignition_bringup/local/lib/python3.10/dist-packages/41068_ignition_bringup/.git/index
[6.036s] -- Installing: /home/student/RoboticsStudio1/install/41068_ignition_bringup/local/lib/python3.10/dist-packages/41068_ignition_bringup/.git/FETCH_HEAD
[6.036s] -- Installing: /home/student/RoboticsStudio1/install/41068_ignition_bringup/local/lib/python3.10/dist-packages/41068_ignition_bringup/.git/HEAD
[6.036s] -- Installing: /home/student/RoboticsStudio1/install/41068_ignition_bringup/local/lib/python3.10/dist-packages/41068_ignition_bringup/.git/description
[6.036s] -- Installing: /home/student/RoboticsStudio1/install/41068_ignition_bringup/local/lib/python3.10/dist-packages/41068_ignition_bringup/.git/COMMIT_EDITMSG
[6.036s] -- Installing: /home/student/RoboticsStudio1/install/41068_ignition_bringup/local/lib/python3.10/dist-packages/41068_ignition_bringup/.git/objects
[6.036s] -- Installing: /home/student/RoboticsStudio1/install/41068_ignition_bringup/local/lib/python3.10/dist-packages/41068_ignition_bringup/.git/objects/02
[6.036s] -- Installing: /home/student/RoboticsStudio1/install/41068_ignition_bringup/local/lib/python3.10/dist-packages/41068_ignition_bringup/.git/objects/02/5cf063329e857074c803848a55b26c687fefe5
[6.037s] -- Installing: /home/student/RoboticsStudio1/install/41068_ignition_bringup/local/lib/python3.10/dist-packages/41068_ignition_bringup/.git/objects/02/8a9a37e49f4a1557b9ddf5831cc5ee70c224da
[6.037s] -- Installing: /home/student/RoboticsStudio1/install/41068_ignition_bringup/local/lib/python3.10/dist-packages/41068_ignition_bringup/.git/objects/02/ed92a5c608b1ec769ba3dd0e3f9cf62199cb8f
[6.037s] -- Installing: /home/student/RoboticsStudio1/install/41068_ignition_bringup/local/lib/python3.10/dist-packages/41068_ignition_bringup/.git/objects/f5
[6.037s] -- Installing: /home/student/RoboticsStudio1/install/41068_ignition_bringup/local/lib/python3.10/dist-packages/41068_ignition_bringup/.git/objects/f5/bd46870961d98917b98c1f4f22a6ecae681b7b
[6.037s] -- Installing: /home/student/RoboticsStudio1/install/41068_ignition_bringup/local/lib/python3.10/dist-packages/41068_ignition_bringup/.git/objects/b6
[6.037s] -- Installing: /home/student/RoboticsStudio1/install/41068_ignition_bringup/local/lib/python3.10/dist-packages/41068_ignition_bringup/.git/objects/b6/de314494f2e74d31971a218644fb756a40e552
[6.037s] -- Installing: /home/student/RoboticsStudio1/install/41068_ignition_bringup/local/lib/python3.10/dist-packages/41068_ignition_bringup/.git/objects/9d
[6.037s] -- Installing: /home/student/RoboticsStudio1/install/41068_ignition_bringup/local/lib/python3.10/dist-packages/41068_ignition_bringup/.git/objects/9d/b28bdc3a3f930ddc761d8a813b1f285a83612b
[6.037s] -- Installing: /home/student/RoboticsStudio1/install/41068_ignition_bringup/local/lib/python3.10/dist-packages/41068_ignition_bringup/.git/objects/35
[6.038s] -- Installing: /home/student/RoboticsStudio1/install/41068_ignition_bringup/local/lib/python3.10/dist-packages/41068_ignition_bringup/.git/objects/35/5b26d9e811db3a852bd3ce404c4bf16af6e104
[6.038s] -- Installing: /home/student/RoboticsStudio1/install/41068_ignition_bringup/local/lib/python3.10/dist-packages/41068_ignition_bringup/.git/objects/35/96a45f9c7ab065f2bf84764401b9fc484d9b6b
[6.038s] -- Installing: /home/student/RoboticsStudio1/install/41068_ignition_bringup/local/lib/python3.10/dist-packages/41068_ignition_bringup/.git/objects/b2
[6.038s] -- Installing: /home/student/RoboticsStudio1/install/41068_ignition_bringup/local/lib/python3.10/dist-packages/41068_ignition_bringup/.git/objects/b2/29749f61c5007ff9aab579484dc9ac1ebfabf4
[6.038s] -- Installing: /home/student/RoboticsStudio1/install/41068_ignition_bringup/local/lib/python3.10/dist-packages/41068_ignition_bringup/.git/objects/b2/8f4ba95715cda78209d3332525235470bc6d2c
[6.038s] -- Installing: /home/student/RoboticsStudio1/install/41068_ignition_bringup/local/lib/python3.10/dist-packages/41068_ignition_bringup/.git/objects/fc
[6.038s] -- Installing: /home/student/RoboticsStudio1/install/41068_ignition_bringup/local/lib/python3.10/dist-packages/41068_ignition_bringup/.git/objects/fc/364037090d62db0fd5abd36293715c4f433226
[6.038s] -- Installing: /home/student/RoboticsStudio1/install/41068_ignition_bringup/local/lib/python3.10/dist-packages/41068_ignition_bringup/.git/objects/39
[6.039s] -- Installing: /home/student/RoboticsStudio1/install/41068_ignition_bringup/local/lib/python3.10/dist-packages/41068_ignition_bringup/.git/objects/39/d675a1c3bbacfb2af8ee3488fdfea8259998d5
[6.039s] -- Installing: /home/student/RoboticsStudio1/install/41068_ignition_bringup/local/lib/python3.10/dist-packages/41068_ignition_bringup/.git/objects/9b
[6.039s] -- Installing: /home/student/RoboticsStudio1/install/41068_ignition_bringup/local/lib/python3.10/dist-packages/41068_ignition_bringup/.git/objects/9b/f5bdcccd91b072f47ad5df87519c1149844cb3
[6.039s] -- Installing: /home/student/RoboticsStudio1/install/41068_ignition_bringup/local/lib/python3.10/dist-packages/41068_ignition_bringup/.git/objects/16
[6.039s] -- Installing: /home/student/RoboticsStudio1/install/41068_ignition_bringup/local/lib/python3.10/dist-packages/41068_ignition_bringup/.git/objects/16/eb391042dbf317c3e1e110b93105a76c41ad87
[6.039s] -- Installing: /home/student/RoboticsStudio1/install/41068_ignition_bringup/local/lib/python3.10/dist-packages/41068_ignition_bringup/.git/objects/b3
[6.039s] -- Installing: /home/student/RoboticsStudio1/install/41068_ignition_bringup/local/lib/python3.10/dist-packages/41068_ignition_bringup/.git/objects/b3/3865e4f3f98ae10701dd45e5d4e9180fe5d132
[6.039s] -- Installing: /home/student/RoboticsStudio1/install/41068_ignition_bringup/local/lib/python3.10/dist-packages/41068_ignition_bringup/.git/objects/df
[6.039s] -- Installing: /home/student/RoboticsStudio1/install/41068_ignition_bringup/local/lib/python3.10/dist-packages/41068_ignition_bringup/.git/objects/df/63ddd64dcc1848f571b97929615bd957673a2c
[6.039s] -- Installing: /home/student/RoboticsStudio1/install/41068_ignition_bringup/local/lib/python3.10/dist-packages/41068_ignition_bringup/.git/objects/8f
[6.039s] -- Installing: /home/student/RoboticsStudio1/install/41068_ignition_bringup/local/lib/python3.10/dist-packages/41068_ignition_bringup/.git/objects/8f/34f75c373aceb72b757d701ca8747467bde042
[6.039s] -- Installing: /home/student/RoboticsStudio1/install/41068_ignition_bringup/local/lib/python3.10/dist-packages/41068_ignition_bringup/.git/objects/af
[6.040s] -- Installing: /home/student/RoboticsStudio1/install/41068_ignition_bringup/local/lib/python3.10/dist-packages/41068_ignition_bringup/.git/objects/af/e61af5b6263cffdde8295fed8f87e0251b671b
[6.040s] -- Installing: /home/student/RoboticsStudio1/install/41068_ignition_bringup/local/lib/python3.10/dist-packages/41068_ignition_bringup/.git/objects/8d
[6.040s] -- Installing: /home/student/RoboticsStudio1/install/41068_ignition_bringup/local/lib/python3.10/dist-packages/41068_ignition_bringup/.git/objects/8d/b132f5d3e6455340fa47265b682715edc299df
[6.040s] -- Installing: /home/student/RoboticsStudio1/install/41068_ignition_bringup/local/lib/python3.10/dist-packages/41068_ignition_bringup/.git/objects/0d
[6.040s] -- Installing: /home/student/RoboticsStudio1/install/41068_ignition_bringup/local/lib/python3.10/dist-packages/41068_ignition_bringup/.git/objects/0d/4d2409ef3c75bb16c7a49a249fe8ded611c4dc
[6.040s] -- Installing: /home/student/RoboticsStudio1/install/41068_ignition_bringup/local/lib/python3.10/dist-packages/41068_ignition_bringup/.git/objects/pack
[6.040s] -- Installing: /home/student/RoboticsStudio1/install/41068_ignition_bringup/local/lib/python3.10/dist-packages/41068_ignition_bringup/.git/objects/pack/pack-a3027d90a51849474443e589a7a85e261d04bcb9.pack
[6.041s] -- Installing: /home/student/RoboticsStudio1/install/41068_ignition_bringup/local/lib/python3.10/dist-packages/41068_ignition_bringup/.git/objects/pack/pack-a3027d90a51849474443e589a7a85e261d04bcb9.idx
[6.041s] -- Installing: /home/student/RoboticsStudio1/install/41068_ignition_bringup/local/lib/python3.10/dist-packages/41068_ignition_bringup/.git/objects/d6
[6.041s] -- Installing: /home/student/RoboticsStudio1/install/41068_ignition_bringup/local/lib/python3.10/dist-packages/41068_ignition_bringup/.git/objects/d6/7ad6383f9afce368dffe251fcc6dd05c21e705
[6.041s] -- Installing: /home/student/RoboticsStudio1/install/41068_ignition_bringup/local/lib/python3.10/dist-packages/41068_ignition_bringup/.git/objects/4f
[6.041s] -- Installing: /home/student/RoboticsStudio1/install/41068_ignition_bringup/local/lib/python3.10/dist-packages/41068_ignition_bringup/.git/objects/4f/607348a081597b15ec71b61bf65a2479d992d2
[6.041s] -- Installing: /home/student/RoboticsStudio1/install/41068_ignition_bringup/local/lib/python3.10/dist-packages/41068_ignition_bringup/.git/objects/69
[6.042s] -- Installing: /home/student/RoboticsStudio1/install/41068_ignition_bringup/local/lib/python3.10/dist-packages/41068_ignition_bringup/.git/objects/69/aa5e07d0ba8e8574a30eb697f483af1a1a0623
[6.042s] -- Installing: /home/student/RoboticsStudio1/install/41068_ignition_bringup/local/lib/python3.10/dist-packages/41068_ignition_bringup/.git/objects/5b
[6.042s] -- Installing: /home/student/RoboticsStudio1/install/41068_ignition_bringup/local/lib/python3.10/dist-packages/41068_ignition_bringup/.git/objects/5b/9a1941a3bbac63cf73e7018d90add8753c9dc4
[6.042s] -- Installing: /home/student/RoboticsStudio1/install/41068_ignition_bringup/local/lib/python3.10/dist-packages/41068_ignition_bringup/.git/objects/47
[6.042s] -- Installing: /home/student/RoboticsStudio1/install/41068_ignition_bringup/local/lib/python3.10/dist-packages/41068_ignition_bringup/.git/objects/47/9d2b45b5ac9f7659f407ee29c65b1d26f4329e
[6.042s] -- Installing: /home/student/RoboticsStudio1/install/41068_ignition_bringup/local/lib/python3.10/dist-packages/41068_ignition_bringup/.git/objects/7d
[6.042s] -- Installing: /home/student/RoboticsStudio1/install/41068_ignition_bringup/local/lib/python3.10/dist-packages/41068_ignition_bringup/.git/objects/7d/01ced91c621a88eabd70bcebb134b686e4ea90
[6.042s] -- Installing: /home/student/RoboticsStudio1/install/41068_ignition_bringup/local/lib/python3.10/dist-packages/41068_ignition_bringup/.git/objects/46
[6.042s] -- Installing: /home/student/RoboticsStudio1/install/41068_ignition_bringup/local/lib/python3.10/dist-packages/41068_ignition_bringup/.git/objects/46/c9f1d8993e3bbf4e0002bf7a7da8b69f8dd704
[6.043s] -- Installing: /home/student/RoboticsStudio1/install/41068_ignition_bringup/local/lib/python3.10/dist-packages/41068_ignition_bringup/.git/objects/info
[6.043s] -- Installing: /home/student/RoboticsStudio1/install/41068_ignition_bringup/local/lib/python3.10/dist-packages/41068_ignition_bringup/.git/objects/98
[6.043s] -- Installing: /home/student/RoboticsStudio1/install/41068_ignition_bringup/local/lib/python3.10/dist-packages/41068_ignition_bringup/.git/objects/98/e780bea5c6658a172c791da7bbff27d5eb9bc7
[6.043s] -- Installing: /home/student/RoboticsStudio1/install/41068_ignition_bringup/local/lib/python3.10/dist-packages/41068_ignition_bringup/.git/objects/d7
[6.043s] -- Installing: /home/student/RoboticsStudio1/install/41068_ignition_bringup/local/lib/python3.10/dist-packages/41068_ignition_bringup/.git/objects/d7/226f5ca3dc0b20e2f1cbdb75c00bde0b642e99
[6.043s] -- Installing: /home/student/RoboticsStudio1/install/41068_ignition_bringup/local/lib/python3.10/dist-packages/41068_ignition_bringup/.git/objects/d7/c8d02251a8157314e20124748ce3ab8413eac8
[6.043s] -- Installing: /home/student/RoboticsStudio1/install/41068_ignition_bringup/local/lib/python3.10/dist-packages/41068_ignition_bringup/.git/objects/60
[6.043s] -- Installing: /home/student/RoboticsStudio1/install/41068_ignition_bringup/local/lib/python3.10/dist-packages/41068_ignition_bringup/.git/objects/60/8262b1d3b0ce66ca36267be55ba6bac00020c3
[6.044s] -- Installing: /home/student/RoboticsStudio1/install/41068_ignition_bringup/local/lib/python3.10/dist-packages/41068_ignition_bringup/.git/objects/a6
[6.044s] -- Installing: /home/student/RoboticsStudio1/install/41068_ignition_bringup/local/lib/python3.10/dist-packages/41068_ignition_bringup/.git/objects/a6/2f224780b7d8ae68eecf6b725071cbcb0fcd48
[6.044s] -- Installing: /home/student/RoboticsStudio1/install/41068_ignition_bringup/local/lib/python3.10/dist-packages/41068_ignition_bringup/.git/objects/7f
[6.044s] -- Installing: /home/student/RoboticsStudio1/install/41068_ignition_bringup/local/lib/python3.10/dist-packages/41068_ignition_bringup/.git/objects/7f/44d7a7f8ac0d8dba7ff994fd1a6df624a8315c
[6.044s] -- Installing: /home/student/RoboticsStudio1/install/41068_ignition_bringup/local/lib/python3.10/dist-packages/41068_ignition_bringup/.git/objects/8e
[6.044s] -- Installing: /home/student/RoboticsStudio1/install/41068_ignition_bringup/local/lib/python3.10/dist-packages/41068_ignition_bringup/.git/objects/8e/f84c69c2bc12e5e94b1042734316c95cc332a9
[6.044s] -- Installing: /home/student/RoboticsStudio1/install/41068_ignition_bringup/local/lib/python3.10/dist-packages/41068_ignition_bringup/.git/objects/8c
[6.044s] -- Installing: /home/student/RoboticsStudio1/install/41068_ignition_bringup/local/lib/python3.10/dist-packages/41068_ignition_bringup/.git/objects/8c/2851ccc07c64c8251d53dcd4489813eedd968a
[6.044s] -- Installing: /home/student/RoboticsStudio1/install/41068_ignition_bringup/local/lib/python3.10/dist-packages/41068_ignition_bringup/.git/objects/4b
[6.045s] -- Installing: /home/student/RoboticsStudio1/install/41068_ignition_bringup/local/lib/python3.10/dist-packages/41068_ignition_bringup/.git/objects/4b/81fe39659faff958d986d55f8e7b95fb2c3bf1
[6.045s] -- Installing: /home/student/RoboticsStudio1/install/41068_ignition_bringup/local/lib/python3.10/dist-packages/41068_ignition_bringup/.git/objects/38
[6.045s] -- Installing: /home/student/RoboticsStudio1/install/41068_ignition_bringup/local/lib/python3.10/dist-packages/41068_ignition_bringup/.git/objects/38/e26b25d9cbc95e4c28b39e758bf31b8a9ce890
[6.045s] -- Installing: /home/student/RoboticsStudio1/install/41068_ignition_bringup/local/lib/python3.10/dist-packages/41068_ignition_bringup/.git/objects/55
[6.045s] -- Installing: /home/student/RoboticsStudio1/install/41068_ignition_bringup/local/lib/python3.10/dist-packages/41068_ignition_bringup/.git/objects/55/ca74f55ef961ecc091f337734bd99a1bce60f1
[6.045s] -- Installing: /home/student/RoboticsStudio1/install/41068_ignition_bringup/local/lib/python3.10/dist-packages/41068_ignition_bringup/.git/objects/45
[6.045s] -- Installing: /home/student/RoboticsStudio1/install/41068_ignition_bringup/local/lib/python3.10/dist-packages/41068_ignition_bringup/.git/objects/45/3f5305157a64a1e0d097df75cf187f4156e1d5
[6.047s] -- Installing: /home/student/RoboticsStudio1/install/41068_ignition_bringup/local/lib/python3.10/dist-packages/41068_ignition_bringup/.git/objects/45/4fcc72c8f8c7eb4da140687951b31f4f0e9725
[6.047s] -- Installing: /home/student/RoboticsStudio1/install/41068_ignition_bringup/local/lib/python3.10/dist-packages/41068_ignition_bringup/.git/objects/8b
[6.047s] -- Installing: /home/student/RoboticsStudio1/install/41068_ignition_bringup/local/lib/python3.10/dist-packages/41068_ignition_bringup/.git/objects/8b/ac27601750e6bde18832c902f859a74343e10c
[6.047s] -- Installing: /home/student/RoboticsStudio1/install/41068_ignition_bringup/local/lib/python3.10/dist-packages/41068_ignition_bringup/.git/objects/ad
[6.047s] -- Installing: /home/student/RoboticsStudio1/install/41068_ignition_bringup/local/lib/python3.10/dist-packages/41068_ignition_bringup/.git/objects/ad/a6a172b1ce0c5ee11a513baedf00a61ad74d45
[6.047s] -- Installing: /home/student/RoboticsStudio1/install/41068_ignition_bringup/local/lib/python3.10/dist-packages/41068_ignition_bringup/.git/objects/ae
[6.047s] -- Installing: /home/student/RoboticsStudio1/install/41068_ignition_bringup/local/lib/python3.10/dist-packages/41068_ignition_bringup/.git/objects/ae/3c7dc93e4237e742905e68af652c17936d39af
[6.048s] -- Installing: /home/student/RoboticsStudio1/install/41068_ignition_bringup/local/lib/python3.10/dist-packages/41068_ignition_bringup/.git/objects/c1
[6.048s] -- Installing: /home/student/RoboticsStudio1/install/41068_ignition_bringup/local/lib/python3.10/dist-packages/41068_ignition_bringup/.git/objects/c1/138f077fbed909f984ed2cc937eedd7b06903b
[6.048s] -- Installing: /home/student/RoboticsStudio1/install/41068_ignition_bringup/local/lib/python3.10/dist-packages/41068_ignition_bringup/.git/objects/74
[6.048s] -- Installing: /home/student/RoboticsStudio1/install/41068_ignition_bringup/local/lib/python3.10/dist-packages/41068_ignition_bringup/.git/objects/74/033f4b27c89cb325f610322691f379b7babbfb
[6.048s] -- Installing: /home/student/RoboticsStudio1/install/41068_ignition_bringup/local/lib/python3.10/dist-packages/41068_ignition_bringup/.git/objects/50
[6.048s] -- Installing: /home/student/RoboticsStudio1/install/41068_ignition_bringup/local/lib/python3.10/dist-packages/41068_ignition_bringup/.git/objects/50/4d97d511eee94597d2ce56323720978caca928
[6.048s] -- Installing: /home/student/RoboticsStudio1/install/41068_ignition_bringup/local/lib/python3.10/dist-packages/41068_ignition_bringup/.git/objects/fd
[6.048s] -- Installing: /home/student/RoboticsStudio1/install/41068_ignition_bringup/local/lib/python3.10/dist-packages/41068_ignition_bringup/.git/objects/fd/fd7a96040c34a8710e8f5242d400f53b203b4f
[6.048s] -- Installing: /home/student/RoboticsStudio1/install/41068_ignition_bringup/local/lib/python3.10/dist-packages/41068_ignition_bringup/.git/objects/3a
[6.048s] -- Installing: /home/student/RoboticsStudio1/install/41068_ignition_bringup/local/lib/python3.10/dist-packages/41068_ignition_bringup/.git/objects/3a/2cd54c4d5d2f62f323212f6b049cc6de2a68ba
[6.049s] -- Installing: /home/student/RoboticsStudio1/install/41068_ignition_bringup/local/lib/python3.10/dist-packages/41068_ignition_bringup/.git/objects/34
[6.049s] -- Installing: /home/student/RoboticsStudio1/install/41068_ignition_bringup/local/lib/python3.10/dist-packages/41068_ignition_bringup/.git/objects/34/3078f7ac250492a6b9366f9cacd91ca0ebb69a
[6.049s] -- Installing: /home/student/RoboticsStudio1/install/41068_ignition_bringup/local/lib/python3.10/dist-packages/41068_ignition_bringup/.git/objects/b8
[6.049s] -- Installing: /home/student/RoboticsStudio1/install/41068_ignition_bringup/local/lib/python3.10/dist-packages/41068_ignition_bringup/.git/objects/b8/58a780ec178fb20390efa2f377c7c3e78a584a
[6.049s] -- Installing: /home/student/RoboticsStudio1/install/41068_ignition_bringup/local/lib/python3.10/dist-packages/41068_ignition_bringup/.git/objects/15
[6.049s] -- Installing: /home/student/RoboticsStudio1/install/41068_ignition_bringup/local/lib/python3.10/dist-packages/41068_ignition_bringup/.git/objects/15/0d64aa2c3bf8a7b601d01160c1c796aeb56880
[6.049s] -- Installing: /home/student/RoboticsStudio1/install/41068_ignition_bringup/local/lib/python3.10/dist-packages/41068_ignition_bringup/.git/objects/cc
[6.049s] -- Installing: /home/student/RoboticsStudio1/install/41068_ignition_bringup/local/lib/python3.10/dist-packages/41068_ignition_bringup/.git/objects/cc/26da5a40f6ad01f772eeda6b34ac60d796609e
[6.049s] -- Installing: /home/student/RoboticsStudio1/install/41068_ignition_bringup/local/lib/python3.10/dist-packages/41068_ignition_bringup/.git/objects/9c
[6.049s] -- Installing: /home/student/RoboticsStudio1/install/41068_ignition_bringup/local/lib/python3.10/dist-packages/41068_ignition_bringup/.git/objects/9c/438f773020d3e1774eca41879b281e992b4b23
[6.049s] -- Installing: /home/student/RoboticsStudio1/install/41068_ignition_bringup/local/lib/python3.10/dist-packages/41068_ignition_bringup/.git/objects/84
[6.050s] -- Installing: /home/student/RoboticsStudio1/install/41068_ignition_bringup/local/lib/python3.10/dist-packages/41068_ignition_bringup/.git/objects/84/594c8e943a71dfb3fc9b4aa173aa256bb4eabe
[6.050s] -- Installing: /home/student/RoboticsStudio1/install/41068_ignition_bringup/local/lib/python3.10/dist-packages/41068_ignition_bringup/.git/objects/ce
[6.050s] -- Installing: /home/student/RoboticsStudio1/install/41068_ignition_bringup/local/lib/python3.10/dist-packages/41068_ignition_bringup/.git/objects/ce/5b57f0a67d771e5cdd5f6b80094eb7b3c73875
[6.050s] -- Installing: /home/student/RoboticsStudio1/install/41068_ignition_bringup/local/lib/python3.10/dist-packages/41068_ignition_bringup/.git/objects/f8
[6.050s] -- Installing: /home/student/RoboticsStudio1/install/41068_ignition_bringup/local/lib/python3.10/dist-packages/41068_ignition_bringup/.git/objects/f8/cfaed944d441695c9b636ccf3633f9e7cf2fda
[6.050s] -- Installing: /home/student/RoboticsStudio1/install/41068_ignition_bringup/local/lib/python3.10/dist-packages/41068_ignition_bringup/.git/objects/5e
[6.050s] -- Installing: /home/student/RoboticsStudio1/install/41068_ignition_bringup/local/lib/python3.10/dist-packages/41068_ignition_bringup/.git/objects/5e/c8c2b17e01bdd16874148e2d6c3ba6d221b1e8
[6.050s] -- Installing: /home/student/RoboticsStudio1/install/41068_ignition_bringup/local/lib/python3.10/dist-packages/41068_ignition_bringup/.git/objects/09
[6.050s] -- Installing: /home/student/RoboticsStudio1/install/41068_ignition_bringup/local/lib/python3.10/dist-packages/41068_ignition_bringup/.git/objects/09/0f12f1ec94119ed1a8537c0153e5d0472aa053
[6.050s] -- Installing: /home/student/RoboticsStudio1/install/41068_ignition_bringup/local/lib/python3.10/dist-packages/41068_ignition_bringup/.git/objects/7c
[6.050s] -- Installing: /home/student/RoboticsStudio1/install/41068_ignition_bringup/local/lib/python3.10/dist-packages/41068_ignition_bringup/.git/objects/7c/1f549a472349255884ce7054c21c8cec985bfb
[6.051s] -- Installing: /home/student/RoboticsStudio1/install/41068_ignition_bringup/local/lib/python3.10/dist-packages/41068_ignition_bringup/.git/objects/37
[6.051s] -- Installing: /home/student/RoboticsStudio1/install/41068_ignition_bringup/local/lib/python3.10/dist-packages/41068_ignition_bringup/.git/objects/37/a339558d1379a590b44d3eb77e5d66b38d6d38
[6.051s] -- Installing: /home/student/RoboticsStudio1/install/41068_ignition_bringup/local/lib/python3.10/dist-packages/41068_ignition_bringup/.git/objects/37/295d954fb3141d20a099445091e25296b100ac
[6.051s] -- Installing: /home/student/RoboticsStudio1/install/41068_ignition_bringup/local/lib/python3.10/dist-packages/41068_ignition_bringup/.git/objects/01
[6.051s] -- Installing: /home/student/RoboticsStudio1/install/41068_ignition_bringup/local/lib/python3.10/dist-packages/41068_ignition_bringup/.git/objects/01/dbccb2151c972c2c2f10302e1d58812cc1b5e6
[6.051s] -- Installing: /home/student/RoboticsStudio1/install/41068_ignition_bringup/local/lib/python3.10/dist-packages/41068_ignition_bringup/.git/objects/73
[6.051s] -- Installing: /home/student/RoboticsStudio1/install/41068_ignition_bringup/local/lib/python3.10/dist-packages/41068_ignition_bringup/.git/objects/73/f00f27123ba4b5d8e382211a576c8233a4a78b
[6.051s] -- Installing: /home/student/RoboticsStudio1/install/41068_ignition_bringup/local/lib/python3.10/dist-packages/41068_ignition_bringup/.git/objects/da
[6.051s] -- Installing: /home/student/RoboticsStudio1/install/41068_ignition_bringup/local/lib/python3.10/dist-packages/41068_ignition_bringup/.git/objects/da/e0030c9223d50487ed42eb5bd83d01bacb29e3
[6.051s] -- Installing: /home/student/RoboticsStudio1/install/41068_ignition_bringup/local/lib/python3.10/dist-packages/41068_ignition_bringup/.git/objects/0c
[6.051s] -- Installing: /home/student/RoboticsStudio1/install/41068_ignition_bringup/local/lib/python3.10/dist-packages/41068_ignition_bringup/.git/objects/0c/803d83e2f09bc788c476dc3d271f31fe01a398
[6.052s] -- Installing: /home/student/RoboticsStudio1/install/41068_ignition_bringup/local/lib/python3.10/dist-packages/41068_ignition_bringup/.git/objects/40
[6.052s] -- Installing: /home/student/RoboticsStudio1/install/41068_ignition_bringup/local/lib/python3.10/dist-packages/41068_ignition_bringup/.git/objects/40/474e7ccdec6ee3a0b1db859302632467f5a841
[6.052s] -- Installing: /home/student/RoboticsStudio1/install/41068_ignition_bringup/local/lib/python3.10/dist-packages/41068_ignition_bringup/.git/objects/d8
[6.052s] -- Installing: /home/student/RoboticsStudio1/install/41068_ignition_bringup/local/lib/python3.10/dist-packages/41068_ignition_bringup/.git/objects/d8/0458931e39dbd9ed43b99becbdeb690782e9ba
[6.052s] -- Installing: /home/student/RoboticsStudio1/install/41068_ignition_bringup/local/lib/python3.10/dist-packages/41068_ignition_bringup/.git/objects/27
[6.052s] -- Installing: /home/student/RoboticsStudio1/install/41068_ignition_bringup/local/lib/python3.10/dist-packages/41068_ignition_bringup/.git/objects/27/7d84a14c5ed09cc75fa0bb4721562ca6873c25
[6.052s] -- Installing: /home/student/RoboticsStudio1/install/41068_ignition_bringup/local/lib/python3.10/dist-packages/41068_ignition_bringup/.git/objects/9f
[6.053s] -- Installing: /home/student/RoboticsStudio1/install/41068_ignition_bringup/local/lib/python3.10/dist-packages/41068_ignition_bringup/.git/objects/9f/489dc8bc662430a770742e8cfea5d30151f773
[6.053s] -- Installing: /home/student/RoboticsStudio1/install/41068_ignition_bringup/local/lib/python3.10/dist-packages/41068_ignition_bringup/.git/objects/a4
[6.053s] -- Installing: /home/student/RoboticsStudio1/install/41068_ignition_bringup/local/lib/python3.10/dist-packages/41068_ignition_bringup/.git/objects/a4/a914cba7c10b0ff587b644fa99e988afef5668
[6.053s] -- Installing: /home/student/RoboticsStudio1/install/41068_ignition_bringup/local/lib/python3.10/dist-packages/41068_ignition_bringup/.git/objects/d3
[6.053s] -- Installing: /home/student/RoboticsStudio1/install/41068_ignition_bringup/local/lib/python3.10/dist-packages/41068_ignition_bringup/.git/objects/d3/487f9f8a9ef8bc265f5cc8e9a9e667bb77e165
[6.053s] -- Installing: /home/student/RoboticsStudio1/install/41068_ignition_bringup/local/lib/python3.10/dist-packages/41068_ignition_bringup/.git/objects/d0
[6.053s] -- Installing: /home/student/RoboticsStudio1/install/41068_ignition_bringup/local/lib/python3.10/dist-packages/41068_ignition_bringup/.git/objects/d0/0699b0bf77953ca7be3bc4ed8b2c9757a42282
[6.053s] -- Installing: /home/student/RoboticsStudio1/install/41068_ignition_bringup/local/lib/python3.10/dist-packages/41068_ignition_bringup/.git/objects/05
[6.053s] -- Installing: /home/student/RoboticsStudio1/install/41068_ignition_bringup/local/lib/python3.10/dist-packages/41068_ignition_bringup/.git/objects/05/404129f84de0f6a71237f7424f8c9489deeec6
[6.053s] -- Installing: /home/student/RoboticsStudio1/install/41068_ignition_bringup/local/lib/python3.10/dist-packages/41068_ignition_bringup/.git/objects/d1
[6.054s] -- Installing: /home/student/RoboticsStudio1/install/41068_ignition_bringup/local/lib/python3.10/dist-packages/41068_ignition_bringup/.git/objects/d1/c69407699cbdb96c894376c11aee0e17b136cd
[6.054s] -- Installing: /home/student/RoboticsStudio1/install/41068_ignition_bringup/local/lib/python3.10/dist-packages/41068_ignition_bringup/.git/objects/7e
[6.054s] -- Installing: /home/student/RoboticsStudio1/install/41068_ignition_bringup/local/lib/python3.10/dist-packages/41068_ignition_bringup/.git/objects/7e/785272fef4718b801fd79db04b5f267e435f0b
[6.054s] -- Installing: /home/student/RoboticsStudio1/install/41068_ignition_bringup/local/lib/python3.10/dist-packages/41068_ignition_bringup/.git/objects/7e/b3e7a7f3fa57ac294a6cc147d9a6127aeaabc0
[6.054s] -- Installing: /home/student/RoboticsStudio1/install/41068_ignition_bringup/local/lib/python3.10/dist-packages/41068_ignition_bringup/.git/branches
[6.054s] -- Installing: /home/student/RoboticsStudio1/install/41068_ignition_bringup/local/lib/python3.10/dist-packages/41068_ignition_bringup/.git/refs
[6.054s] -- Installing: /home/student/RoboticsStudio1/install/41068_ignition_bringup/local/lib/python3.10/dist-packages/41068_ignition_bringup/.git/refs/tags
[6.054s] -- Installing: /home/student/RoboticsStudio1/install/41068_ignition_bringup/local/lib/python3.10/dist-packages/41068_ignition_bringup/.git/refs/heads
[6.054s] -- Installing: /home/student/RoboticsStudio1/install/41068_ignition_bringup/local/lib/python3.10/dist-packages/41068_ignition_bringup/.git/refs/heads/graeme
[6.054s] -- Installing: /home/student/RoboticsStudio1/install/41068_ignition_bringup/local/lib/python3.10/dist-packages/41068_ignition_bringup/.git/refs/heads/graeme/initial_edits
[6.054s] -- Installing: /home/student/RoboticsStudio1/install/41068_ignition_bringup/local/lib/python3.10/dist-packages/41068_ignition_bringup/.git/refs/heads/main
[6.054s] -- Installing: /home/student/RoboticsStudio1/install/41068_ignition_bringup/local/lib/python3.10/dist-packages/41068_ignition_bringup/.git/refs/remotes
[6.054s] -- Installing: /home/student/RoboticsStudio1/install/41068_ignition_bringup/local/lib/python3.10/dist-packages/41068_ignition_bringup/.git/refs/remotes/origin
[6.054s] -- Installing: /home/student/RoboticsStudio1/install/41068_ignition_bringup/local/lib/python3.10/dist-packages/41068_ignition_bringup/.git/refs/remotes/origin/HEAD
[6.054s] -- Installing: /home/student/RoboticsStudio1/install/41068_ignition_bringup/local/lib/python3.10/dist-packages/41068_ignition_bringup/.git/refs/remotes/origin/graeme
[6.054s] -- Installing: /home/student/RoboticsStudio1/install/41068_ignition_bringup/local/lib/python3.10/dist-packages/41068_ignition_bringup/.git/refs/remotes/origin/graeme/initial_edits
[6.054s] -- Installing: /home/student/RoboticsStudio1/install/41068_ignition_bringup/local/lib/python3.10/dist-packages/41068_ignition_bringup/.git/lfs
[6.055s] -- Installing: /home/student/RoboticsStudio1/install/41068_ignition_bringup/local/lib/python3.10/dist-packages/41068_ignition_bringup/.git/lfs/incomplete
[6.055s] -- Installing: /home/student/RoboticsStudio1/install/41068_ignition_bringup/local/lib/python3.10/dist-packages/41068_ignition_bringup/.git/lfs/cache
[6.055s] -- Installing: /home/student/RoboticsStudio1/install/41068_ignition_bringup/local/lib/python3.10/dist-packages/41068_ignition_bringup/.git/lfs/cache/locks
[6.055s] -- Installing: /home/student/RoboticsStudio1/install/41068_ignition_bringup/local/lib/python3.10/dist-packages/41068_ignition_bringup/.git/lfs/cache/locks/refs
[6.055s] -- Installing: /home/student/RoboticsStudio1/install/41068_ignition_bringup/local/lib/python3.10/dist-packages/41068_ignition_bringup/.git/lfs/cache/locks/refs/heads
[6.055s] -- Installing: /home/student/RoboticsStudio1/install/41068_ignition_bringup/local/lib/python3.10/dist-packages/41068_ignition_bringup/.git/lfs/cache/locks/refs/heads/graeme
[6.055s] -- Installing: /home/student/RoboticsStudio1/install/41068_ignition_bringup/local/lib/python3.10/dist-packages/41068_ignition_bringup/.git/lfs/cache/locks/refs/heads/graeme/initial_edits
[6.055s] -- Installing: /home/student/RoboticsStudio1/install/41068_ignition_bringup/local/lib/python3.10/dist-packages/41068_ignition_bringup/.git/lfs/cache/locks/refs/heads/graeme/initial_edits/verifiable
[6.055s] -- Installing: /home/student/RoboticsStudio1/install/41068_ignition_bringup/local/lib/python3.10/dist-packages/41068_ignition_bringup/.git/lfs/objects
[6.055s] -- Installing: /home/student/RoboticsStudio1/install/41068_ignition_bringup/local/lib/python3.10/dist-packages/41068_ignition_bringup/.git/lfs/objects/31
[6.055s] -- Installing: /home/student/RoboticsStudio1/install/41068_ignition_bringup/local/lib/python3.10/dist-packages/41068_ignition_bringup/.git/lfs/objects/31/24
[6.055s] -- Installing: /home/student/RoboticsStudio1/install/41068_ignition_bringup/local/lib/python3.10/dist-packages/41068_ignition_bringup/.git/lfs/objects/31/24/312462cd8479bbc924682a5dd44cc230b83bf7cd8a7666e2986174d3ec3bd413
[6.057s] -- Installing: /home/student/RoboticsStudio1/install/41068_ignition_bringup/local/lib/python3.10/dist-packages/41068_ignition_bringup/.git/lfs/objects/02
[6.057s] -- Installing: /home/student/RoboticsStudio1/install/41068_ignition_bringup/local/lib/python3.10/dist-packages/41068_ignition_bringup/.git/lfs/objects/02/dd
[6.057s] -- Installing: /home/student/RoboticsStudio1/install/41068_ignition_bringup/local/lib/python3.10/dist-packages/41068_ignition_bringup/.git/lfs/objects/02/dd/02dd524f9567219f45f55403cf2266e950c586071405e6f823b3cb5e2b37316b
[6.061s] -- Installing: /home/student/RoboticsStudio1/install/41068_ignition_bringup/local/lib/python3.10/dist-packages/41068_ignition_bringup/.git/lfs/objects/e6
[6.061s] -- Installing: /home/student/RoboticsStudio1/install/41068_ignition_bringup/local/lib/python3.10/dist-packages/41068_ignition_bringup/.git/lfs/objects/e6/9c
[6.061s] -- Installing: /home/student/RoboticsStudio1/install/41068_ignition_bringup/local/lib/python3.10/dist-packages/41068_ignition_bringup/.git/lfs/objects/e6/9c/e69c6777dce01975de4efd151a77010cb4fcdabd32f93e53991747918a63fd39
[6.069s] -- Installing: /home/student/RoboticsStudio1/install/41068_ignition_bringup/local/lib/python3.10/dist-packages/41068_ignition_bringup/.git/lfs/objects/03
[6.069s] -- Installing: /home/student/RoboticsStudio1/install/41068_ignition_bringup/local/lib/python3.10/dist-packages/41068_ignition_bringup/.git/lfs/objects/03/e1
[6.069s] -- Installing: /home/student/RoboticsStudio1/install/41068_ignition_bringup/local/lib/python3.10/dist-packages/41068_ignition_bringup/.git/lfs/objects/03/e1/03e1f38dcd2408d9a81d625139a60e1ff2724d7afb99beb5b50e013b1f349120
[6.074s] -- Installing: /home/student/RoboticsStudio1/install/41068_ignition_bringup/local/lib/python3.10/dist-packages/41068_ignition_bringup/.git/lfs/objects/df
[6.074s] -- Installing: /home/student/RoboticsStudio1/install/41068_ignition_bringup/local/lib/python3.10/dist-packages/41068_ignition_bringup/.git/lfs/objects/df/56
[6.074s] -- Installing: /home/student/RoboticsStudio1/install/41068_ignition_bringup/local/lib/python3.10/dist-packages/41068_ignition_bringup/.git/lfs/objects/df/56/df568c15c420a99c31f65c09cff20f9b65dc97bd9f8b81ffa9e06a4b24fe09de
[6.077s] -- Installing: /home/student/RoboticsStudio1/install/41068_ignition_bringup/local/lib/python3.10/dist-packages/41068_ignition_bringup/.git/lfs/objects/17
[6.078s] -- Installing: /home/student/RoboticsStudio1/install/41068_ignition_bringup/local/lib/python3.10/dist-packages/41068_ignition_bringup/.git/lfs/objects/17/98
[6.078s] -- Installing: /home/student/RoboticsStudio1/install/41068_ignition_bringup/local/lib/python3.10/dist-packages/41068_ignition_bringup/.git/lfs/objects/17/98/1798719c1793f05bb7266d1dba76d63a766fe710605d71469339c739ff4e04fe
[6.078s] -- Installing: /home/student/RoboticsStudio1/install/41068_ignition_bringup/local/lib/python3.10/dist-packages/41068_ignition_bringup/.git/lfs/objects/58
[6.078s] -- Installing: /home/student/RoboticsStudio1/install/41068_ignition_bringup/local/lib/python3.10/dist-packages/41068_ignition_bringup/.git/lfs/objects/58/15
[6.078s] -- Installing: /home/student/RoboticsStudio1/install/41068_ignition_bringup/local/lib/python3.10/dist-packages/41068_ignition_bringup/.git/lfs/objects/58/15/58156844084845d8ac144ff14ba619dd17613580963b4195e2154037ec61c4a4
[6.081s] -- Installing: /home/student/RoboticsStudio1/install/41068_ignition_bringup/local/lib/python3.10/dist-packages/41068_ignition_bringup/.git/lfs/tmp
[6.081s] -- Installing: /home/student/RoboticsStudio1/install/41068_ignition_bringup/local/lib/python3.10/dist-packages/41068_ignition_bringup/urdf
[6.081s] -- Installing: /home/student/RoboticsStudio1/install/41068_ignition_bringup/local/lib/python3.10/dist-packages/41068_ignition_bringup/urdf/common_properties.urdf.xacro
[6.082s] -- Installing: /home/student/RoboticsStudio1/install/41068_ignition_bringup/local/lib/python3.10/dist-packages/41068_ignition_bringup/urdf/meshes
[6.082s] -- Installing: /home/student/RoboticsStudio1/install/41068_ignition_bringup/local/lib/python3.10/dist-packages/41068_ignition_bringup/urdf/meshes/top_plate.dae
[6.082s] -- Installing: /home/student/RoboticsStudio1/install/41068_ignition_bringup/local/lib/python3.10/dist-packages/41068_ignition_bringup/urdf/meshes/bumper.dae
[6.082s] -- Installing: /home/student/RoboticsStudio1/install/41068_ignition_bringup/local/lib/python3.10/dist-packages/41068_ignition_bringup/urdf/meshes/base_link.dae
[6.083s] -- Installing: /home/student/RoboticsStudio1/install/41068_ignition_bringup/local/lib/python3.10/dist-packages/41068_ignition_bringup/urdf/meshes/jpl04_arch_nosensor.stl
[6.083s] -- Installing: /home/student/RoboticsStudio1/install/41068_ignition_bringup/local/lib/python3.10/dist-packages/41068_ignition_bringup/urdf/meshes/top_chassis.dae
[6.085s] -- Installing: /home/student/RoboticsStudio1/install/41068_ignition_bringup/local/lib/python3.10/dist-packages/41068_ignition_bringup/urdf/meshes/wheel.dae
[6.088s] -- Installing: /home/student/RoboticsStudio1/install/41068_ignition_bringup/local/lib/python3.10/dist-packages/41068_ignition_bringup/urdf/wheel.urdf.xacro
[6.088s] -- Installing: /home/student/RoboticsStudio1/install/41068_ignition_bringup/local/lib/python3.10/dist-packages/41068_ignition_bringup/urdf/husky.urdf.xacro
[6.088s] -- Installing: /home/student/RoboticsStudio1/install/41068_ignition_bringup/local/lib/python3.10/dist-packages/41068_ignition_bringup/urdf/husky.gazebo.xacro
[6.130s] Listing '/home/student/RoboticsStudio1/install/41068_ignition_bringup/local/lib/python3.10/dist-packages/41068_ignition_bringup'...
[6.130s] Listing '/home/student/RoboticsStudio1/install/41068_ignition_bringup/local/lib/python3.10/dist-packages/41068_ignition_bringup/.git'...
[6.130s] Listing '/home/student/RoboticsStudio1/install/41068_ignition_bringup/local/lib/python3.10/dist-packages/41068_ignition_bringup/.git/branches'...
[6.130s] Listing '/home/student/RoboticsStudio1/install/41068_ignition_bringup/local/lib/python3.10/dist-packages/41068_ignition_bringup/.git/hooks'...
[6.130s] Listing '/home/student/RoboticsStudio1/install/41068_ignition_bringup/local/lib/python3.10/dist-packages/41068_ignition_bringup/.git/info'...
[6.130s] Listing '/home/student/RoboticsStudio1/install/41068_ignition_bringup/local/lib/python3.10/dist-packages/41068_ignition_bringup/.git/lfs'...
[6.131s] Listing '/home/student/RoboticsStudio1/install/41068_ignition_bringup/local/lib/python3.10/dist-packages/41068_ignition_bringup/.git/lfs/cache'...
[6.131s] Listing '/home/student/RoboticsStudio1/install/41068_ignition_bringup/local/lib/python3.10/dist-packages/41068_ignition_bringup/.git/lfs/cache/locks'...
[6.131s] Listing '/home/student/RoboticsStudio1/install/41068_ignition_bringup/local/lib/python3.10/dist-packages/41068_ignition_bringup/.git/lfs/cache/locks/refs'...
[6.131s] Listing '/home/student/RoboticsStudio1/install/41068_ignition_bringup/local/lib/python3.10/dist-packages/41068_ignition_bringup/.git/lfs/cache/locks/refs/heads'...
[6.131s] Listing '/home/student/RoboticsStudio1/install/41068_ignition_bringup/local/lib/python3.10/dist-packages/41068_ignition_bringup/.git/lfs/cache/locks/refs/heads/graeme'...
[6.131s] Listing '/home/student/RoboticsStudio1/install/41068_ignition_bringup/local/lib/python3.10/dist-packages/41068_ignition_bringup/.git/lfs/cache/locks/refs/heads/graeme/initial_edits'...
[6.131s] Listing '/home/student/RoboticsStudio1/install/41068_ignition_bringup/local/lib/python3.10/dist-packages/41068_ignition_bringup/.git/lfs/incomplete'...
[6.131s] Listing '/home/student/RoboticsStudio1/install/41068_ignition_bringup/local/lib/python3.10/dist-packages/41068_ignition_bringup/.git/lfs/objects'...
[6.131s] Listing '/home/student/RoboticsStudio1/install/41068_ignition_bringup/local/lib/python3.10/dist-packages/41068_ignition_bringup/.git/lfs/objects/02'...
[6.131s] Listing '/home/student/RoboticsStudio1/install/41068_ignition_bringup/local/lib/python3.10/dist-packages/41068_ignition_bringup/.git/lfs/objects/02/dd'...
[6.131s] Listing '/home/student/RoboticsStudio1/install/41068_ignition_bringup/local/lib/python3.10/dist-packages/41068_ignition_bringup/.git/lfs/objects/03'...
[6.131s] Listing '/home/student/RoboticsStudio1/install/41068_ignition_bringup/local/lib/python3.10/dist-packages/41068_ignition_bringup/.git/lfs/objects/03/e1'...
[6.131s] Listing '/home/student/RoboticsStudio1/install/41068_ignition_bringup/local/lib/python3.10/dist-packages/41068_ignition_bringup/.git/lfs/objects/17'...
[6.131s] Listing '/home/student/RoboticsStudio1/install/41068_ignition_bringup/local/lib/python3.10/dist-packages/41068_ignition_bringup/.git/lfs/objects/17/98'...
[6.131s] Listing '/home/student/RoboticsStudio1/install/41068_ignition_bringup/local/lib/python3.10/dist-packages/41068_ignition_bringup/.git/lfs/objects/31'...
[6.131s] Listing '/home/student/RoboticsStudio1/install/41068_ignition_bringup/local/lib/python3.10/dist-packages/41068_ignition_bringup/.git/lfs/objects/31/24'...
[6.132s] Listing '/home/student/RoboticsStudio1/install/41068_ignition_bringup/local/lib/python3.10/dist-packages/41068_ignition_bringup/.git/lfs/objects/58'...
[6.132s] Listing '/home/student/RoboticsStudio1/install/41068_ignition_bringup/local/lib/python3.10/dist-packages/41068_ignition_bringup/.git/lfs/objects/58/15'...
[6.132s] Listing '/home/student/RoboticsStudio1/install/41068_ignition_bringup/local/lib/python3.10/dist-packages/41068_ignition_bringup/.git/lfs/objects/df'...
[6.132s] Listing '/home/student/RoboticsStudio1/install/41068_ignition_bringup/local/lib/python3.10/dist-packages/41068_ignition_bringup/.git/lfs/objects/df/56'...
[6.132s] Listing '/home/student/RoboticsStudio1/install/41068_ignition_bringup/local/lib/python3.10/dist-packages/41068_ignition_bringup/.git/lfs/objects/e6'...
[6.132s] Listing '/home/student/RoboticsStudio1/install/41068_ignition_bringup/local/lib/python3.10/dist-packages/41068_ignition_bringup/.git/lfs/objects/e6/9c'...
[6.132s] Listing '/home/student/RoboticsStudio1/install/41068_ignition_bringup/local/lib/python3.10/dist-packages/41068_ignition_bringup/.git/lfs/tmp'...
[6.132s] Listing '/home/student/RoboticsStudio1/install/41068_ignition_bringup/local/lib/python3.10/dist-packages/41068_ignition_bringup/.git/logs'...
[6.132s] Listing '/home/student/RoboticsStudio1/install/41068_ignition_bringup/local/lib/python3.10/dist-packages/41068_ignition_bringup/.git/logs/refs'...
[6.132s] Listing '/home/student/RoboticsStudio1/install/41068_ignition_bringup/local/lib/python3.10/dist-packages/41068_ignition_bringup/.git/logs/refs/heads'...
[6.133s] Listing '/home/student/RoboticsStudio1/install/41068_ignition_bringup/local/lib/python3.10/dist-packages/41068_ignition_bringup/.git/logs/refs/heads/graeme'...
[6.133s] Listing '/home/student/RoboticsStudio1/install/41068_ignition_bringup/local/lib/python3.10/dist-packages/41068_ignition_bringup/.git/logs/refs/remotes'...
[6.133s] Listing '/home/student/RoboticsStudio1/install/41068_ignition_bringup/local/lib/python3.10/dist-packages/41068_ignition_bringup/.git/logs/refs/remotes/origin'...
[6.133s] Listing '/home/student/RoboticsStudio1/install/41068_ignition_bringup/local/lib/python3.10/dist-packages/41068_ignition_bringup/.git/logs/refs/remotes/origin/graeme'...
[6.133s] Listing '/home/student/RoboticsStudio1/install/41068_ignition_bringup/local/lib/python3.10/dist-packages/41068_ignition_bringup/.git/objects'...
[6.133s] Listing '/home/student/RoboticsStudio1/install/41068_ignition_bringup/local/lib/python3.10/dist-packages/41068_ignition_bringup/.git/objects/01'...
[6.133s] Listing '/home/student/RoboticsStudio1/install/41068_ignition_bringup/local/lib/python3.10/dist-packages/41068_ignition_bringup/.git/objects/02'...
[6.133s] Listing '/home/student/RoboticsStudio1/install/41068_ignition_bringup/local/lib/python3.10/dist-packages/41068_ignition_bringup/.git/objects/05'...
[6.133s] Listing '/home/student/RoboticsStudio1/install/41068_ignition_bringup/local/lib/python3.10/dist-packages/41068_ignition_bringup/.git/objects/09'...
[6.133s] Listing '/home/student/RoboticsStudio1/install/41068_ignition_bringup/local/lib/python3.10/dist-packages/41068_ignition_bringup/.git/objects/0c'...
[6.133s] Listing '/home/student/RoboticsStudio1/install/41068_ignition_bringup/local/lib/python3.10/dist-packages/41068_ignition_bringup/.git/objects/0d'...
[6.133s] Listing '/home/student/RoboticsStudio1/install/41068_ignition_bringup/local/lib/python3.10/dist-packages/41068_ignition_bringup/.git/objects/15'...
[6.133s] Listing '/home/student/RoboticsStudio1/install/41068_ignition_bringup/local/lib/python3.10/dist-packages/41068_ignition_bringup/.git/objects/16'...
[6.133s] Listing '/home/student/RoboticsStudio1/install/41068_ignition_bringup/local/lib/python3.10/dist-packages/41068_ignition_bringup/.git/objects/27'...
[6.133s] Listing '/home/student/RoboticsStudio1/install/41068_ignition_bringup/local/lib/python3.10/dist-packages/41068_ignition_bringup/.git/objects/34'...
[6.133s] Listing '/home/student/RoboticsStudio1/install/41068_ignition_bringup/local/lib/python3.10/dist-packages/41068_ignition_bringup/.git/objects/35'...
[6.134s] Listing '/home/student/RoboticsStudio1/install/41068_ignition_bringup/local/lib/python3.10/dist-packages/41068_ignition_bringup/.git/objects/37'...
[6.134s] Listing '/home/student/RoboticsStudio1/install/41068_ignition_bringup/local/lib/python3.10/dist-packages/41068_ignition_bringup/.git/objects/38'...
[6.134s] Listing '/home/student/RoboticsStudio1/install/41068_ignition_bringup/local/lib/python3.10/dist-packages/41068_ignition_bringup/.git/objects/39'...
[6.134s] Listing '/home/student/RoboticsStudio1/install/41068_ignition_bringup/local/lib/python3.10/dist-packages/41068_ignition_bringup/.git/objects/3a'...
[6.134s] Listing '/home/student/RoboticsStudio1/install/41068_ignition_bringup/local/lib/python3.10/dist-packages/41068_ignition_bringup/.git/objects/40'...
[6.134s] Listing '/home/student/RoboticsStudio1/install/41068_ignition_bringup/local/lib/python3.10/dist-packages/41068_ignition_bringup/.git/objects/45'...
[6.134s] Listing '/home/student/RoboticsStudio1/install/41068_ignition_bringup/local/lib/python3.10/dist-packages/41068_ignition_bringup/.git/objects/46'...
[6.134s] Listing '/home/student/RoboticsStudio1/install/41068_ignition_bringup/local/lib/python3.10/dist-packages/41068_ignition_bringup/.git/objects/47'...
[6.134s] Listing '/home/student/RoboticsStudio1/install/41068_ignition_bringup/local/lib/python3.10/dist-packages/41068_ignition_bringup/.git/objects/4b'...
[6.134s] Listing '/home/student/RoboticsStudio1/install/41068_ignition_bringup/local/lib/python3.10/dist-packages/41068_ignition_bringup/.git/objects/4f'...
[6.134s] Listing '/home/student/RoboticsStudio1/install/41068_ignition_bringup/local/lib/python3.10/dist-packages/41068_ignition_bringup/.git/objects/50'...
[6.134s] Listing '/home/student/RoboticsStudio1/install/41068_ignition_bringup/local/lib/python3.10/dist-packages/41068_ignition_bringup/.git/objects/55'...
[6.134s] Listing '/home/student/RoboticsStudio1/install/41068_ignition_bringup/local/lib/python3.10/dist-packages/41068_ignition_bringup/.git/objects/5b'...
[6.134s] Listing '/home/student/RoboticsStudio1/install/41068_ignition_bringup/local/lib/python3.10/dist-packages/41068_ignition_bringup/.git/objects/5e'...
[6.134s] Listing '/home/student/RoboticsStudio1/install/41068_ignition_bringup/local/lib/python3.10/dist-packages/41068_ignition_bringup/.git/objects/60'...
[6.134s] Listing '/home/student/RoboticsStudio1/install/41068_ignition_bringup/local/lib/python3.10/dist-packages/41068_ignition_bringup/.git/objects/69'...
[6.134s] Listing '/home/student/RoboticsStudio1/install/41068_ignition_bringup/local/lib/python3.10/dist-packages/41068_ignition_bringup/.git/objects/73'...
[6.135s] Listing '/home/student/RoboticsStudio1/install/41068_ignition_bringup/local/lib/python3.10/dist-packages/41068_ignition_bringup/.git/objects/74'...
[6.135s] Listing '/home/student/RoboticsStudio1/install/41068_ignition_bringup/local/lib/python3.10/dist-packages/41068_ignition_bringup/.git/objects/7c'...
[6.135s] Listing '/home/student/RoboticsStudio1/install/41068_ignition_bringup/local/lib/python3.10/dist-packages/41068_ignition_bringup/.git/objects/7d'...
[6.135s] Listing '/home/student/RoboticsStudio1/install/41068_ignition_bringup/local/lib/python3.10/dist-packages/41068_ignition_bringup/.git/objects/7e'...
[6.135s] Listing '/home/student/RoboticsStudio1/install/41068_ignition_bringup/local/lib/python3.10/dist-packages/41068_ignition_bringup/.git/objects/7f'...
[6.135s] Listing '/home/student/RoboticsStudio1/install/41068_ignition_bringup/local/lib/python3.10/dist-packages/41068_ignition_bringup/.git/objects/84'...
[6.135s] Listing '/home/student/RoboticsStudio1/install/41068_ignition_bringup/local/lib/python3.10/dist-packages/41068_ignition_bringup/.git/objects/8b'...
[6.135s] Listing '/home/student/RoboticsStudio1/install/41068_ignition_bringup/local/lib/python3.10/dist-packages/41068_ignition_bringup/.git/objects/8c'...
[6.135s] Listing '/home/student/RoboticsStudio1/install/41068_ignition_bringup/local/lib/python3.10/dist-packages/41068_ignition_bringup/.git/objects/8d'...
[6.135s] Listing '/home/student/RoboticsStudio1/install/41068_ignition_bringup/local/lib/python3.10/dist-packages/41068_ignition_bringup/.git/objects/8e'...
[6.135s] Listing '/home/student/RoboticsStudio1/install/41068_ignition_bringup/local/lib/python3.10/dist-packages/41068_ignition_bringup/.git/objects/8f'...
[6.135s] Listing '/home/student/RoboticsStudio1/install/41068_ignition_bringup/local/lib/python3.10/dist-packages/41068_ignition_bringup/.git/objects/98'...
[6.135s] Listing '/home/student/RoboticsStudio1/install/41068_ignition_bringup/local/lib/python3.10/dist-packages/41068_ignition_bringup/.git/objects/9b'...
[6.135s] Listing '/home/student/RoboticsStudio1/install/41068_ignition_bringup/local/lib/python3.10/dist-packages/41068_ignition_bringup/.git/objects/9c'...
[6.135s] Listing '/home/student/RoboticsStudio1/install/41068_ignition_bringup/local/lib/python3.10/dist-packages/41068_ignition_bringup/.git/objects/9d'...
[6.135s] Listing '/home/student/RoboticsStudio1/install/41068_ignition_bringup/local/lib/python3.10/dist-packages/41068_ignition_bringup/.git/objects/9f'...
[6.136s] Listing '/home/student/RoboticsStudio1/install/41068_ignition_bringup/local/lib/python3.10/dist-packages/41068_ignition_bringup/.git/objects/a4'...
[6.136s] Listing '/home/student/RoboticsStudio1/install/41068_ignition_bringup/local/lib/python3.10/dist-packages/41068_ignition_bringup/.git/objects/a6'...
[6.136s] Listing '/home/student/RoboticsStudio1/install/41068_ignition_bringup/local/lib/python3.10/dist-packages/41068_ignition_bringup/.git/objects/ad'...
[6.136s] Listing '/home/student/RoboticsStudio1/install/41068_ignition_bringup/local/lib/python3.10/dist-packages/41068_ignition_bringup/.git/objects/ae'...
[6.136s] Listing '/home/student/RoboticsStudio1/install/41068_ignition_bringup/local/lib/python3.10/dist-packages/41068_ignition_bringup/.git/objects/af'...
[6.136s] Listing '/home/student/RoboticsStudio1/install/41068_ignition_bringup/local/lib/python3.10/dist-packages/41068_ignition_bringup/.git/objects/b2'...
[6.136s] Listing '/home/student/RoboticsStudio1/install/41068_ignition_bringup/local/lib/python3.10/dist-packages/41068_ignition_bringup/.git/objects/b3'...
[6.136s] Listing '/home/student/RoboticsStudio1/install/41068_ignition_bringup/local/lib/python3.10/dist-packages/41068_ignition_bringup/.git/objects/b6'...
[6.136s] Listing '/home/student/RoboticsStudio1/install/41068_ignition_bringup/local/lib/python3.10/dist-packages/41068_ignition_bringup/.git/objects/b8'...
[6.136s] Listing '/home/student/RoboticsStudio1/install/41068_ignition_bringup/local/lib/python3.10/dist-packages/41068_ignition_bringup/.git/objects/c1'...
[6.136s] Listing '/home/student/RoboticsStudio1/install/41068_ignition_bringup/local/lib/python3.10/dist-packages/41068_ignition_bringup/.git/objects/cc'...
[6.136s] Listing '/home/student/RoboticsStudio1/install/41068_ignition_bringup/local/lib/python3.10/dist-packages/41068_ignition_bringup/.git/objects/ce'...
[6.136s] Listing '/home/student/RoboticsStudio1/install/41068_ignition_bringup/local/lib/python3.10/dist-packages/41068_ignition_bringup/.git/objects/d0'...
[6.136s] Listing '/home/student/RoboticsStudio1/install/41068_ignition_bringup/local/lib/python3.10/dist-packages/41068_ignition_bringup/.git/objects/d1'...
[6.136s] Listing '/home/student/RoboticsStudio1/install/41068_ignition_bringup/local/lib/python3.10/dist-packages/41068_ignition_bringup/.git/objects/d3'...
[6.137s] Listing '/home/student/RoboticsStudio1/install/41068_ignition_bringup/local/lib/python3.10/dist-packages/41068_ignition_bringup/.git/objects/d6'...
[6.137s] Listing '/home/student/RoboticsStudio1/install/41068_ignition_bringup/local/lib/python3.10/dist-packages/41068_ignition_bringup/.git/objects/d7'...
[6.137s] Listing '/home/student/RoboticsStudio1/install/41068_ignition_bringup/local/lib/python3.10/dist-packages/41068_ignition_bringup/.git/objects/d8'...
[6.137s] Listing '/home/student/RoboticsStudio1/install/41068_ignition_bringup/local/lib/python3.10/dist-packages/41068_ignition_bringup/.git/objects/da'...
[6.137s] Listing '/home/student/RoboticsStudio1/install/41068_ignition_bringup/local/lib/python3.10/dist-packages/41068_ignition_bringup/.git/objects/df'...
[6.137s] Listing '/home/student/RoboticsStudio1/install/41068_ignition_bringup/local/lib/python3.10/dist-packages/41068_ignition_bringup/.git/objects/f5'...
[6.137s] Listing '/home/student/RoboticsStudio1/install/41068_ignition_bringup/local/lib/python3.10/dist-packages/41068_ignition_bringup/.git/objects/f8'...
[6.137s] Listing '/home/student/RoboticsStudio1/install/41068_ignition_bringup/local/lib/python3.10/dist-packages/41068_ignition_bringup/.git/objects/fc'...
[6.137s] Listing '/home/student/RoboticsStudio1/install/41068_ignition_bringup/local/lib/python3.10/dist-packages/41068_ignition_bringup/.git/objects/fd'...
[6.137s] Listing '/home/student/RoboticsStudio1/install/41068_ignition_bringup/local/lib/python3.10/dist-packages/41068_ignition_bringup/.git/objects/info'...
[6.137s] Listing '/home/student/RoboticsStudio1/install/41068_ignition_bringup/local/lib/python3.10/dist-packages/41068_ignition_bringup/.git/objects/pack'...
[6.137s] Listing '/home/student/RoboticsStudio1/install/41068_ignition_bringup/local/lib/python3.10/dist-packages/41068_ignition_bringup/.git/refs'...
[6.137s] Listing '/home/student/RoboticsStudio1/install/41068_ignition_bringup/local/lib/python3.10/dist-packages/41068_ignition_bringup/.git/refs/heads'...
[6.149s] Listing '/home/student/RoboticsStudio1/install/41068_ignition_bringup/local/lib/python3.10/dist-packages/41068_ignition_bringup/.git/refs/heads/graeme'...
[6.149s] Listing '/home/student/RoboticsStudio1/install/41068_ignition_bringup/local/lib/python3.10/dist-packages/41068_ignition_bringup/.git/refs/remotes'...
[6.149s] Listing '/home/student/RoboticsStudio1/install/41068_ignition_bringup/local/lib/python3.10/dist-packages/41068_ignition_bringup/.git/refs/remotes/origin'...
[6.149s] Listing '/home/student/RoboticsStudio1/install/41068_ignition_bringup/local/lib/python3.10/dist-packages/41068_ignition_bringup/.git/refs/remotes/origin/graeme'...
[6.149s] Listing '/home/student/RoboticsStudio1/install/41068_ignition_bringup/local/lib/python3.10/dist-packages/41068_ignition_bringup/.git/refs/tags'...
[6.149s] Compiling '/home/student/RoboticsStudio1/install/41068_ignition_bringup/local/lib/python3.10/dist-packages/41068_ignition_bringup/__init__.py'...
[6.149s] Listing '/home/student/RoboticsStudio1/install/41068_ignition_bringup/local/lib/python3.10/dist-packages/41068_ignition_bringup/config'...
[6.149s] Listing '/home/student/RoboticsStudio1/install/41068_ignition_bringup/local/lib/python3.10/dist-packages/41068_ignition_bringup/drone_movement'...
[6.149s] Compiling '/home/student/RoboticsStudio1/install/41068_ignition_bringup/local/lib/python3.10/dist-packages/41068_ignition_bringup/drone_movement/dronecontrolling.py'...
[6.149s] Compiling '/home/student/RoboticsStudio1/install/41068_ignition_bringup/local/lib/python3.10/dist-packages/41068_ignition_bringup/drone_movement/dronecontroltest.py'...
[6.150s] Listing '/home/student/RoboticsStudio1/install/41068_ignition_bringup/local/lib/python3.10/dist-packages/41068_ignition_bringup/gui'...
[6.150s] Compiling '/home/student/RoboticsStudio1/install/41068_ignition_bringup/local/lib/python3.10/dist-packages/41068_ignition_bringup/gui/gui_panel.py'...
[6.150s] Listing '/home/student/RoboticsStudio1/install/41068_ignition_bringup/local/lib/python3.10/dist-packages/41068_ignition_bringup/launch'...
[6.150s] Compiling '/home/student/RoboticsStudio1/install/41068_ignition_bringup/local/lib/python3.10/dist-packages/41068_ignition_bringup/launch/41068_ignition.launch.py'...
[6.150s] Compiling '/home/student/RoboticsStudio1/install/41068_ignition_bringup/local/lib/python3.10/dist-packages/41068_ignition_bringup/launch/41068_ignition_drone.launch.py'...
[6.150s] Compiling '/home/student/RoboticsStudio1/install/41068_ignition_bringup/local/lib/python3.10/dist-packages/41068_ignition_bringup/launch/41068_navigation.launch.py'...
[6.150s] Listing '/home/student/RoboticsStudio1/install/41068_ignition_bringup/local/lib/python3.10/dist-packages/41068_ignition_bringup/lidar_processing'...
[6.150s] Compiling '/home/student/RoboticsStudio1/install/41068_ignition_bringup/local/lib/python3.10/dist-packages/41068_ignition_bringup/lidar_processing/__init__.py'...
[6.150s] Compiling '/home/student/RoboticsStudio1/install/41068_ignition_bringup/local/lib/python3.10/dist-packages/41068_ignition_bringup/lidar_processing/filtered_lidar.py'...
[6.150s] Compiling '/home/student/RoboticsStudio1/install/41068_ignition_bringup/local/lib/python3.10/dist-packages/41068_ignition_bringup/lidar_processing/tree_detector.py'...
[6.150s] Listing '/home/student/RoboticsStudio1/install/41068_ignition_bringup/local/lib/python3.10/dist-packages/41068_ignition_bringup/models'...
[6.150s] Listing '/home/student/RoboticsStudio1/install/41068_ignition_bringup/local/lib/python3.10/dist-packages/41068_ignition_bringup/models/forest_plane'...
[6.150s] Listing '/home/student/RoboticsStudio1/install/41068_ignition_bringup/local/lib/python3.10/dist-packages/41068_ignition_bringup/models/forest_plane/materials'...
[6.150s] Listing '/home/student/RoboticsStudio1/install/41068_ignition_bringup/local/lib/python3.10/dist-packages/41068_ignition_bringup/models/forest_plane/materials/textures'...
[6.150s] Listing '/home/student/RoboticsStudio1/install/41068_ignition_bringup/local/lib/python3.10/dist-packages/41068_ignition_bringup/models/forest_wall'...
[6.150s] Listing '/home/student/RoboticsStudio1/install/41068_ignition_bringup/local/lib/python3.10/dist-packages/41068_ignition_bringup/models/forest_wall/materials'...
[6.151s] Listing '/home/student/RoboticsStudio1/install/41068_ignition_bringup/local/lib/python3.10/dist-packages/41068_ignition_bringup/models/forest_wall/materials/textures'...
[6.151s] Listing '/home/student/RoboticsStudio1/install/41068_ignition_bringup/local/lib/python3.10/dist-packages/41068_ignition_bringup/models/grass_plane'...
[6.151s] Listing '/home/student/RoboticsStudio1/install/41068_ignition_bringup/local/lib/python3.10/dist-packages/41068_ignition_bringup/models/grass_plane/materials'...
[6.151s] Listing '/home/student/RoboticsStudio1/install/41068_ignition_bringup/local/lib/python3.10/dist-packages/41068_ignition_bringup/models/grass_plane/materials/textures'...
[6.151s] Listing '/home/student/RoboticsStudio1/install/41068_ignition_bringup/local/lib/python3.10/dist-packages/41068_ignition_bringup/odom'...
[6.151s] Compiling '/home/student/RoboticsStudio1/install/41068_ignition_bringup/local/lib/python3.10/dist-packages/41068_ignition_bringup/odom/__init__.py'...
[6.151s] Compiling '/home/student/RoboticsStudio1/install/41068_ignition_bringup/local/lib/python3.10/dist-packages/41068_ignition_bringup/odom/odometry_listener.py'...
[6.151s] Listing '/home/student/RoboticsStudio1/install/41068_ignition_bringup/local/lib/python3.10/dist-packages/41068_ignition_bringup/path_planning'...
[6.151s] Compiling '/home/student/RoboticsStudio1/install/41068_ignition_bringup/local/lib/python3.10/dist-packages/41068_ignition_bringup/path_planning/test_snake_waypoints.py'...
[6.151s] Compiling '/home/student/RoboticsStudio1/install/41068_ignition_bringup/local/lib/python3.10/dist-packages/41068_ignition_bringup/runner.py'...
[6.151s] Listing '/home/student/RoboticsStudio1/install/41068_ignition_bringup/local/lib/python3.10/dist-packages/41068_ignition_bringup/urdf'...
[6.151s] Listing '/home/student/RoboticsStudio1/install/41068_ignition_bringup/local/lib/python3.10/dist-packages/41068_ignition_bringup/urdf/meshes'...
[6.151s] Listing '/home/student/RoboticsStudio1/install/41068_ignition_bringup/local/lib/python3.10/dist-packages/41068_ignition_bringup/urdf_drone'...
[6.151s] Listing '/home/student/RoboticsStudio1/install/41068_ignition_bringup/local/lib/python3.10/dist-packages/41068_ignition_bringup/urdf_drone/meshes'...
[6.151s] Listing '/home/student/RoboticsStudio1/install/41068_ignition_bringup/local/lib/python3.10/dist-packages/41068_ignition_bringup/urdf_drone/thumbnails'...
[6.151s] Listing '/home/student/RoboticsStudio1/install/41068_ignition_bringup/local/lib/python3.10/dist-packages/41068_ignition_bringup/worlds'...
[6.155s] -- Installing: /home/student/RoboticsStudio1/install/41068_ignition_bringup/lib/41068_ignition_bringup/filtered_lidar.py
[6.155s] -- Installing: /home/student/RoboticsStudio1/install/41068_ignition_bringup/lib/41068_ignition_bringup/tree_detector.py
[6.155s] -- Installing: /home/student/RoboticsStudio1/install/41068_ignition_bringup/lib/41068_ignition_bringup/gui_panel.py
[6.155s] -- Installing: /home/student/RoboticsStudio1/install/41068_ignition_bringup/lib/41068_ignition_bringup/odometry_listener.py
[6.155s] -- Installing: /home/student/RoboticsStudio1/install/41068_ignition_bringup/share/41068_ignition_bringup/config
[6.155s] -- Installing: /home/student/RoboticsStudio1/install/41068_ignition_bringup/share/41068_ignition_bringup/config/gazebo_bridge.yaml
[6.155s] -- Installing: /home/student/RoboticsStudio1/install/41068_ignition_bringup/share/41068_ignition_bringup/config/slam_params.yaml
[6.155s] -- Installing: /home/student/RoboticsStudio1/install/41068_ignition_bringup/share/41068_ignition_bringup/config/nav2_params.yaml
[6.156s] -- Installing: /home/student/RoboticsStudio1/install/41068_ignition_bringup/share/41068_ignition_bringup/config/robot_localization.yaml
[6.156s] -- Installing: /home/student/RoboticsStudio1/install/41068_ignition_bringup/share/41068_ignition_bringup/config/41068.rviz
[6.156s] -- Installing: /home/student/RoboticsStudio1/install/41068_ignition_bringup/share/41068_ignition_bringup/launch
[6.156s] -- Installing: /home/student/RoboticsStudio1/install/41068_ignition_bringup/share/41068_ignition_bringup/launch/41068_navigation.launch.py
[6.156s] -- Installing: /home/student/RoboticsStudio1/install/41068_ignition_bringup/share/41068_ignition_bringup/launch/41068_ignition.launch.py
[6.156s] -- Installing: /home/student/RoboticsStudio1/install/41068_ignition_bringup/share/41068_ignition_bringup/launch/41068_ignition_drone.launch.py
[6.156s] -- Installing: /home/student/RoboticsStudio1/install/41068_ignition_bringup/share/41068_ignition_bringup/models
[6.156s] -- Installing: /home/student/RoboticsStudio1/install/41068_ignition_bringup/share/41068_ignition_bringup/models/grass_plane
[6.156s] -- Installing: /home/student/RoboticsStudio1/install/41068_ignition_bringup/share/41068_ignition_bringup/models/grass_plane/model.config
[6.157s] -- Installing: /home/student/RoboticsStudio1/install/41068_ignition_bringup/share/41068_ignition_bringup/models/grass_plane/model.sdf
[6.157s] -- Installing: /home/student/RoboticsStudio1/install/41068_ignition_bringup/share/41068_ignition_bringup/models/grass_plane/materials
[6.157s] -- Installing: /home/student/RoboticsStudio1/install/41068_ignition_bringup/share/41068_ignition_bringup/models/grass_plane/materials/textures
[6.157s] -- Installing: /home/student/RoboticsStudio1/install/41068_ignition_bringup/share/41068_ignition_bringup/models/grass_plane/materials/textures/empty_grass.png
[6.161s] -- Installing: /home/student/RoboticsStudio1/install/41068_ignition_bringup/share/41068_ignition_bringup/models/forest_plane
[6.161s] -- Installing: /home/student/RoboticsStudio1/install/41068_ignition_bringup/share/41068_ignition_bringup/models/forest_plane/model.config
[6.161s] -- Installing: /home/student/RoboticsStudio1/install/41068_ignition_bringup/share/41068_ignition_bringup/models/forest_plane/model.sdf
[6.161s] -- Installing: /home/student/RoboticsStudio1/install/41068_ignition_bringup/share/41068_ignition_bringup/models/forest_plane/materials
[6.162s] -- Installing: /home/student/RoboticsStudio1/install/41068_ignition_bringup/share/41068_ignition_bringup/models/forest_plane/materials/textures
[6.162s] -- Installing: /home/student/RoboticsStudio1/install/41068_ignition_bringup/share/41068_ignition_bringup/models/forest_plane/materials/textures/forest_overhead.png
[6.165s] -- Installing: /home/student/RoboticsStudio1/install/41068_ignition_bringup/share/41068_ignition_bringup/models/forest_plane/materials/textures/empty_grass.png
[6.169s] -- Installing: /home/student/RoboticsStudio1/install/41068_ignition_bringup/share/41068_ignition_bringup/models/forest_plane/materials/textures/leaf_litter.png
[6.173s] -- Installing: /home/student/RoboticsStudio1/install/41068_ignition_bringup/share/41068_ignition_bringup/models/forest_wall
[6.173s] -- Installing: /home/student/RoboticsStudio1/install/41068_ignition_bringup/share/41068_ignition_bringup/models/forest_wall/model.config
[6.173s] -- Installing: /home/student/RoboticsStudio1/install/41068_ignition_bringup/share/41068_ignition_bringup/models/forest_wall/model.sdf
[6.173s] -- Installing: /home/student/RoboticsStudio1/install/41068_ignition_bringup/share/41068_ignition_bringup/models/forest_wall/materials
[6.173s] -- Installing: /home/student/RoboticsStudio1/install/41068_ignition_bringup/share/41068_ignition_bringup/models/forest_wall/materials/textures
[6.173s] -- Installing: /home/student/RoboticsStudio1/install/41068_ignition_bringup/share/41068_ignition_bringup/models/forest_wall/materials/textures/forest_wall_transparent.png
[6.176s] -- Installing: /home/student/RoboticsStudio1/install/41068_ignition_bringup/share/41068_ignition_bringup/models/forest_wall/materials/textures/forest_wall_transparent_small.png
[6.176s] -- Installing: /home/student/RoboticsStudio1/install/41068_ignition_bringup/share/41068_ignition_bringup/models/forest_wall/materials/textures/forest_wall.png
[6.179s] -- Installing: /home/student/RoboticsStudio1/install/41068_ignition_bringup/share/41068_ignition_bringup/urdf
[6.179s] -- Installing: /home/student/RoboticsStudio1/install/41068_ignition_bringup/share/41068_ignition_bringup/urdf/common_properties.urdf.xacro
[6.179s] -- Installing: /home/student/RoboticsStudio1/install/41068_ignition_bringup/share/41068_ignition_bringup/urdf/meshes
[6.179s] -- Installing: /home/student/RoboticsStudio1/install/41068_ignition_bringup/share/41068_ignition_bringup/urdf/meshes/top_plate.dae
[6.180s] -- Installing: /home/student/RoboticsStudio1/install/41068_ignition_bringup/share/41068_ignition_bringup/urdf/meshes/bumper.dae
[6.180s] -- Installing: /home/student/RoboticsStudio1/install/41068_ignition_bringup/share/41068_ignition_bringup/urdf/meshes/base_link.dae
[6.181s] -- Installing: /home/student/RoboticsStudio1/install/41068_ignition_bringup/share/41068_ignition_bringup/urdf/meshes/jpl04_arch_nosensor.stl
[6.181s] -- Installing: /home/student/RoboticsStudio1/install/41068_ignition_bringup/share/41068_ignition_bringup/urdf/meshes/top_chassis.dae
[6.183s] -- Installing: /home/student/RoboticsStudio1/install/41068_ignition_bringup/share/41068_ignition_bringup/urdf/meshes/wheel.dae
[6.186s] -- Installing: /home/student/RoboticsStudio1/install/41068_ignition_bringup/share/41068_ignition_bringup/urdf/wheel.urdf.xacro
[6.186s] -- Installing: /home/student/RoboticsStudio1/install/41068_ignition_bringup/share/41068_ignition_bringup/urdf/husky.urdf.xacro
[6.186s] -- Installing: /home/student/RoboticsStudio1/install/41068_ignition_bringup/share/41068_ignition_bringup/urdf/husky.gazebo.xacro
[6.186s] -- Installing: /home/student/RoboticsStudio1/install/41068_ignition_bringup/share/41068_ignition_bringup/worlds
[6.186s] -- Installing: /home/student/RoboticsStudio1/install/41068_ignition_bringup/share/41068_ignition_bringup/worlds/simple_trees.sdf
[6.187s] -- Installing: /home/student/RoboticsStudio1/install/41068_ignition_bringup/share/41068_ignition_bringup/worlds/large_demo.sdf
[6.187s] -- Installing: /home/student/RoboticsStudio1/install/41068_ignition_bringup/share/41068_ignition_bringup/urdf_drone
[6.187s] -- Installing: /home/student/RoboticsStudio1/install/41068_ignition_bringup/share/41068_ignition_bringup/urdf_drone/model.config
[6.187s] -- Installing: /home/student/RoboticsStudio1/install/41068_ignition_bringup/share/41068_ignition_bringup/urdf_drone/model.sdf
[6.187s] -- Installing: /home/student/RoboticsStudio1/install/41068_ignition_bringup/share/41068_ignition_bringup/urdf_drone/common_properties.urdf.xacro
[6.187s] -- Installing: /home/student/RoboticsStudio1/install/41068_ignition_bringup/share/41068_ignition_bringup/urdf_drone/thumbnails
[6.187s] -- Installing: /home/student/RoboticsStudio1/install/41068_ignition_bringup/share/41068_ignition_bringup/urdf_drone/thumbnails/4.png
[6.187s] -- Installing: /home/student/RoboticsStudio1/install/41068_ignition_bringup/share/41068_ignition_bringup/urdf_drone/thumbnails/2.png
[6.187s] -- Installing: /home/student/RoboticsStudio1/install/41068_ignition_bringup/share/41068_ignition_bringup/urdf_drone/thumbnails/5.png
[6.187s] -- Installing: /home/student/RoboticsStudio1/install/41068_ignition_bringup/share/41068_ignition_bringup/urdf_drone/thumbnails/1.png
[6.188s] -- Installing: /home/student/RoboticsStudio1/install/41068_ignition_bringup/share/41068_ignition_bringup/urdf_drone/thumbnails/3.png
[6.188s] -- Installing: /home/student/RoboticsStudio1/install/41068_ignition_bringup/share/41068_ignition_bringup/urdf_drone/meshes
[6.188s] -- Installing: /home/student/RoboticsStudio1/install/41068_ignition_bringup/share/41068_ignition_bringup/urdf_drone/meshes/propeller_fr.dae
[6.188s] -- Installing: /home/student/RoboticsStudio1/install/41068_ignition_bringup/share/41068_ignition_bringup/urdf_drone/meshes/propeller_fl.dae
[6.188s] -- Installing: /home/student/RoboticsStudio1/install/41068_ignition_bringup/share/41068_ignition_bringup/urdf_drone/meshes/propeller_rl.dae
[6.189s] -- Installing: /home/student/RoboticsStudio1/install/41068_ignition_bringup/share/41068_ignition_bringup/urdf_drone/meshes/hull.dae
[6.193s] -- Installing: /home/student/RoboticsStudio1/install/41068_ignition_bringup/share/41068_ignition_bringup/urdf_drone/meshes/propeller_rr.dae
[6.193s] -- Installing: /home/student/RoboticsStudio1/install/41068_ignition_bringup/share/41068_ignition_bringup/urdf_drone/parrot.gazebo.xacro
[6.193s] -- Installing: /home/student/RoboticsStudio1/install/41068_ignition_bringup/share/41068_ignition_bringup/urdf_drone/parrot.urdf.xacro
[6.193s] -- Installing: /home/student/RoboticsStudio1/install/41068_ignition_bringup/share/ament_index/resource_index/package_run_dependencies/41068_ignition_bringup
[6.193s] -- Installing: /home/student/RoboticsStudio1/install/41068_ignition_bringup/share/ament_index/resource_index/parent_prefix_path/41068_ignition_bringup
[6.194s] -- Installing: /home/student/RoboticsStudio1/install/41068_ignition_bringup/share/41068_ignition_bringup/environment/ament_prefix_path.sh
[6.194s] -- Installing: /home/student/RoboticsStudio1/install/41068_ignition_bringup/share/41068_ignition_bringup/environment/ament_prefix_path.dsv
[6.194s] -- Installing: /home/student/RoboticsStudio1/install/41068_ignition_bringup/share/41068_ignition_bringup/environment/path.sh
[6.194s] -- Installing: /home/student/RoboticsStudio1/install/41068_ignition_bringup/share/41068_ignition_bringup/environment/path.dsv
[6.194s] -- Installing: /home/student/RoboticsStudio1/install/41068_ignition_bringup/share/41068_ignition_bringup/local_setup.bash
[6.194s] -- Installing: /home/student/RoboticsStudio1/install/41068_ignition_bringup/share/41068_ignition_bringup/local_setup.sh
[6.195s] -- Installing: /home/student/RoboticsStudio1/install/41068_ignition_bringup/share/41068_ignition_bringup/local_setup.zsh
[6.195s] -- Installing: /home/student/RoboticsStudio1/install/41068_ignition_bringup/share/41068_ignition_bringup/local_setup.dsv
[6.195s] -- Installing: /home/student/RoboticsStudio1/install/41068_ignition_bringup/share/41068_ignition_bringup/package.dsv
[6.195s] -- Installing: /home/student/RoboticsStudio1/install/41068_ignition_bringup/share/ament_index/resource_index/packages/41068_ignition_bringup
[6.195s] -- Installing: /home/student/RoboticsStudio1/install/41068_ignition_bringup/share/41068_ignition_bringup/cmake/41068_ignition_bringupConfig.cmake
[6.195s] -- Installing: /home/student/RoboticsStudio1/install/41068_ignition_bringup/share/41068_ignition_bringup/cmake/41068_ignition_bringupConfig-version.cmake
[6.196s] -- Installing: /home/student/RoboticsStudio1/install/41068_ignition_bringup/share/41068_ignition_bringup/package.xml
[6.198s] Invoked command in '/home/student/RoboticsStudio1/build/41068_ignition_bringup' returned '0': CMAKE_PREFIX_PATH=/opt/ros/humble /usr/bin/cmake --install /home/student/RoboticsStudio1/build/41068_ignition_bringup
