-- The C compiler identification is GNU 11.4.0
-- The CXX compiler identification is GNU 11.4.0
-- Detecting C compiler ABI info
-- Detecting C compiler ABI info - done
-- Check for working C compiler: /usr/bin/cc - skipped
-- Detecting C compile features
-- Detecting C compile features - done
-- Detecting CXX compiler ABI info
-- Detecting CXX compiler ABI info - done
-- Check for working CXX compiler: /usr/bin/c++ - skipped
-- Detecting CXX compile features
-- Detecting CXX compile features - done
-- Found ament_cmake: 1.3.12 (/opt/ros/humble/share/ament_cmake/cmake)
-- Found Python3: /usr/bin/python3 (found version "3.10.12") found components: Interpreter 
-- Found ros_ign_interfaces: 0.244.20 (/opt/ros/humble/share/ros_ign_interfaces/cmake)
-- Found rosidl_generator_c: 3.1.7 (/opt/ros/humble/share/rosidl_generator_c/cmake)
-- Found rosidl_adapter: 3.1.7 (/opt/ros/humble/share/rosidl_adapter/cmake)
-- Found rosidl_generator_cpp: 3.1.7 (/opt/ros/humble/share/rosidl_generator_cpp/cmake)
-- Using all available rosidl_typesupport_c: rosidl_typesupport_fastrtps_c;rosidl_typesupport_introspection_c
-- Using all available rosidl_typesupport_cpp: rosidl_typesupport_fastrtps_cpp;rosidl_typesupport_introspection_cpp
WARNING: Package name "41068_ignition_bringup" does not follow the naming conventions. It should start with a lower case letter and only contain lower case letters, digits, underscores, and dashes.
WARNING: Package name "41068_ignition_bringup" does not follow the naming conventions. It should start with a lower case letter and only contain lower case letters, digits, underscores, and dashes.
WARNING: Package name "41068_ignition_bringup" does not follow the naming conventions. It should start with a lower case letter and only contain lower case letters, digits, underscores, and dashes.
WARNING: Package name "41068_ignition_bringup" does not follow the naming conventions. It should start with a lower case letter and only contain lower case letters, digits, underscores, and dashes.
-- Found ament_lint_auto: 0.12.14 (/opt/ros/humble/share/ament_lint_auto/cmake)
WARNING: Package name "41068_ignition_bringup" does not follow the naming conventions. It should start with a lower case letter and only contain lower case letters, digits, underscores, and dashes.
-- Added test 'copyright' to check source files copyright and LICENSE
-- Added test 'flake8' to check Python code syntax and style conventions
-- Added test 'lint_cmake' to check CMake code style
-- Added test 'pep257' to check Python code against some of the docstring style conventions in PEP 257
-- Added test 'xmllint' to check XML markup files
-- Configuring done
-- Generating done
-- Build files have been written to: /home/talis/RoboticsStudio1/build/41068_ignition_bringup
Built target ament_cmake_python_copy_path_planning
Built target ament_cmake_python_copy_lidar_processing
Built target ament_cmake_python_copy_drone_control
Built target ament_cmake_python_copy_lidar_processing_setup
Built target ament_cmake_python_copy_path_planning_setup
Built target ament_cmake_python_copy_drone_control_setup
Built target ament_cmake_python_copy_chainsaw_detector2_setup
Built target ament_cmake_python_copy_chainsaw_detector2
running egg_info
creating lidar_processing.egg-info
writing lidar_processing.egg-info/PKG-INFO
writing dependency_links to lidar_processing.egg-info/dependency_links.txt
writing top-level names to lidar_processing.egg-info/top_level.txt
writing manifest file 'lidar_processing.egg-info/SOURCES.txt'
reading manifest file 'lidar_processing.egg-info/SOURCES.txt'
running egg_info
running egg_info
running egg_info
writing manifest file 'lidar_processing.egg-info/SOURCES.txt'
creating path_planning.egg-info
creating drone_control.egg-info
writing path_planning.egg-info/PKG-INFO
writing drone_control.egg-info/PKG-INFO
writing dependency_links to path_planning.egg-info/dependency_links.txt
writing dependency_links to drone_control.egg-info/dependency_links.txt
writing top-level names to path_planning.egg-info/top_level.txt
writing top-level names to drone_control.egg-info/top_level.txt
creating chainsaw_detector2.egg-info
writing manifest file 'path_planning.egg-info/SOURCES.txt'
writing manifest file 'drone_control.egg-info/SOURCES.txt'
writing chainsaw_detector2.egg-info/PKG-INFO
writing dependency_links to chainsaw_detector2.egg-info/dependency_links.txt
writing top-level names to chainsaw_detector2.egg-info/top_level.txt
writing manifest file 'chainsaw_detector2.egg-info/SOURCES.txt'
reading manifest file 'path_planning.egg-info/SOURCES.txt'
reading manifest file 'drone_control.egg-info/SOURCES.txt'
writing manifest file 'path_planning.egg-info/SOURCES.txt'
writing manifest file 'drone_control.egg-info/SOURCES.txt'
reading manifest file 'chainsaw_detector2.egg-info/SOURCES.txt'
writing manifest file 'chainsaw_detector2.egg-info/SOURCES.txt'
Built target ament_cmake_python_build_lidar_processing_egg
Built target ament_cmake_python_build_drone_control_egg
Built target ament_cmake_python_build_path_planning_egg
Built target ament_cmake_python_build_chainsaw_detector2_egg
-- Install configuration: ""
-- Installing: /home/talis/RoboticsStudio1/install/41068_ignition_bringup/share/41068_ignition_bringup/environment/pythonpath.sh
-- Installing: /home/talis/RoboticsStudio1/install/41068_ignition_bringup/share/41068_ignition_bringup/environment/pythonpath.dsv
-- Installing: /home/talis/RoboticsStudio1/install/41068_ignition_bringup/local/lib/python3.10/dist-packages/lidar_processing-1.0.3-py3.10.egg-info
-- Installing: /home/talis/RoboticsStudio1/install/41068_ignition_bringup/local/lib/python3.10/dist-packages/lidar_processing-1.0.3-py3.10.egg-info/SOURCES.txt
-- Installing: /home/talis/RoboticsStudio1/install/41068_ignition_bringup/local/lib/python3.10/dist-packages/lidar_processing-1.0.3-py3.10.egg-info/dependency_links.txt
-- Installing: /home/talis/RoboticsStudio1/install/41068_ignition_bringup/local/lib/python3.10/dist-packages/lidar_processing-1.0.3-py3.10.egg-info/PKG-INFO
-- Installing: /home/talis/RoboticsStudio1/install/41068_ignition_bringup/local/lib/python3.10/dist-packages/lidar_processing-1.0.3-py3.10.egg-info/top_level.txt
-- Installing: /home/talis/RoboticsStudio1/install/41068_ignition_bringup/local/lib/python3.10/dist-packages/lidar_processing
-- Installing: /home/talis/RoboticsStudio1/install/41068_ignition_bringup/local/lib/python3.10/dist-packages/lidar_processing/filtered_lidar.py
-- Installing: /home/talis/RoboticsStudio1/install/41068_ignition_bringup/local/lib/python3.10/dist-packages/lidar_processing/__init__.py
-- Installing: /home/talis/RoboticsStudio1/install/41068_ignition_bringup/local/lib/python3.10/dist-packages/lidar_processing/tree_detector.py
-- Installing: /home/talis/RoboticsStudio1/install/41068_ignition_bringup/local/lib/python3.10/dist-packages/lidar_processing/all_lidar_processing.py
Listing '/home/talis/RoboticsStudio1/install/41068_ignition_bringup/local/lib/python3.10/dist-packages/lidar_processing'...
Compiling '/home/talis/RoboticsStudio1/install/41068_ignition_bringup/local/lib/python3.10/dist-packages/lidar_processing/__init__.py'...
Compiling '/home/talis/RoboticsStudio1/install/41068_ignition_bringup/local/lib/python3.10/dist-packages/lidar_processing/all_lidar_processing.py'...
Compiling '/home/talis/RoboticsStudio1/install/41068_ignition_bringup/local/lib/python3.10/dist-packages/lidar_processing/filtered_lidar.py'...
Compiling '/home/talis/RoboticsStudio1/install/41068_ignition_bringup/local/lib/python3.10/dist-packages/lidar_processing/tree_detector.py'...
-- Installing: /home/talis/RoboticsStudio1/install/41068_ignition_bringup/local/lib/python3.10/dist-packages/drone_control-1.0.3-py3.10.egg-info
-- Installing: /home/talis/RoboticsStudio1/install/41068_ignition_bringup/local/lib/python3.10/dist-packages/drone_control-1.0.3-py3.10.egg-info/SOURCES.txt
-- Installing: /home/talis/RoboticsStudio1/install/41068_ignition_bringup/local/lib/python3.10/dist-packages/drone_control-1.0.3-py3.10.egg-info/dependency_links.txt
-- Installing: /home/talis/RoboticsStudio1/install/41068_ignition_bringup/local/lib/python3.10/dist-packages/drone_control-1.0.3-py3.10.egg-info/PKG-INFO
-- Installing: /home/talis/RoboticsStudio1/install/41068_ignition_bringup/local/lib/python3.10/dist-packages/drone_control-1.0.3-py3.10.egg-info/top_level.txt
-- Installing: /home/talis/RoboticsStudio1/install/41068_ignition_bringup/local/lib/python3.10/dist-packages/drone_control
-- Installing: /home/talis/RoboticsStudio1/install/41068_ignition_bringup/local/lib/python3.10/dist-packages/drone_control/dronecontroltest.py
-- Installing: /home/talis/RoboticsStudio1/install/41068_ignition_bringup/local/lib/python3.10/dist-packages/drone_control/odometry_listener.py
-- Installing: /home/talis/RoboticsStudio1/install/41068_ignition_bringup/local/lib/python3.10/dist-packages/drone_control/dronecontrolling.py
-- Installing: /home/talis/RoboticsStudio1/install/41068_ignition_bringup/local/lib/python3.10/dist-packages/drone_control/__init__.py
Listing '/home/talis/RoboticsStudio1/install/41068_ignition_bringup/local/lib/python3.10/dist-packages/drone_control'...
Compiling '/home/talis/RoboticsStudio1/install/41068_ignition_bringup/local/lib/python3.10/dist-packages/drone_control/__init__.py'...
Compiling '/home/talis/RoboticsStudio1/install/41068_ignition_bringup/local/lib/python3.10/dist-packages/drone_control/dronecontrolling.py'...
Compiling '/home/talis/RoboticsStudio1/install/41068_ignition_bringup/local/lib/python3.10/dist-packages/drone_control/dronecontroltest.py'...
Compiling '/home/talis/RoboticsStudio1/install/41068_ignition_bringup/local/lib/python3.10/dist-packages/drone_control/odometry_listener.py'...
-- Installing: /home/talis/RoboticsStudio1/install/41068_ignition_bringup/local/lib/python3.10/dist-packages/path_planning-1.0.3-py3.10.egg-info
-- Installing: /home/talis/RoboticsStudio1/install/41068_ignition_bringup/local/lib/python3.10/dist-packages/path_planning-1.0.3-py3.10.egg-info/SOURCES.txt
-- Installing: /home/talis/RoboticsStudio1/install/41068_ignition_bringup/local/lib/python3.10/dist-packages/path_planning-1.0.3-py3.10.egg-info/dependency_links.txt
-- Installing: /home/talis/RoboticsStudio1/install/41068_ignition_bringup/local/lib/python3.10/dist-packages/path_planning-1.0.3-py3.10.egg-info/PKG-INFO
-- Installing: /home/talis/RoboticsStudio1/install/41068_ignition_bringup/local/lib/python3.10/dist-packages/path_planning-1.0.3-py3.10.egg-info/top_level.txt
-- Installing: /home/talis/RoboticsStudio1/install/41068_ignition_bringup/local/lib/python3.10/dist-packages/path_planning
-- Installing: /home/talis/RoboticsStudio1/install/41068_ignition_bringup/local/lib/python3.10/dist-packages/path_planning/snake_path.py
-- Installing: /home/talis/RoboticsStudio1/install/41068_ignition_bringup/local/lib/python3.10/dist-packages/path_planning/__init__.py
Listing '/home/talis/RoboticsStudio1/install/41068_ignition_bringup/local/lib/python3.10/dist-packages/path_planning'...
Compiling '/home/talis/RoboticsStudio1/install/41068_ignition_bringup/local/lib/python3.10/dist-packages/path_planning/__init__.py'...
Compiling '/home/talis/RoboticsStudio1/install/41068_ignition_bringup/local/lib/python3.10/dist-packages/path_planning/snake_path.py'...
-- Installing: /home/talis/RoboticsStudio1/install/41068_ignition_bringup/local/lib/python3.10/dist-packages/chainsaw_detector2-1.0.3-py3.10.egg-info
-- Installing: /home/talis/RoboticsStudio1/install/41068_ignition_bringup/local/lib/python3.10/dist-packages/chainsaw_detector2-1.0.3-py3.10.egg-info/SOURCES.txt
-- Installing: /home/talis/RoboticsStudio1/install/41068_ignition_bringup/local/lib/python3.10/dist-packages/chainsaw_detector2-1.0.3-py3.10.egg-info/dependency_links.txt
-- Installing: /home/talis/RoboticsStudio1/install/41068_ignition_bringup/local/lib/python3.10/dist-packages/chainsaw_detector2-1.0.3-py3.10.egg-info/PKG-INFO
-- Installing: /home/talis/RoboticsStudio1/install/41068_ignition_bringup/local/lib/python3.10/dist-packages/chainsaw_detector2-1.0.3-py3.10.egg-info/top_level.txt
-- Installing: /home/talis/RoboticsStudio1/install/41068_ignition_bringup/local/lib/python3.10/dist-packages/chainsaw_detector2
-- Installing: /home/talis/RoboticsStudio1/install/41068_ignition_bringup/local/lib/python3.10/dist-packages/chainsaw_detector2/test_audio_publisher.py
-- Installing: /home/talis/RoboticsStudio1/install/41068_ignition_bringup/local/lib/python3.10/dist-packages/chainsaw_detector2/chainsaw_detector_node.py
-- Installing: /home/talis/RoboticsStudio1/install/41068_ignition_bringup/local/lib/python3.10/dist-packages/chainsaw_detector2/__init__.py
-- Installing: /home/talis/RoboticsStudio1/install/41068_ignition_bringup/local/lib/python3.10/dist-packages/chainsaw_detector2/README.md
Listing '/home/talis/RoboticsStudio1/install/41068_ignition_bringup/local/lib/python3.10/dist-packages/chainsaw_detector2'...
Compiling '/home/talis/RoboticsStudio1/install/41068_ignition_bringup/local/lib/python3.10/dist-packages/chainsaw_detector2/__init__.py'...
Compiling '/home/talis/RoboticsStudio1/install/41068_ignition_bringup/local/lib/python3.10/dist-packages/chainsaw_detector2/chainsaw_detector_node.py'...
Compiling '/home/talis/RoboticsStudio1/install/41068_ignition_bringup/local/lib/python3.10/dist-packages/chainsaw_detector2/test_audio_publisher.py'...
-- Installing: /home/talis/RoboticsStudio1/install/41068_ignition_bringup/lib/41068_ignition_bringup/filtered_lidar.py
-- Installing: /home/talis/RoboticsStudio1/install/41068_ignition_bringup/lib/41068_ignition_bringup/tree_detector.py
-- Installing: /home/talis/RoboticsStudio1/install/41068_ignition_bringup/lib/41068_ignition_bringup/all_lidar_processing.py
-- Installing: /home/talis/RoboticsStudio1/install/41068_ignition_bringup/lib/41068_ignition_bringup/gui_panel.py
-- Installing: /home/talis/RoboticsStudio1/install/41068_ignition_bringup/lib/41068_ignition_bringup/odometry_listener.py
-- Installing: /home/talis/RoboticsStudio1/install/41068_ignition_bringup/lib/41068_ignition_bringup/dronecontrolling.py
-- Installing: /home/talis/RoboticsStudio1/install/41068_ignition_bringup/lib/41068_ignition_bringup/chainsaw_detector_node.py
-- Installing: /home/talis/RoboticsStudio1/install/41068_ignition_bringup/lib/41068_ignition_bringup/test_audio_publisher.py
-- Installing: /home/talis/RoboticsStudio1/install/41068_ignition_bringup/lib/41068_ignition_bringup/main.py
-- Installing: /home/talis/RoboticsStudio1/install/41068_ignition_bringup/share/41068_ignition_bringup/config
-- Installing: /home/talis/RoboticsStudio1/install/41068_ignition_bringup/share/41068_ignition_bringup/config/robot_localization.yaml
-- Installing: /home/talis/RoboticsStudio1/install/41068_ignition_bringup/share/41068_ignition_bringup/config/41068.rviz
-- Installing: /home/talis/RoboticsStudio1/install/41068_ignition_bringup/share/41068_ignition_bringup/config/nav2_params.yaml
-- Installing: /home/talis/RoboticsStudio1/install/41068_ignition_bringup/share/41068_ignition_bringup/config/gazebo_bridge.yaml
-- Installing: /home/talis/RoboticsStudio1/install/41068_ignition_bringup/share/41068_ignition_bringup/config/slam_params.yaml
-- Installing: /home/talis/RoboticsStudio1/install/41068_ignition_bringup/share/41068_ignition_bringup/launch
-- Installing: /home/talis/RoboticsStudio1/install/41068_ignition_bringup/share/41068_ignition_bringup/launch/41068_ignition_drone.launch.py
-- Installing: /home/talis/RoboticsStudio1/install/41068_ignition_bringup/share/41068_ignition_bringup/launch/chainsaw_audio.launch.py
-- Installing: /home/talis/RoboticsStudio1/install/41068_ignition_bringup/share/41068_ignition_bringup/launch/41068_navigation.launch.py
-- Installing: /home/talis/RoboticsStudio1/install/41068_ignition_bringup/share/41068_ignition_bringup/launch/41068_ignition.launch.py
-- Installing: /home/talis/RoboticsStudio1/install/41068_ignition_bringup/share/41068_ignition_bringup/models
-- Installing: /home/talis/RoboticsStudio1/install/41068_ignition_bringup/share/41068_ignition_bringup/models/grass_plane
-- Installing: /home/talis/RoboticsStudio1/install/41068_ignition_bringup/share/41068_ignition_bringup/models/grass_plane/materials
-- Installing: /home/talis/RoboticsStudio1/install/41068_ignition_bringup/share/41068_ignition_bringup/models/grass_plane/materials/textures
-- Installing: /home/talis/RoboticsStudio1/install/41068_ignition_bringup/share/41068_ignition_bringup/models/grass_plane/materials/textures/empty_grass.png
-- Installing: /home/talis/RoboticsStudio1/install/41068_ignition_bringup/share/41068_ignition_bringup/models/grass_plane/model.config
-- Installing: /home/talis/RoboticsStudio1/install/41068_ignition_bringup/share/41068_ignition_bringup/models/grass_plane/model.sdf
-- Installing: /home/talis/RoboticsStudio1/install/41068_ignition_bringup/share/41068_ignition_bringup/models/forest_wall
-- Installing: /home/talis/RoboticsStudio1/install/41068_ignition_bringup/share/41068_ignition_bringup/models/forest_wall/materials
-- Installing: /home/talis/RoboticsStudio1/install/41068_ignition_bringup/share/41068_ignition_bringup/models/forest_wall/materials/textures
-- Installing: /home/talis/RoboticsStudio1/install/41068_ignition_bringup/share/41068_ignition_bringup/models/forest_wall/materials/textures/forest_wall_transparent_small.png
-- Installing: /home/talis/RoboticsStudio1/install/41068_ignition_bringup/share/41068_ignition_bringup/models/forest_wall/materials/textures/forest_wall.png
-- Installing: /home/talis/RoboticsStudio1/install/41068_ignition_bringup/share/41068_ignition_bringup/models/forest_wall/materials/textures/forest_wall_transparent.png
-- Installing: /home/talis/RoboticsStudio1/install/41068_ignition_bringup/share/41068_ignition_bringup/models/forest_wall/model.config
-- Installing: /home/talis/RoboticsStudio1/install/41068_ignition_bringup/share/41068_ignition_bringup/models/forest_wall/model.sdf
-- Installing: /home/talis/RoboticsStudio1/install/41068_ignition_bringup/share/41068_ignition_bringup/models/walking_person
-- Installing: /home/talis/RoboticsStudio1/install/41068_ignition_bringup/share/41068_ignition_bringup/models/walking_person/materials
-- Installing: /home/talis/RoboticsStudio1/install/41068_ignition_bringup/share/41068_ignition_bringup/models/walking_person/materials/textures
-- Installing: /home/talis/RoboticsStudio1/install/41068_ignition_bringup/share/41068_ignition_bringup/models/walking_person/materials/textures/male02_diffuse_black-unmodified.png
-- Installing: /home/talis/RoboticsStudio1/install/41068_ignition_bringup/share/41068_ignition_bringup/models/walking_person/materials/textures/young_lightskinned_male_diffuse.png
-- Installing: /home/talis/RoboticsStudio1/install/41068_ignition_bringup/share/41068_ignition_bringup/models/walking_person/materials/textures/jeans_basic_diffuse.png
-- Installing: /home/talis/RoboticsStudio1/install/41068_ignition_bringup/share/41068_ignition_bringup/models/walking_person/materials/textures/tshirt02_texture.png
-- Installing: /home/talis/RoboticsStudio1/install/41068_ignition_bringup/share/41068_ignition_bringup/models/walking_person/materials/textures/male02_diffuse_black.png
-- Installing: /home/talis/RoboticsStudio1/install/41068_ignition_bringup/share/41068_ignition_bringup/models/walking_person/materials/textures/green_eye.png
-- Installing: /home/talis/RoboticsStudio1/install/41068_ignition_bringup/share/41068_ignition_bringup/models/walking_person/materials/textures/jeans01_normals.png
-- Installing: /home/talis/RoboticsStudio1/install/41068_ignition_bringup/share/41068_ignition_bringup/models/walking_person/materials/textures/tshirt02_normals.png
-- Installing: /home/talis/RoboticsStudio1/install/41068_ignition_bringup/share/41068_ignition_bringup/models/walking_person/materials/textures/eyebrow001.png
-- Installing: /home/talis/RoboticsStudio1/install/41068_ignition_bringup/share/41068_ignition_bringup/models/walking_person/materials/textures/teeth.png
-- Installing: /home/talis/RoboticsStudio1/install/41068_ignition_bringup/share/41068_ignition_bringup/models/walking_person/materials/textures/eyebrow001-unmodified.png
-- Installing: /home/talis/RoboticsStudio1/install/41068_ignition_bringup/share/41068_ignition_bringup/models/walking_person/thumbnails
-- Installing: /home/talis/RoboticsStudio1/install/41068_ignition_bringup/share/41068_ignition_bringup/models/walking_person/thumbnails/2.png
-- Installing: /home/talis/RoboticsStudio1/install/41068_ignition_bringup/share/41068_ignition_bringup/models/walking_person/thumbnails/3.png
-- Installing: /home/talis/RoboticsStudio1/install/41068_ignition_bringup/share/41068_ignition_bringup/models/walking_person/thumbnails/1.png
-- Installing: /home/talis/RoboticsStudio1/install/41068_ignition_bringup/share/41068_ignition_bringup/models/walking_person/thumbnails/4.png
-- Installing: /home/talis/RoboticsStudio1/install/41068_ignition_bringup/share/41068_ignition_bringup/models/walking_person/thumbnails/5.png
-- Installing: /home/talis/RoboticsStudio1/install/41068_ignition_bringup/share/41068_ignition_bringup/models/walking_person/model.config
-- Installing: /home/talis/RoboticsStudio1/install/41068_ignition_bringup/share/41068_ignition_bringup/models/walking_person/meshes
-- Installing: /home/talis/RoboticsStudio1/install/41068_ignition_bringup/share/41068_ignition_bringup/models/walking_person/meshes/walking.dae
-- Installing: /home/talis/RoboticsStudio1/install/41068_ignition_bringup/share/41068_ignition_bringup/models/walking_person/model.sdf
-- Installing: /home/talis/RoboticsStudio1/install/41068_ignition_bringup/share/41068_ignition_bringup/models/forest_plane
-- Installing: /home/talis/RoboticsStudio1/install/41068_ignition_bringup/share/41068_ignition_bringup/models/forest_plane/materials
-- Installing: /home/talis/RoboticsStudio1/install/41068_ignition_bringup/share/41068_ignition_bringup/models/forest_plane/materials/textures
-- Installing: /home/talis/RoboticsStudio1/install/41068_ignition_bringup/share/41068_ignition_bringup/models/forest_plane/materials/textures/forest_overhead.png
-- Installing: /home/talis/RoboticsStudio1/install/41068_ignition_bringup/share/41068_ignition_bringup/models/forest_plane/materials/textures/empty_grass.png
-- Installing: /home/talis/RoboticsStudio1/install/41068_ignition_bringup/share/41068_ignition_bringup/models/forest_plane/materials/textures/leaf_litter.png
-- Installing: /home/talis/RoboticsStudio1/install/41068_ignition_bringup/share/41068_ignition_bringup/models/forest_plane/model.config
-- Installing: /home/talis/RoboticsStudio1/install/41068_ignition_bringup/share/41068_ignition_bringup/models/forest_plane/model.sdf
-- Installing: /home/talis/RoboticsStudio1/install/41068_ignition_bringup/share/41068_ignition_bringup/models/rock1
-- Installing: /home/talis/RoboticsStudio1/install/41068_ignition_bringup/share/41068_ignition_bringup/models/rock1/materials
-- Installing: /home/talis/RoboticsStudio1/install/41068_ignition_bringup/share/41068_ignition_bringup/models/rock1/materials/scripts
-- Installing: /home/talis/RoboticsStudio1/install/41068_ignition_bringup/share/41068_ignition_bringup/models/rock1/materials/scripts/model.material
-- Installing: /home/talis/RoboticsStudio1/install/41068_ignition_bringup/share/41068_ignition_bringup/models/rock1/materials/textures
-- Installing: /home/talis/RoboticsStudio1/install/41068_ignition_bringup/share/41068_ignition_bringup/models/rock1/materials/textures/FallingRocks_Roughness.jpg
-- Installing: /home/talis/RoboticsStudio1/install/41068_ignition_bringup/share/41068_ignition_bringup/models/rock1/materials/textures/FallingRocks_Albedo.jpg
-- Installing: /home/talis/RoboticsStudio1/install/41068_ignition_bringup/share/41068_ignition_bringup/models/rock1/materials/textures/FallingRocks_Normal.jpg
-- Installing: /home/talis/RoboticsStudio1/install/41068_ignition_bringup/share/41068_ignition_bringup/models/rock1/thumbnails
-- Installing: /home/talis/RoboticsStudio1/install/41068_ignition_bringup/share/41068_ignition_bringup/models/rock1/thumbnails/2.jpg
-- Installing: /home/talis/RoboticsStudio1/install/41068_ignition_bringup/share/41068_ignition_bringup/models/rock1/thumbnails/3.jpg
-- Installing: /home/talis/RoboticsStudio1/install/41068_ignition_bringup/share/41068_ignition_bringup/models/rock1/thumbnails/4.jpg
-- Installing: /home/talis/RoboticsStudio1/install/41068_ignition_bringup/share/41068_ignition_bringup/models/rock1/thumbnails/5.jpg
-- Installing: /home/talis/RoboticsStudio1/install/41068_ignition_bringup/share/41068_ignition_bringup/models/rock1/thumbnails/1.jpg
-- Installing: /home/talis/RoboticsStudio1/install/41068_ignition_bringup/share/41068_ignition_bringup/models/rock1/model.config
-- Installing: /home/talis/RoboticsStudio1/install/41068_ignition_bringup/share/41068_ignition_bringup/models/rock1/meshes
-- Installing: /home/talis/RoboticsStudio1/install/41068_ignition_bringup/share/41068_ignition_bringup/models/rock1/meshes/FallingRock01.dae
-- Installing: /home/talis/RoboticsStudio1/install/41068_ignition_bringup/share/41068_ignition_bringup/models/rock1/meshes/FallingRock01_Collider.dae
-- Installing: /home/talis/RoboticsStudio1/install/41068_ignition_bringup/share/41068_ignition_bringup/models/rock1/model.sdf
-- Installing: /home/talis/RoboticsStudio1/install/41068_ignition_bringup/share/41068_ignition_bringup/models/tree_stump
-- Installing: /home/talis/RoboticsStudio1/install/41068_ignition_bringup/share/41068_ignition_bringup/models/tree_stump/materials
-- Installing: /home/talis/RoboticsStudio1/install/41068_ignition_bringup/share/41068_ignition_bringup/models/tree_stump/materials/scripts
-- Installing: /home/talis/RoboticsStudio1/install/41068_ignition_bringup/share/41068_ignition_bringup/models/tree_stump/materials/scripts/tree.material
-- Installing: /home/talis/RoboticsStudio1/install/41068_ignition_bringup/share/41068_ignition_bringup/models/tree_stump/materials/.DS_Store
-- Installing: /home/talis/RoboticsStudio1/install/41068_ignition_bringup/share/41068_ignition_bringup/models/tree_stump/materials/textures
-- Installing: /home/talis/RoboticsStudio1/install/41068_ignition_bringup/share/41068_ignition_bringup/models/tree_stump/materials/textures/TreeStump024_BUMP_4K_METALNESS.png
-- Installing: /home/talis/RoboticsStudio1/install/41068_ignition_bringup/share/41068_ignition_bringup/models/tree_stump/materials/textures/TreeStump024_DISP_4K_METALNESS.png
-- Installing: /home/talis/RoboticsStudio1/install/41068_ignition_bringup/share/41068_ignition_bringup/models/tree_stump/materials/textures/TreeStump024_ROUGHNESS_4K_METALNESS.png
-- Installing: /home/talis/RoboticsStudio1/install/41068_ignition_bringup/share/41068_ignition_bringup/models/tree_stump/materials/textures/TreeStump024_Preview1.png
-- Installing: /home/talis/RoboticsStudio1/install/41068_ignition_bringup/share/41068_ignition_bringup/models/tree_stump/materials/textures/TreeStump024_AO_4K_METALNESS.png
-- Installing: /home/talis/RoboticsStudio1/install/41068_ignition_bringup/share/41068_ignition_bringup/models/tree_stump/materials/textures/.DS_Store
-- Installing: /home/talis/RoboticsStudio1/install/41068_ignition_bringup/share/41068_ignition_bringup/models/tree_stump/materials/textures/TreeStump024_METALNESS_4K_METALNESS.png
-- Installing: /home/talis/RoboticsStudio1/install/41068_ignition_bringup/share/41068_ignition_bringup/models/tree_stump/TreeStump024_Blender_Cycles.mtl
-- Installing: /home/talis/RoboticsStudio1/install/41068_ignition_bringup/share/41068_ignition_bringup/models/tree_stump/model.config
-- Installing: /home/talis/RoboticsStudio1/install/41068_ignition_bringup/share/41068_ignition_bringup/models/tree_stump/meshes
-- Installing: /home/talis/RoboticsStudio1/install/41068_ignition_bringup/share/41068_ignition_bringup/models/tree_stump/meshes/TreeStump.obj
-- Installing: /home/talis/RoboticsStudio1/install/41068_ignition_bringup/share/41068_ignition_bringup/models/tree_stump/model.sdf
-- Installing: /home/talis/RoboticsStudio1/install/41068_ignition_bringup/share/41068_ignition_bringup/models/tree_stump/.DS_Store
-- Installing: /home/talis/RoboticsStudio1/install/41068_ignition_bringup/share/41068_ignition_bringup/models/tree_stump/TreeStump024_Blender_Cycles.blend
-- Installing: /home/talis/RoboticsStudio1/install/41068_ignition_bringup/share/41068_ignition_bringup/urdf
-- Installing: /home/talis/RoboticsStudio1/install/41068_ignition_bringup/share/41068_ignition_bringup/urdf/husky.gazebo.xacro
-- Installing: /home/talis/RoboticsStudio1/install/41068_ignition_bringup/share/41068_ignition_bringup/urdf/common_properties.urdf.xacro
-- Installing: /home/talis/RoboticsStudio1/install/41068_ignition_bringup/share/41068_ignition_bringup/urdf/husky.urdf.xacro
-- Installing: /home/talis/RoboticsStudio1/install/41068_ignition_bringup/share/41068_ignition_bringup/urdf/meshes
-- Installing: /home/talis/RoboticsStudio1/install/41068_ignition_bringup/share/41068_ignition_bringup/urdf/meshes/top_chassis.dae
-- Installing: /home/talis/RoboticsStudio1/install/41068_ignition_bringup/share/41068_ignition_bringup/urdf/meshes/jpl04_arch_nosensor.stl
-- Installing: /home/talis/RoboticsStudio1/install/41068_ignition_bringup/share/41068_ignition_bringup/urdf/meshes/bumper.dae
-- Installing: /home/talis/RoboticsStudio1/install/41068_ignition_bringup/share/41068_ignition_bringup/urdf/meshes/top_plate.dae
-- Installing: /home/talis/RoboticsStudio1/install/41068_ignition_bringup/share/41068_ignition_bringup/urdf/meshes/wheel.dae
-- Installing: /home/talis/RoboticsStudio1/install/41068_ignition_bringup/share/41068_ignition_bringup/urdf/meshes/base_link.dae
-- Installing: /home/talis/RoboticsStudio1/install/41068_ignition_bringup/share/41068_ignition_bringup/urdf/wheel.urdf.xacro
-- Installing: /home/talis/RoboticsStudio1/install/41068_ignition_bringup/share/41068_ignition_bringup/worlds
-- Installing: /home/talis/RoboticsStudio1/install/41068_ignition_bringup/share/41068_ignition_bringup/worlds/simple_trees_copy.sdf
-- Installing: /home/talis/RoboticsStudio1/install/41068_ignition_bringup/share/41068_ignition_bringup/worlds/large_demo.sdf
-- Installing: /home/talis/RoboticsStudio1/install/41068_ignition_bringup/share/41068_ignition_bringup/worlds/simple_trees.sdf
-- Installing: /home/talis/RoboticsStudio1/install/41068_ignition_bringup/share/41068_ignition_bringup/urdf_drone
-- Installing: /home/talis/RoboticsStudio1/install/41068_ignition_bringup/share/41068_ignition_bringup/urdf_drone/parrot.gazebo.xacro
-- Installing: /home/talis/RoboticsStudio1/install/41068_ignition_bringup/share/41068_ignition_bringup/urdf_drone/thumbnails
-- Installing: /home/talis/RoboticsStudio1/install/41068_ignition_bringup/share/41068_ignition_bringup/urdf_drone/thumbnails/2.png
-- Installing: /home/talis/RoboticsStudio1/install/41068_ignition_bringup/share/41068_ignition_bringup/urdf_drone/thumbnails/3.png
-- Installing: /home/talis/RoboticsStudio1/install/41068_ignition_bringup/share/41068_ignition_bringup/urdf_drone/thumbnails/1.png
-- Installing: /home/talis/RoboticsStudio1/install/41068_ignition_bringup/share/41068_ignition_bringup/urdf_drone/thumbnails/4.png
-- Installing: /home/talis/RoboticsStudio1/install/41068_ignition_bringup/share/41068_ignition_bringup/urdf_drone/thumbnails/5.png
-- Installing: /home/talis/RoboticsStudio1/install/41068_ignition_bringup/share/41068_ignition_bringup/urdf_drone/common_properties.urdf.xacro
-- Installing: /home/talis/RoboticsStudio1/install/41068_ignition_bringup/share/41068_ignition_bringup/urdf_drone/model.config
-- Installing: /home/talis/RoboticsStudio1/install/41068_ignition_bringup/share/41068_ignition_bringup/urdf_drone/meshes
-- Installing: /home/talis/RoboticsStudio1/install/41068_ignition_bringup/share/41068_ignition_bringup/urdf_drone/meshes/hull.dae
-- Installing: /home/talis/RoboticsStudio1/install/41068_ignition_bringup/share/41068_ignition_bringup/urdf_drone/meshes/propeller_fr.dae
-- Installing: /home/talis/RoboticsStudio1/install/41068_ignition_bringup/share/41068_ignition_bringup/urdf_drone/meshes/propeller_rr.dae
-- Installing: /home/talis/RoboticsStudio1/install/41068_ignition_bringup/share/41068_ignition_bringup/urdf_drone/meshes/propeller_fl.dae
-- Installing: /home/talis/RoboticsStudio1/install/41068_ignition_bringup/share/41068_ignition_bringup/urdf_drone/meshes/propeller_rl.dae
-- Installing: /home/talis/RoboticsStudio1/install/41068_ignition_bringup/share/41068_ignition_bringup/urdf_drone/model.sdf
-- Installing: /home/talis/RoboticsStudio1/install/41068_ignition_bringup/share/41068_ignition_bringup/urdf_drone/parrot.urdf.xacro
-- Installing: /home/talis/RoboticsStudio1/install/41068_ignition_bringup/share/ament_index/resource_index/package_run_dependencies/41068_ignition_bringup
-- Installing: /home/talis/RoboticsStudio1/install/41068_ignition_bringup/share/ament_index/resource_index/parent_prefix_path/41068_ignition_bringup
-- Installing: /home/talis/RoboticsStudio1/install/41068_ignition_bringup/share/41068_ignition_bringup/environment/ament_prefix_path.sh
-- Installing: /home/talis/RoboticsStudio1/install/41068_ignition_bringup/share/41068_ignition_bringup/environment/ament_prefix_path.dsv
-- Installing: /home/talis/RoboticsStudio1/install/41068_ignition_bringup/share/41068_ignition_bringup/environment/path.sh
-- Installing: /home/talis/RoboticsStudio1/install/41068_ignition_bringup/share/41068_ignition_bringup/environment/path.dsv
-- Installing: /home/talis/RoboticsStudio1/install/41068_ignition_bringup/share/41068_ignition_bringup/local_setup.bash
-- Installing: /home/talis/RoboticsStudio1/install/41068_ignition_bringup/share/41068_ignition_bringup/local_setup.sh
-- Installing: /home/talis/RoboticsStudio1/install/41068_ignition_bringup/share/41068_ignition_bringup/local_setup.zsh
-- Installing: /home/talis/RoboticsStudio1/install/41068_ignition_bringup/share/41068_ignition_bringup/local_setup.dsv
-- Installing: /home/talis/RoboticsStudio1/install/41068_ignition_bringup/share/41068_ignition_bringup/package.dsv
-- Installing: /home/talis/RoboticsStudio1/install/41068_ignition_bringup/share/ament_index/resource_index/packages/41068_ignition_bringup
-- Installing: /home/talis/RoboticsStudio1/install/41068_ignition_bringup/share/41068_ignition_bringup/cmake/41068_ignition_bringupConfig.cmake
-- Installing: /home/talis/RoboticsStudio1/install/41068_ignition_bringup/share/41068_ignition_bringup/cmake/41068_ignition_bringupConfig-version.cmake
-- Installing: /home/talis/RoboticsStudio1/install/41068_ignition_bringup/share/41068_ignition_bringup/package.xml
