[0.007s] Invoking command in '/home/talis/RoboticsStudio1/build/41068_ignition_bringup': CMAKE_PREFIX_PATH=${CMAKE_PREFIX_PATH}:/opt/ros/humble /usr/bin/cmake /home/talis/RoboticsStudio1/src/41068_ignition_bringup -DCMAKE_INSTALL_PREFIX=/home/talis/RoboticsStudio1/install/41068_ignition_bringup
[0.049s] -- The C compiler identification is GNU 11.4.0
[0.092s] -- The CXX compiler identification is GNU 11.4.0
[0.098s] -- Detecting C compiler ABI info
[0.152s] -- Detecting C compiler ABI info - done
[0.156s] -- Check for working C compiler: /usr/bin/cc - skipped
[0.156s] -- Detecting C compile features
[0.157s] -- Detecting C compile features - done
[0.159s] -- Detecting CXX compiler ABI info
[0.225s] -- Detecting CXX compiler ABI info - done
[0.230s] -- Check for working CXX compiler: /usr/bin/c++ - skipped
[0.230s] -- Detecting CXX compile features
[0.230s] -- Detecting CXX compile features - done
[0.232s] -- Found ament_cmake: 1.3.12 (/opt/ros/humble/share/ament_cmake/cmake)
[0.343s] -- Found Python3: /usr/bin/python3 (found version "3.10.12") found components: Interpreter 
[0.415s] -- Found ros_ign_interfaces: 0.244.20 (/opt/ros/humble/share/ros_ign_interfaces/cmake)
[0.451s] -- Found rosidl_generator_c: 3.1.7 (/opt/ros/humble/share/rosidl_generator_c/cmake)
[0.455s] -- Found rosidl_adapter: 3.1.7 (/opt/ros/humble/share/rosidl_adapter/cmake)
[0.461s] -- Found rosidl_generator_cpp: 3.1.7 (/opt/ros/humble/share/rosidl_generator_cpp/cmake)
[0.469s] -- Using all available rosidl_typesupport_c: rosidl_typesupport_fastrtps_c;rosidl_typesupport_introspection_c
[0.480s] -- Using all available rosidl_typesupport_cpp: rosidl_typesupport_fastrtps_cpp;rosidl_typesupport_introspection_cpp
[0.591s] WARNING: Package name "41068_ignition_bringup" does not follow the naming conventions. It should start with a lower case letter and only contain lower case letters, digits, underscores, and dashes.
[0.629s] WARNING: Package name "41068_ignition_bringup" does not follow the naming conventions. It should start with a lower case letter and only contain lower case letters, digits, underscores, and dashes.
[0.673s] WARNING: Package name "41068_ignition_bringup" does not follow the naming conventions. It should start with a lower case letter and only contain lower case letters, digits, underscores, and dashes.
[0.711s] WARNING: Package name "41068_ignition_bringup" does not follow the naming conventions. It should start with a lower case letter and only contain lower case letters, digits, underscores, and dashes.
[0.717s] -- Found ament_lint_auto: 0.12.14 (/opt/ros/humble/share/ament_lint_auto/cmake)
[0.751s] WARNING: Package name "41068_ignition_bringup" does not follow the naming conventions. It should start with a lower case letter and only contain lower case letters, digits, underscores, and dashes.
[0.778s] -- Added test 'copyright' to check source files copyright and LICENSE
[0.801s] -- Added test 'flake8' to check Python code syntax and style conventions
[0.804s] -- Added test 'lint_cmake' to check CMake code style
[0.805s] -- Added test 'pep257' to check Python code against some of the docstring style conventions in PEP 257
[0.817s] -- Added test 'xmllint' to check XML markup files
[0.818s] -- Configuring done
[0.826s] -- Generating done
[0.829s] -- Build files have been written to: /home/talis/RoboticsStudio1/build/41068_ignition_bringup
[0.835s] Invoked command in '/home/talis/RoboticsStudio1/build/41068_ignition_bringup' returned '0': CMAKE_PREFIX_PATH=${CMAKE_PREFIX_PATH}:/opt/ros/humble /usr/bin/cmake /home/talis/RoboticsStudio1/src/41068_ignition_bringup -DCMAKE_INSTALL_PREFIX=/home/talis/RoboticsStudio1/install/41068_ignition_bringup
[0.836s] Invoking command in '/home/talis/RoboticsStudio1/build/41068_ignition_bringup': CMAKE_PREFIX_PATH=${CMAKE_PREFIX_PATH}:/opt/ros/humble /usr/bin/cmake --build /home/talis/RoboticsStudio1/build/41068_ignition_bringup -- -j12 -l12
[0.879s] Built target ament_cmake_python_copy_path_planning
[0.880s] Built target ament_cmake_python_copy_lidar_processing
[0.880s] Built target ament_cmake_python_copy_drone_control
[0.881s] Built target ament_cmake_python_copy_lidar_processing_setup
[0.882s] Built target ament_cmake_python_copy_path_planning_setup
[0.882s] Built target ament_cmake_python_copy_drone_control_setup
[0.883s] Built target ament_cmake_python_copy_chainsaw_detector2_setup
[0.883s] Built target ament_cmake_python_copy_chainsaw_detector2
[1.045s] running egg_info
[1.046s] creating lidar_processing.egg-info
[1.046s] writing lidar_processing.egg-info/PKG-INFO
[1.046s] writing dependency_links to lidar_processing.egg-info/dependency_links.txt
[1.046s] writing top-level names to lidar_processing.egg-info/top_level.txt
[1.046s] writing manifest file 'lidar_processing.egg-info/SOURCES.txt'
[1.047s] reading manifest file 'lidar_processing.egg-info/SOURCES.txt'
[1.047s] running egg_info
[1.047s] running egg_info
[1.048s] running egg_info
[1.048s] writing manifest file 'lidar_processing.egg-info/SOURCES.txt'
[1.048s] creating path_planning.egg-info
[1.048s] creating drone_control.egg-info
[1.048s] writing path_planning.egg-info/PKG-INFO
[1.048s] writing drone_control.egg-info/PKG-INFO
[1.048s] writing dependency_links to path_planning.egg-info/dependency_links.txt
[1.048s] writing dependency_links to drone_control.egg-info/dependency_links.txt
[1.048s] writing top-level names to path_planning.egg-info/top_level.txt
[1.048s] writing top-level names to drone_control.egg-info/top_level.txt
[1.049s] creating chainsaw_detector2.egg-info
[1.049s] writing manifest file 'path_planning.egg-info/SOURCES.txt'
[1.049s] writing manifest file 'drone_control.egg-info/SOURCES.txt'
[1.049s] writing chainsaw_detector2.egg-info/PKG-INFO
[1.049s] writing dependency_links to chainsaw_detector2.egg-info/dependency_links.txt
[1.049s] writing top-level names to chainsaw_detector2.egg-info/top_level.txt
[1.049s] writing manifest file 'chainsaw_detector2.egg-info/SOURCES.txt'
[1.049s] reading manifest file 'path_planning.egg-info/SOURCES.txt'
[1.050s] reading manifest file 'drone_control.egg-info/SOURCES.txt'
[1.050s] writing manifest file 'path_planning.egg-info/SOURCES.txt'
[1.050s] writing manifest file 'drone_control.egg-info/SOURCES.txt'
[1.050s] reading manifest file 'chainsaw_detector2.egg-info/SOURCES.txt'
[1.051s] writing manifest file 'chainsaw_detector2.egg-info/SOURCES.txt'
[1.070s] Built target ament_cmake_python_build_lidar_processing_egg
[1.071s] Built target ament_cmake_python_build_drone_control_egg
[1.072s] Built target ament_cmake_python_build_path_planning_egg
[1.072s] Built target ament_cmake_python_build_chainsaw_detector2_egg
[1.080s] Invoked command in '/home/talis/RoboticsStudio1/build/41068_ignition_bringup' returned '0': CMAKE_PREFIX_PATH=${CMAKE_PREFIX_PATH}:/opt/ros/humble /usr/bin/cmake --build /home/talis/RoboticsStudio1/build/41068_ignition_bringup -- -j12 -l12
[1.087s] Invoking command in '/home/talis/RoboticsStudio1/build/41068_ignition_bringup': CMAKE_PREFIX_PATH=${CMAKE_PREFIX_PATH}:/opt/ros/humble /usr/bin/cmake --install /home/talis/RoboticsStudio1/build/41068_ignition_bringup
[1.091s] -- Install configuration: ""
[1.092s] -- Installing: /home/talis/RoboticsStudio1/install/41068_ignition_bringup/share/41068_ignition_bringup/environment/pythonpath.sh
[1.092s] -- Installing: /home/talis/RoboticsStudio1/install/41068_ignition_bringup/share/41068_ignition_bringup/environment/pythonpath.dsv
[1.092s] -- Installing: /home/talis/RoboticsStudio1/install/41068_ignition_bringup/local/lib/python3.10/dist-packages/lidar_processing-1.0.3-py3.10.egg-info
[1.092s] -- Installing: /home/talis/RoboticsStudio1/install/41068_ignition_bringup/local/lib/python3.10/dist-packages/lidar_processing-1.0.3-py3.10.egg-info/SOURCES.txt
[1.092s] -- Installing: /home/talis/RoboticsStudio1/install/41068_ignition_bringup/local/lib/python3.10/dist-packages/lidar_processing-1.0.3-py3.10.egg-info/dependency_links.txt
[1.092s] -- Installing: /home/talis/RoboticsStudio1/install/41068_ignition_bringup/local/lib/python3.10/dist-packages/lidar_processing-1.0.3-py3.10.egg-info/PKG-INFO
[1.092s] -- Installing: /home/talis/RoboticsStudio1/install/41068_ignition_bringup/local/lib/python3.10/dist-packages/lidar_processing-1.0.3-py3.10.egg-info/top_level.txt
[1.092s] -- Installing: /home/talis/RoboticsStudio1/install/41068_ignition_bringup/local/lib/python3.10/dist-packages/lidar_processing
[1.092s] -- Installing: /home/talis/RoboticsStudio1/install/41068_ignition_bringup/local/lib/python3.10/dist-packages/lidar_processing/filtered_lidar.py
[1.093s] -- Installing: /home/talis/RoboticsStudio1/install/41068_ignition_bringup/local/lib/python3.10/dist-packages/lidar_processing/__init__.py
[1.093s] -- Installing: /home/talis/RoboticsStudio1/install/41068_ignition_bringup/local/lib/python3.10/dist-packages/lidar_processing/tree_detector.py
[1.093s] -- Installing: /home/talis/RoboticsStudio1/install/41068_ignition_bringup/local/lib/python3.10/dist-packages/lidar_processing/all_lidar_processing.py
[1.117s] Listing '/home/talis/RoboticsStudio1/install/41068_ignition_bringup/local/lib/python3.10/dist-packages/lidar_processing'...
[1.117s] Compiling '/home/talis/RoboticsStudio1/install/41068_ignition_bringup/local/lib/python3.10/dist-packages/lidar_processing/__init__.py'...
[1.118s] Compiling '/home/talis/RoboticsStudio1/install/41068_ignition_bringup/local/lib/python3.10/dist-packages/lidar_processing/all_lidar_processing.py'...
[1.118s] Compiling '/home/talis/RoboticsStudio1/install/41068_ignition_bringup/local/lib/python3.10/dist-packages/lidar_processing/filtered_lidar.py'...
[1.118s] Compiling '/home/talis/RoboticsStudio1/install/41068_ignition_bringup/local/lib/python3.10/dist-packages/lidar_processing/tree_detector.py'...
[1.120s] -- Installing: /home/talis/RoboticsStudio1/install/41068_ignition_bringup/local/lib/python3.10/dist-packages/drone_control-1.0.3-py3.10.egg-info
[1.120s] -- Installing: /home/talis/RoboticsStudio1/install/41068_ignition_bringup/local/lib/python3.10/dist-packages/drone_control-1.0.3-py3.10.egg-info/SOURCES.txt
[1.120s] -- Installing: /home/talis/RoboticsStudio1/install/41068_ignition_bringup/local/lib/python3.10/dist-packages/drone_control-1.0.3-py3.10.egg-info/dependency_links.txt
[1.120s] -- Installing: /home/talis/RoboticsStudio1/install/41068_ignition_bringup/local/lib/python3.10/dist-packages/drone_control-1.0.3-py3.10.egg-info/PKG-INFO
[1.120s] -- Installing: /home/talis/RoboticsStudio1/install/41068_ignition_bringup/local/lib/python3.10/dist-packages/drone_control-1.0.3-py3.10.egg-info/top_level.txt
[1.121s] -- Installing: /home/talis/RoboticsStudio1/install/41068_ignition_bringup/local/lib/python3.10/dist-packages/drone_control
[1.121s] -- Installing: /home/talis/RoboticsStudio1/install/41068_ignition_bringup/local/lib/python3.10/dist-packages/drone_control/dronecontroltest.py
[1.121s] -- Installing: /home/talis/RoboticsStudio1/install/41068_ignition_bringup/local/lib/python3.10/dist-packages/drone_control/odometry_listener.py
[1.121s] -- Installing: /home/talis/RoboticsStudio1/install/41068_ignition_bringup/local/lib/python3.10/dist-packages/drone_control/dronecontrolling.py
[1.121s] -- Installing: /home/talis/RoboticsStudio1/install/41068_ignition_bringup/local/lib/python3.10/dist-packages/drone_control/__init__.py
[1.143s] Listing '/home/talis/RoboticsStudio1/install/41068_ignition_bringup/local/lib/python3.10/dist-packages/drone_control'...
[1.143s] Compiling '/home/talis/RoboticsStudio1/install/41068_ignition_bringup/local/lib/python3.10/dist-packages/drone_control/__init__.py'...
[1.143s] Compiling '/home/talis/RoboticsStudio1/install/41068_ignition_bringup/local/lib/python3.10/dist-packages/drone_control/dronecontrolling.py'...
[1.143s] Compiling '/home/talis/RoboticsStudio1/install/41068_ignition_bringup/local/lib/python3.10/dist-packages/drone_control/dronecontroltest.py'...
[1.143s] Compiling '/home/talis/RoboticsStudio1/install/41068_ignition_bringup/local/lib/python3.10/dist-packages/drone_control/odometry_listener.py'...
[1.145s] -- Installing: /home/talis/RoboticsStudio1/install/41068_ignition_bringup/local/lib/python3.10/dist-packages/path_planning-1.0.3-py3.10.egg-info
[1.146s] -- Installing: /home/talis/RoboticsStudio1/install/41068_ignition_bringup/local/lib/python3.10/dist-packages/path_planning-1.0.3-py3.10.egg-info/SOURCES.txt
[1.146s] -- Installing: /home/talis/RoboticsStudio1/install/41068_ignition_bringup/local/lib/python3.10/dist-packages/path_planning-1.0.3-py3.10.egg-info/dependency_links.txt
[1.146s] -- Installing: /home/talis/RoboticsStudio1/install/41068_ignition_bringup/local/lib/python3.10/dist-packages/path_planning-1.0.3-py3.10.egg-info/PKG-INFO
[1.146s] -- Installing: /home/talis/RoboticsStudio1/install/41068_ignition_bringup/local/lib/python3.10/dist-packages/path_planning-1.0.3-py3.10.egg-info/top_level.txt
[1.146s] -- Installing: /home/talis/RoboticsStudio1/install/41068_ignition_bringup/local/lib/python3.10/dist-packages/path_planning
[1.146s] -- Installing: /home/talis/RoboticsStudio1/install/41068_ignition_bringup/local/lib/python3.10/dist-packages/path_planning/snake_path.py
[1.146s] -- Installing: /home/talis/RoboticsStudio1/install/41068_ignition_bringup/local/lib/python3.10/dist-packages/path_planning/__init__.py
[1.168s] Listing '/home/talis/RoboticsStudio1/install/41068_ignition_bringup/local/lib/python3.10/dist-packages/path_planning'...
[1.168s] Compiling '/home/talis/RoboticsStudio1/install/41068_ignition_bringup/local/lib/python3.10/dist-packages/path_planning/__init__.py'...
[1.168s] Compiling '/home/talis/RoboticsStudio1/install/41068_ignition_bringup/local/lib/python3.10/dist-packages/path_planning/snake_path.py'...
[1.171s] -- Installing: /home/talis/RoboticsStudio1/install/41068_ignition_bringup/local/lib/python3.10/dist-packages/chainsaw_detector2-1.0.3-py3.10.egg-info
[1.171s] -- Installing: /home/talis/RoboticsStudio1/install/41068_ignition_bringup/local/lib/python3.10/dist-packages/chainsaw_detector2-1.0.3-py3.10.egg-info/SOURCES.txt
[1.171s] -- Installing: /home/talis/RoboticsStudio1/install/41068_ignition_bringup/local/lib/python3.10/dist-packages/chainsaw_detector2-1.0.3-py3.10.egg-info/dependency_links.txt
[1.171s] -- Installing: /home/talis/RoboticsStudio1/install/41068_ignition_bringup/local/lib/python3.10/dist-packages/chainsaw_detector2-1.0.3-py3.10.egg-info/PKG-INFO
[1.171s] -- Installing: /home/talis/RoboticsStudio1/install/41068_ignition_bringup/local/lib/python3.10/dist-packages/chainsaw_detector2-1.0.3-py3.10.egg-info/top_level.txt
[1.171s] -- Installing: /home/talis/RoboticsStudio1/install/41068_ignition_bringup/local/lib/python3.10/dist-packages/chainsaw_detector2
[1.171s] -- Installing: /home/talis/RoboticsStudio1/install/41068_ignition_bringup/local/lib/python3.10/dist-packages/chainsaw_detector2/test_audio_publisher.py
[1.171s] -- Installing: /home/talis/RoboticsStudio1/install/41068_ignition_bringup/local/lib/python3.10/dist-packages/chainsaw_detector2/chainsaw_detector_node.py
[1.171s] -- Installing: /home/talis/RoboticsStudio1/install/41068_ignition_bringup/local/lib/python3.10/dist-packages/chainsaw_detector2/__init__.py
[1.171s] -- Installing: /home/talis/RoboticsStudio1/install/41068_ignition_bringup/local/lib/python3.10/dist-packages/chainsaw_detector2/README.md
[1.194s] Listing '/home/talis/RoboticsStudio1/install/41068_ignition_bringup/local/lib/python3.10/dist-packages/chainsaw_detector2'...
[1.194s] Compiling '/home/talis/RoboticsStudio1/install/41068_ignition_bringup/local/lib/python3.10/dist-packages/chainsaw_detector2/__init__.py'...
[1.194s] Compiling '/home/talis/RoboticsStudio1/install/41068_ignition_bringup/local/lib/python3.10/dist-packages/chainsaw_detector2/chainsaw_detector_node.py'...
[1.195s] Compiling '/home/talis/RoboticsStudio1/install/41068_ignition_bringup/local/lib/python3.10/dist-packages/chainsaw_detector2/test_audio_publisher.py'...
[1.197s] -- Installing: /home/talis/RoboticsStudio1/install/41068_ignition_bringup/lib/41068_ignition_bringup/filtered_lidar.py
[1.197s] -- Installing: /home/talis/RoboticsStudio1/install/41068_ignition_bringup/lib/41068_ignition_bringup/tree_detector.py
[1.197s] -- Installing: /home/talis/RoboticsStudio1/install/41068_ignition_bringup/lib/41068_ignition_bringup/all_lidar_processing.py
[1.197s] -- Installing: /home/talis/RoboticsStudio1/install/41068_ignition_bringup/lib/41068_ignition_bringup/gui_panel.py
[1.197s] -- Installing: /home/talis/RoboticsStudio1/install/41068_ignition_bringup/lib/41068_ignition_bringup/odometry_listener.py
[1.197s] -- Installing: /home/talis/RoboticsStudio1/install/41068_ignition_bringup/lib/41068_ignition_bringup/dronecontrolling.py
[1.197s] -- Installing: /home/talis/RoboticsStudio1/install/41068_ignition_bringup/lib/41068_ignition_bringup/chainsaw_detector_node.py
[1.198s] -- Installing: /home/talis/RoboticsStudio1/install/41068_ignition_bringup/lib/41068_ignition_bringup/test_audio_publisher.py
[1.198s] -- Installing: /home/talis/RoboticsStudio1/install/41068_ignition_bringup/lib/41068_ignition_bringup/main.py
[1.198s] -- Installing: /home/talis/RoboticsStudio1/install/41068_ignition_bringup/share/41068_ignition_bringup/config
[1.198s] -- Installing: /home/talis/RoboticsStudio1/install/41068_ignition_bringup/share/41068_ignition_bringup/config/robot_localization.yaml
[1.198s] -- Installing: /home/talis/RoboticsStudio1/install/41068_ignition_bringup/share/41068_ignition_bringup/config/41068.rviz
[1.198s] -- Installing: /home/talis/RoboticsStudio1/install/41068_ignition_bringup/share/41068_ignition_bringup/config/nav2_params.yaml
[1.198s] -- Installing: /home/talis/RoboticsStudio1/install/41068_ignition_bringup/share/41068_ignition_bringup/config/gazebo_bridge.yaml
[1.198s] -- Installing: /home/talis/RoboticsStudio1/install/41068_ignition_bringup/share/41068_ignition_bringup/config/slam_params.yaml
[1.198s] -- Installing: /home/talis/RoboticsStudio1/install/41068_ignition_bringup/share/41068_ignition_bringup/launch
[1.198s] -- Installing: /home/talis/RoboticsStudio1/install/41068_ignition_bringup/share/41068_ignition_bringup/launch/41068_ignition_drone.launch.py
[1.198s] -- Installing: /home/talis/RoboticsStudio1/install/41068_ignition_bringup/share/41068_ignition_bringup/launch/chainsaw_audio.launch.py
[1.199s] -- Installing: /home/talis/RoboticsStudio1/install/41068_ignition_bringup/share/41068_ignition_bringup/launch/41068_navigation.launch.py
[1.199s] -- Installing: /home/talis/RoboticsStudio1/install/41068_ignition_bringup/share/41068_ignition_bringup/launch/41068_ignition.launch.py
[1.199s] -- Installing: /home/talis/RoboticsStudio1/install/41068_ignition_bringup/share/41068_ignition_bringup/models
[1.199s] -- Installing: /home/talis/RoboticsStudio1/install/41068_ignition_bringup/share/41068_ignition_bringup/models/grass_plane
[1.199s] -- Installing: /home/talis/RoboticsStudio1/install/41068_ignition_bringup/share/41068_ignition_bringup/models/grass_plane/materials
[1.199s] -- Installing: /home/talis/RoboticsStudio1/install/41068_ignition_bringup/share/41068_ignition_bringup/models/grass_plane/materials/textures
[1.199s] -- Installing: /home/talis/RoboticsStudio1/install/41068_ignition_bringup/share/41068_ignition_bringup/models/grass_plane/materials/textures/empty_grass.png
[1.202s] -- Installing: /home/talis/RoboticsStudio1/install/41068_ignition_bringup/share/41068_ignition_bringup/models/grass_plane/model.config
[1.202s] -- Installing: /home/talis/RoboticsStudio1/install/41068_ignition_bringup/share/41068_ignition_bringup/models/grass_plane/model.sdf
[1.202s] -- Installing: /home/talis/RoboticsStudio1/install/41068_ignition_bringup/share/41068_ignition_bringup/models/forest_wall
[1.202s] -- Installing: /home/talis/RoboticsStudio1/install/41068_ignition_bringup/share/41068_ignition_bringup/models/forest_wall/materials
[1.202s] -- Installing: /home/talis/RoboticsStudio1/install/41068_ignition_bringup/share/41068_ignition_bringup/models/forest_wall/materials/textures
[1.202s] -- Installing: /home/talis/RoboticsStudio1/install/41068_ignition_bringup/share/41068_ignition_bringup/models/forest_wall/materials/textures/forest_wall_transparent_small.png
[1.202s] -- Installing: /home/talis/RoboticsStudio1/install/41068_ignition_bringup/share/41068_ignition_bringup/models/forest_wall/materials/textures/forest_wall.png
[1.204s] -- Installing: /home/talis/RoboticsStudio1/install/41068_ignition_bringup/share/41068_ignition_bringup/models/forest_wall/materials/textures/forest_wall_transparent.png
[1.206s] -- Installing: /home/talis/RoboticsStudio1/install/41068_ignition_bringup/share/41068_ignition_bringup/models/forest_wall/model.config
[1.206s] -- Installing: /home/talis/RoboticsStudio1/install/41068_ignition_bringup/share/41068_ignition_bringup/models/forest_wall/model.sdf
[1.206s] -- Installing: /home/talis/RoboticsStudio1/install/41068_ignition_bringup/share/41068_ignition_bringup/models/walking_person
[1.206s] -- Installing: /home/talis/RoboticsStudio1/install/41068_ignition_bringup/share/41068_ignition_bringup/models/walking_person/materials
[1.206s] -- Installing: /home/talis/RoboticsStudio1/install/41068_ignition_bringup/share/41068_ignition_bringup/models/walking_person/materials/textures
[1.206s] -- Installing: /home/talis/RoboticsStudio1/install/41068_ignition_bringup/share/41068_ignition_bringup/models/walking_person/materials/textures/male02_diffuse_black-unmodified.png
[1.210s] -- Installing: /home/talis/RoboticsStudio1/install/41068_ignition_bringup/share/41068_ignition_bringup/models/walking_person/materials/textures/young_lightskinned_male_diffuse.png
[1.214s] -- Installing: /home/talis/RoboticsStudio1/install/41068_ignition_bringup/share/41068_ignition_bringup/models/walking_person/materials/textures/jeans_basic_diffuse.png
[1.218s] -- Installing: /home/talis/RoboticsStudio1/install/41068_ignition_bringup/share/41068_ignition_bringup/models/walking_person/materials/textures/tshirt02_texture.png
[1.219s] -- Installing: /home/talis/RoboticsStudio1/install/41068_ignition_bringup/share/41068_ignition_bringup/models/walking_person/materials/textures/male02_diffuse_black.png
[1.222s] -- Installing: /home/talis/RoboticsStudio1/install/41068_ignition_bringup/share/41068_ignition_bringup/models/walking_person/materials/textures/green_eye.png
[1.223s] -- Installing: /home/talis/RoboticsStudio1/install/41068_ignition_bringup/share/41068_ignition_bringup/models/walking_person/materials/textures/jeans01_normals.png
[1.227s] -- Installing: /home/talis/RoboticsStudio1/install/41068_ignition_bringup/share/41068_ignition_bringup/models/walking_person/materials/textures/tshirt02_normals.png
[1.227s] -- Installing: /home/talis/RoboticsStudio1/install/41068_ignition_bringup/share/41068_ignition_bringup/models/walking_person/materials/textures/eyebrow001.png
[1.227s] -- Installing: /home/talis/RoboticsStudio1/install/41068_ignition_bringup/share/41068_ignition_bringup/models/walking_person/materials/textures/teeth.png
[1.229s] -- Installing: /home/talis/RoboticsStudio1/install/41068_ignition_bringup/share/41068_ignition_bringup/models/walking_person/materials/textures/eyebrow001-unmodified.png
[1.229s] -- Installing: /home/talis/RoboticsStudio1/install/41068_ignition_bringup/share/41068_ignition_bringup/models/walking_person/thumbnails
[1.229s] -- Installing: /home/talis/RoboticsStudio1/install/41068_ignition_bringup/share/41068_ignition_bringup/models/walking_person/thumbnails/2.png
[1.229s] -- Installing: /home/talis/RoboticsStudio1/install/41068_ignition_bringup/share/41068_ignition_bringup/models/walking_person/thumbnails/3.png
[1.229s] -- Installing: /home/talis/RoboticsStudio1/install/41068_ignition_bringup/share/41068_ignition_bringup/models/walking_person/thumbnails/1.png
[1.229s] -- Installing: /home/talis/RoboticsStudio1/install/41068_ignition_bringup/share/41068_ignition_bringup/models/walking_person/thumbnails/4.png
[1.230s] -- Installing: /home/talis/RoboticsStudio1/install/41068_ignition_bringup/share/41068_ignition_bringup/models/walking_person/thumbnails/5.png
[1.230s] -- Installing: /home/talis/RoboticsStudio1/install/41068_ignition_bringup/share/41068_ignition_bringup/models/walking_person/model.config
[1.230s] -- Installing: /home/talis/RoboticsStudio1/install/41068_ignition_bringup/share/41068_ignition_bringup/models/walking_person/meshes
[1.230s] -- Installing: /home/talis/RoboticsStudio1/install/41068_ignition_bringup/share/41068_ignition_bringup/models/walking_person/meshes/walking.dae
[1.234s] -- Installing: /home/talis/RoboticsStudio1/install/41068_ignition_bringup/share/41068_ignition_bringup/models/walking_person/model.sdf
[1.234s] -- Installing: /home/talis/RoboticsStudio1/install/41068_ignition_bringup/share/41068_ignition_bringup/models/forest_plane
[1.234s] -- Installing: /home/talis/RoboticsStudio1/install/41068_ignition_bringup/share/41068_ignition_bringup/models/forest_plane/materials
[1.234s] -- Installing: /home/talis/RoboticsStudio1/install/41068_ignition_bringup/share/41068_ignition_bringup/models/forest_plane/materials/textures
[1.234s] -- Installing: /home/talis/RoboticsStudio1/install/41068_ignition_bringup/share/41068_ignition_bringup/models/forest_plane/materials/textures/forest_overhead.png
[1.236s] -- Installing: /home/talis/RoboticsStudio1/install/41068_ignition_bringup/share/41068_ignition_bringup/models/forest_plane/materials/textures/empty_grass.png
[1.239s] -- Installing: /home/talis/RoboticsStudio1/install/41068_ignition_bringup/share/41068_ignition_bringup/models/forest_plane/materials/textures/leaf_litter.png
[1.241s] -- Installing: /home/talis/RoboticsStudio1/install/41068_ignition_bringup/share/41068_ignition_bringup/models/forest_plane/model.config
[1.241s] -- Installing: /home/talis/RoboticsStudio1/install/41068_ignition_bringup/share/41068_ignition_bringup/models/forest_plane/model.sdf
[1.241s] -- Installing: /home/talis/RoboticsStudio1/install/41068_ignition_bringup/share/41068_ignition_bringup/models/rock1
[1.241s] -- Installing: /home/talis/RoboticsStudio1/install/41068_ignition_bringup/share/41068_ignition_bringup/models/rock1/materials
[1.241s] -- Installing: /home/talis/RoboticsStudio1/install/41068_ignition_bringup/share/41068_ignition_bringup/models/rock1/materials/scripts
[1.241s] -- Installing: /home/talis/RoboticsStudio1/install/41068_ignition_bringup/share/41068_ignition_bringup/models/rock1/materials/scripts/model.material
[1.241s] -- Installing: /home/talis/RoboticsStudio1/install/41068_ignition_bringup/share/41068_ignition_bringup/models/rock1/materials/textures
[1.241s] -- Installing: /home/talis/RoboticsStudio1/install/41068_ignition_bringup/share/41068_ignition_bringup/models/rock1/materials/textures/FallingRocks_Roughness.jpg
[1.242s] -- Installing: /home/talis/RoboticsStudio1/install/41068_ignition_bringup/share/41068_ignition_bringup/models/rock1/materials/textures/FallingRocks_Albedo.jpg
[1.244s] -- Installing: /home/talis/RoboticsStudio1/install/41068_ignition_bringup/share/41068_ignition_bringup/models/rock1/materials/textures/FallingRocks_Normal.jpg
[1.245s] -- Installing: /home/talis/RoboticsStudio1/install/41068_ignition_bringup/share/41068_ignition_bringup/models/rock1/thumbnails
[1.245s] -- Installing: /home/talis/RoboticsStudio1/install/41068_ignition_bringup/share/41068_ignition_bringup/models/rock1/thumbnails/2.jpg
[1.246s] -- Installing: /home/talis/RoboticsStudio1/install/41068_ignition_bringup/share/41068_ignition_bringup/models/rock1/thumbnails/3.jpg
[1.246s] -- Installing: /home/talis/RoboticsStudio1/install/41068_ignition_bringup/share/41068_ignition_bringup/models/rock1/thumbnails/4.jpg
[1.246s] -- Installing: /home/talis/RoboticsStudio1/install/41068_ignition_bringup/share/41068_ignition_bringup/models/rock1/thumbnails/5.jpg
[1.246s] -- Installing: /home/talis/RoboticsStudio1/install/41068_ignition_bringup/share/41068_ignition_bringup/models/rock1/thumbnails/1.jpg
[1.246s] -- Installing: /home/talis/RoboticsStudio1/install/41068_ignition_bringup/share/41068_ignition_bringup/models/rock1/model.config
[1.246s] -- Installing: /home/talis/RoboticsStudio1/install/41068_ignition_bringup/share/41068_ignition_bringup/models/rock1/meshes
[1.246s] -- Installing: /home/talis/RoboticsStudio1/install/41068_ignition_bringup/share/41068_ignition_bringup/models/rock1/meshes/FallingRock01.dae
[1.246s] -- Installing: /home/talis/RoboticsStudio1/install/41068_ignition_bringup/share/41068_ignition_bringup/models/rock1/meshes/FallingRock01_Collider.dae
[1.247s] -- Installing: /home/talis/RoboticsStudio1/install/41068_ignition_bringup/share/41068_ignition_bringup/models/rock1/model.sdf
[1.247s] -- Installing: /home/talis/RoboticsStudio1/install/41068_ignition_bringup/share/41068_ignition_bringup/models/tree_stump
[1.247s] -- Installing: /home/talis/RoboticsStudio1/install/41068_ignition_bringup/share/41068_ignition_bringup/models/tree_stump/materials
[1.247s] -- Installing: /home/talis/RoboticsStudio1/install/41068_ignition_bringup/share/41068_ignition_bringup/models/tree_stump/materials/scripts
[1.247s] -- Installing: /home/talis/RoboticsStudio1/install/41068_ignition_bringup/share/41068_ignition_bringup/models/tree_stump/materials/scripts/tree.material
[1.247s] -- Installing: /home/talis/RoboticsStudio1/install/41068_ignition_bringup/share/41068_ignition_bringup/models/tree_stump/materials/.DS_Store
[1.247s] -- Installing: /home/talis/RoboticsStudio1/install/41068_ignition_bringup/share/41068_ignition_bringup/models/tree_stump/materials/textures
[1.247s] -- Installing: /home/talis/RoboticsStudio1/install/41068_ignition_bringup/share/41068_ignition_bringup/models/tree_stump/materials/textures/TreeStump024_BUMP_4K_METALNESS.png
[1.252s] -- Installing: /home/talis/RoboticsStudio1/install/41068_ignition_bringup/share/41068_ignition_bringup/models/tree_stump/materials/textures/TreeStump024_DISP_4K_METALNESS.png
[1.255s] -- Installing: /home/talis/RoboticsStudio1/install/41068_ignition_bringup/share/41068_ignition_bringup/models/tree_stump/materials/textures/TreeStump024_ROUGHNESS_4K_METALNESS.png
[1.261s] -- Installing: /home/talis/RoboticsStudio1/install/41068_ignition_bringup/share/41068_ignition_bringup/models/tree_stump/materials/textures/TreeStump024_Preview1.png
[1.267s] -- Installing: /home/talis/RoboticsStudio1/install/41068_ignition_bringup/share/41068_ignition_bringup/models/tree_stump/materials/textures/TreeStump024_AO_4K_METALNESS.png
[1.276s] -- Installing: /home/talis/RoboticsStudio1/install/41068_ignition_bringup/share/41068_ignition_bringup/models/tree_stump/materials/textures/.DS_Store
[1.276s] -- Installing: /home/talis/RoboticsStudio1/install/41068_ignition_bringup/share/41068_ignition_bringup/models/tree_stump/materials/textures/TreeStump024_METALNESS_4K_METALNESS.png
[1.281s] -- Installing: /home/talis/RoboticsStudio1/install/41068_ignition_bringup/share/41068_ignition_bringup/models/tree_stump/TreeStump024_Blender_Cycles.mtl
[1.282s] -- Installing: /home/talis/RoboticsStudio1/install/41068_ignition_bringup/share/41068_ignition_bringup/models/tree_stump/model.config
[1.282s] -- Installing: /home/talis/RoboticsStudio1/install/41068_ignition_bringup/share/41068_ignition_bringup/models/tree_stump/meshes
[1.282s] -- Installing: /home/talis/RoboticsStudio1/install/41068_ignition_bringup/share/41068_ignition_bringup/models/tree_stump/meshes/TreeStump.obj
[1.286s] -- Installing: /home/talis/RoboticsStudio1/install/41068_ignition_bringup/share/41068_ignition_bringup/models/tree_stump/model.sdf
[1.286s] -- Installing: /home/talis/RoboticsStudio1/install/41068_ignition_bringup/share/41068_ignition_bringup/models/tree_stump/.DS_Store
[1.286s] -- Installing: /home/talis/RoboticsStudio1/install/41068_ignition_bringup/share/41068_ignition_bringup/models/tree_stump/TreeStump024_Blender_Cycles.blend
[1.292s] -- Installing: /home/talis/RoboticsStudio1/install/41068_ignition_bringup/share/41068_ignition_bringup/urdf
[1.292s] -- Installing: /home/talis/RoboticsStudio1/install/41068_ignition_bringup/share/41068_ignition_bringup/urdf/husky.gazebo.xacro
[1.292s] -- Installing: /home/talis/RoboticsStudio1/install/41068_ignition_bringup/share/41068_ignition_bringup/urdf/common_properties.urdf.xacro
[1.292s] -- Installing: /home/talis/RoboticsStudio1/install/41068_ignition_bringup/share/41068_ignition_bringup/urdf/husky.urdf.xacro
[1.292s] -- Installing: /home/talis/RoboticsStudio1/install/41068_ignition_bringup/share/41068_ignition_bringup/urdf/meshes
[1.292s] -- Installing: /home/talis/RoboticsStudio1/install/41068_ignition_bringup/share/41068_ignition_bringup/urdf/meshes/top_chassis.dae
[1.293s] -- Installing: /home/talis/RoboticsStudio1/install/41068_ignition_bringup/share/41068_ignition_bringup/urdf/meshes/jpl04_arch_nosensor.stl
[1.294s] -- Installing: /home/talis/RoboticsStudio1/install/41068_ignition_bringup/share/41068_ignition_bringup/urdf/meshes/bumper.dae
[1.294s] -- Installing: /home/talis/RoboticsStudio1/install/41068_ignition_bringup/share/41068_ignition_bringup/urdf/meshes/top_plate.dae
[1.294s] -- Installing: /home/talis/RoboticsStudio1/install/41068_ignition_bringup/share/41068_ignition_bringup/urdf/meshes/wheel.dae
[1.296s] -- Installing: /home/talis/RoboticsStudio1/install/41068_ignition_bringup/share/41068_ignition_bringup/urdf/meshes/base_link.dae
[1.296s] -- Installing: /home/talis/RoboticsStudio1/install/41068_ignition_bringup/share/41068_ignition_bringup/urdf/wheel.urdf.xacro
[1.296s] -- Installing: /home/talis/RoboticsStudio1/install/41068_ignition_bringup/share/41068_ignition_bringup/worlds
[1.296s] -- Installing: /home/talis/RoboticsStudio1/install/41068_ignition_bringup/share/41068_ignition_bringup/worlds/simple_trees_copy.sdf
[1.296s] -- Installing: /home/talis/RoboticsStudio1/install/41068_ignition_bringup/share/41068_ignition_bringup/worlds/large_demo.sdf
[1.297s] -- Installing: /home/talis/RoboticsStudio1/install/41068_ignition_bringup/share/41068_ignition_bringup/worlds/simple_trees.sdf
[1.297s] -- Installing: /home/talis/RoboticsStudio1/install/41068_ignition_bringup/share/41068_ignition_bringup/urdf_drone
[1.297s] -- Installing: /home/talis/RoboticsStudio1/install/41068_ignition_bringup/share/41068_ignition_bringup/urdf_drone/parrot.gazebo.xacro
[1.297s] -- Installing: /home/talis/RoboticsStudio1/install/41068_ignition_bringup/share/41068_ignition_bringup/urdf_drone/thumbnails
[1.297s] -- Installing: /home/talis/RoboticsStudio1/install/41068_ignition_bringup/share/41068_ignition_bringup/urdf_drone/thumbnails/2.png
[1.297s] -- Installing: /home/talis/RoboticsStudio1/install/41068_ignition_bringup/share/41068_ignition_bringup/urdf_drone/thumbnails/3.png
[1.297s] -- Installing: /home/talis/RoboticsStudio1/install/41068_ignition_bringup/share/41068_ignition_bringup/urdf_drone/thumbnails/1.png
[1.297s] -- Installing: /home/talis/RoboticsStudio1/install/41068_ignition_bringup/share/41068_ignition_bringup/urdf_drone/thumbnails/4.png
[1.297s] -- Installing: /home/talis/RoboticsStudio1/install/41068_ignition_bringup/share/41068_ignition_bringup/urdf_drone/thumbnails/5.png
[1.297s] -- Installing: /home/talis/RoboticsStudio1/install/41068_ignition_bringup/share/41068_ignition_bringup/urdf_drone/common_properties.urdf.xacro
[1.297s] -- Installing: /home/talis/RoboticsStudio1/install/41068_ignition_bringup/share/41068_ignition_bringup/urdf_drone/model.config
[1.298s] -- Installing: /home/talis/RoboticsStudio1/install/41068_ignition_bringup/share/41068_ignition_bringup/urdf_drone/meshes
[1.298s] -- Installing: /home/talis/RoboticsStudio1/install/41068_ignition_bringup/share/41068_ignition_bringup/urdf_drone/meshes/hull.dae
[1.300s] -- Installing: /home/talis/RoboticsStudio1/install/41068_ignition_bringup/share/41068_ignition_bringup/urdf_drone/meshes/propeller_fr.dae
[1.300s] -- Installing: /home/talis/RoboticsStudio1/install/41068_ignition_bringup/share/41068_ignition_bringup/urdf_drone/meshes/propeller_rr.dae
[1.300s] -- Installing: /home/talis/RoboticsStudio1/install/41068_ignition_bringup/share/41068_ignition_bringup/urdf_drone/meshes/propeller_fl.dae
[1.300s] -- Installing: /home/talis/RoboticsStudio1/install/41068_ignition_bringup/share/41068_ignition_bringup/urdf_drone/meshes/propeller_rl.dae
[1.301s] -- Installing: /home/talis/RoboticsStudio1/install/41068_ignition_bringup/share/41068_ignition_bringup/urdf_drone/model.sdf
[1.301s] -- Installing: /home/talis/RoboticsStudio1/install/41068_ignition_bringup/share/41068_ignition_bringup/urdf_drone/parrot.urdf.xacro
[1.301s] -- Installing: /home/talis/RoboticsStudio1/install/41068_ignition_bringup/share/ament_index/resource_index/package_run_dependencies/41068_ignition_bringup
[1.301s] -- Installing: /home/talis/RoboticsStudio1/install/41068_ignition_bringup/share/ament_index/resource_index/parent_prefix_path/41068_ignition_bringup
[1.301s] -- Installing: /home/talis/RoboticsStudio1/install/41068_ignition_bringup/share/41068_ignition_bringup/environment/ament_prefix_path.sh
[1.301s] -- Installing: /home/talis/RoboticsStudio1/install/41068_ignition_bringup/share/41068_ignition_bringup/environment/ament_prefix_path.dsv
[1.301s] -- Installing: /home/talis/RoboticsStudio1/install/41068_ignition_bringup/share/41068_ignition_bringup/environment/path.sh
[1.302s] -- Installing: /home/talis/RoboticsStudio1/install/41068_ignition_bringup/share/41068_ignition_bringup/environment/path.dsv
[1.302s] -- Installing: /home/talis/RoboticsStudio1/install/41068_ignition_bringup/share/41068_ignition_bringup/local_setup.bash
[1.302s] -- Installing: /home/talis/RoboticsStudio1/install/41068_ignition_bringup/share/41068_ignition_bringup/local_setup.sh
[1.302s] -- Installing: /home/talis/RoboticsStudio1/install/41068_ignition_bringup/share/41068_ignition_bringup/local_setup.zsh
[1.302s] -- Installing: /home/talis/RoboticsStudio1/install/41068_ignition_bringup/share/41068_ignition_bringup/local_setup.dsv
[1.302s] -- Installing: /home/talis/RoboticsStudio1/install/41068_ignition_bringup/share/41068_ignition_bringup/package.dsv
[1.302s] -- Installing: /home/talis/RoboticsStudio1/install/41068_ignition_bringup/share/ament_index/resource_index/packages/41068_ignition_bringup
[1.302s] -- Installing: /home/talis/RoboticsStudio1/install/41068_ignition_bringup/share/41068_ignition_bringup/cmake/41068_ignition_bringupConfig.cmake
[1.302s] -- Installing: /home/talis/RoboticsStudio1/install/41068_ignition_bringup/share/41068_ignition_bringup/cmake/41068_ignition_bringupConfig-version.cmake
[1.303s] -- Installing: /home/talis/RoboticsStudio1/install/41068_ignition_bringup/share/41068_ignition_bringup/package.xml
[1.304s] Invoked command in '/home/talis/RoboticsStudio1/build/41068_ignition_bringup' returned '0': CMAKE_PREFIX_PATH=${CMAKE_PREFIX_PATH}:/opt/ros/humble /usr/bin/cmake --install /home/talis/RoboticsStudio1/build/41068_ignition_bringup
