[0.060s] Invoking command in '/home/student/RoboticsStudio1/build/41068_ignition_bringup': CMAKE_PREFIX_PATH=/opt/ros/humble /usr/bin/cmake /home/student/RoboticsStudio1/src/41068_ignition_bringup -DCMAKE_INSTALL_PREFIX=/home/student/RoboticsStudio1/install/41068_ignition_bringup
[0.108s] -- Found ament_cmake: 1.3.12 (/opt/ros/humble/share/ament_cmake/cmake)
[0.479s] -- Override CMake install command with custom implementation using symlinks instead of copying resources
[0.750s] -- Found ros_ign_interfaces: 0.244.20 (/opt/ros/humble/share/ros_ign_interfaces/cmake)
[1.017s] -- Found rosidl_generator_c: 3.1.7 (/opt/ros/humble/share/rosidl_generator_c/cmake)
[1.050s] -- Found rosidl_adapter: 3.1.7 (/opt/ros/humble/share/rosidl_adapter/cmake)
[1.122s] -- Found rosidl_generator_cpp: 3.1.7 (/opt/ros/humble/share/rosidl_generator_cpp/cmake)
[1.236s] -- Using all available rosidl_typesupport_c: rosidl_typesupport_fastrtps_c;rosidl_typesupport_introspection_c
[1.337s] -- Using all available rosidl_typesupport_cpp: rosidl_typesupport_fastrtps_cpp;rosidl_typesupport_introspection_cpp
[1.977s] WARNING: Package name "41068_ignition_bringup" does not follow the naming conventions. It should start with a lower case letter and only contain lower case letters, digits, underscores, and dashes.
[1.998s] -- Found ament_lint_auto: 0.12.14 (/opt/ros/humble/share/ament_lint_auto/cmake)
[2.066s] WARNING: Package name "41068_ignition_bringup" does not follow the naming conventions. It should start with a lower case letter and only contain lower case letters, digits, underscores, and dashes.
[2.266s] -- Added test 'copyright' to check source files copyright and LICENSE
[2.285s] -- Added test 'flake8' to check Python code syntax and style conventions
[2.289s] -- Added test 'lint_cmake' to check CMake code style
[2.293s] -- Added test 'pep257' to check Python code against some of the docstring style conventions in PEP 257
[2.304s] -- Added test 'xmllint' to check XML markup files
[2.313s] -- Configuring done
[2.370s] -- Generating done
[2.373s] -- Build files have been written to: /home/student/RoboticsStudio1/build/41068_ignition_bringup
[2.380s] Invoked command in '/home/student/RoboticsStudio1/build/41068_ignition_bringup' returned '0': CMAKE_PREFIX_PATH=/opt/ros/humble /usr/bin/cmake /home/student/RoboticsStudio1/src/41068_ignition_bringup -DCMAKE_INSTALL_PREFIX=/home/student/RoboticsStudio1/install/41068_ignition_bringup
[2.383s] Invoking command in '/home/student/RoboticsStudio1/build/41068_ignition_bringup': CMAKE_PREFIX_PATH=/opt/ros/humble /usr/bin/cmake --build /home/student/RoboticsStudio1/build/41068_ignition_bringup -- -j8 -l8
[2.419s] CMakeFiles/ament_cmake_python_symlink_lidar_processing.dir/compiler_depend.make:3: *** empty variable name.  Stop.
[2.420s] gmake[1]: *** [CMakeFiles/Makefile2:137: CMakeFiles/ament_cmake_python_symlink_lidar_processing.dir/all] Error 2
[2.420s] gmake: *** [Makefile:146: all] Error 2
[2.424s] Invoked command in '/home/student/RoboticsStudio1/build/41068_ignition_bringup' returned '2': CMAKE_PREFIX_PATH=/opt/ros/humble /usr/bin/cmake --build /home/student/RoboticsStudio1/build/41068_ignition_bringup -- -j8 -l8
